[  0%] [0mBuilt target rosgraph_msgs_generate_messages_py[0m
[  0%] [0mBuilt target roscpp_generate_messages_cpp[0m
[ 25%] [0mBuilt target rosserial_server_lookup[0m
[ 25%] [0mBuilt target roscpp_generate_messages_lisp[0m
[ 25%] [0mBuilt target roscpp_generate_messages_eus[0m
[ 25%] [0mBuilt target roscpp_generate_messages_nodejs[0m
[ 25%] [0mBuilt target roscpp_generate_messages_py[0m
[ 25%] [0mBuilt target std_msgs_generate_messages_cpp[0m
[ 25%] [0mBuilt target topic_tools_generate_messages_py[0m
[ 25%] [0mBuilt target std_msgs_generate_messages_lisp[0m
[ 25%] [0mBuilt target std_msgs_generate_messages_eus[0m
[ 25%] [0mBuilt target std_msgs_generate_messages_nodejs[0m
[ 25%] [0mBuilt target rosserial_msgs_generate_messages_cpp[0m
[ 25%] [0mBuilt target rosserial_msgs_generate_messages_eus[0m
[ 25%] [0mBuilt target std_msgs_generate_messages_py[0m
[ 25%] [0mBuilt target rosserial_msgs_generate_messages_nodejs[0m
[ 25%] [0mBuilt target rosserial_msgs_generate_messages_lisp[0m
[ 25%] [0mBuilt target rosserial_msgs_generate_messages_py[0m
[ 25%] [0mBuilt target topic_tools_generate_messages_eus[0m
[ 25%] [0mBuilt target topic_tools_generate_messages_cpp[0m
[ 25%] [0mBuilt target topic_tools_generate_messages_lisp[0m
[ 25%] [0mBuilt target topic_tools_generate_messages_nodejs[0m
[ 25%] [0mBuilt target rosgraph_msgs_generate_messages_cpp[0m
[ 25%] [0mBuilt target rosgraph_msgs_generate_messages_eus[0m
[ 25%] [0mBuilt target rosgraph_msgs_generate_messages_nodejs[0m
[ 25%] [0mBuilt target rosgraph_msgs_generate_messages_lisp[0m
[ 50%] [0mBuilt target rosserial_server_udp_socket_node[0m
[ 75%] [0mBuilt target rosserial_server_serial_node[0m
[100%] [0mBuilt target rosserial_server_socket_node[0m
