[ 25%] [0mBuilt target lslidar_input[0m
[ 50%] [0mBuilt target lslidar_serial[0m
[ 50%] [0mBuilt target roscpp_generate_messages_lisp[0m
[ 50%] [0mBuilt target roscpp_generate_messages_nodejs[0m
[ 50%] [0mBuilt target sensor_msgs_generate_messages_lisp[0m
[ 50%] [0mBuilt target sensor_msgs_generate_messages_nodejs[0m
[ 50%] [0mBuilt target sensor_msgs_generate_messages_py[0m
[ 50%] [0mBuilt target geometry_msgs_generate_messages_cpp[0m
[ 50%] [0mBuilt target geometry_msgs_generate_messages_eus[0m
[ 50%] [0mBuilt target geometry_msgs_generate_messages_lisp[0m
[ 50%] [0mBuilt target geometry_msgs_generate_messages_nodejs[0m
[ 50%] [0mBuilt target geometry_msgs_generate_messages_py[0m
[ 50%] [0mBuilt target diagnostic_msgs_generate_messages_cpp[0m
[ 50%] [0mBuilt target rosgraph_msgs_generate_messages_lisp[0m
[ 50%] [0mBuilt target diagnostic_msgs_generate_messages_eus[0m
[ 50%] [0mBuilt target rosgraph_msgs_generate_messages_py[0m
[ 50%] [0mBuilt target rosgraph_msgs_generate_messages_nodejs[0m
[ 50%] [0mBuilt target std_msgs_generate_messages_cpp[0m
[ 50%] [0mBuilt target roscpp_generate_messages_cpp[0m
[ 50%] [0mBuilt target roscpp_generate_messages_eus[0m
[ 50%] [0mBuilt target roscpp_generate_messages_py[0m
[ 50%] [0mBuilt target rosgraph_msgs_generate_messages_cpp[0m
[ 50%] [0mBuilt target rosgraph_msgs_generate_messages_eus[0m
[ 50%] [0mBuilt target std_msgs_generate_messages_eus[0m
[ 50%] [0mBuilt target std_msgs_generate_messages_lisp[0m
[ 50%] [0mBuilt target std_msgs_generate_messages_nodejs[0m
[ 50%] [0mBuilt target std_msgs_generate_messages_py[0m
[ 50%] [0mBuilt target sensor_msgs_generate_messages_cpp[0m
[ 50%] [0mBuilt target diagnostic_msgs_generate_messages_lisp[0m
[ 50%] [0mBuilt target sensor_msgs_generate_messages_eus[0m
[ 50%] [0mBuilt target diagnostic_msgs_generate_messages_nodejs[0m
[ 50%] [0mBuilt target diagnostic_msgs_generate_messages_py[0m
[ 50%] [0mBuilt target nodelet_generate_messages_cpp[0m
[ 50%] [0mBuilt target nodelet_generate_messages_eus[0m
[ 50%] [0mBuilt target nodelet_generate_messages_lisp[0m
[ 50%] [0mBuilt target nodelet_generate_messages_py[0m
[ 50%] [0mBuilt target nodelet_generate_messages_nodejs[0m
[ 50%] [0mBuilt target bond_generate_messages_cpp[0m
[ 50%] [0mBuilt target bond_generate_messages_eus[0m
[ 50%] [0mBuilt target bond_generate_messages_lisp[0m
[ 50%] [0mBuilt target bond_generate_messages_nodejs[0m
[ 50%] [0mBuilt target pcl_ros_gencfg[0m
[ 50%] [0mBuilt target bond_generate_messages_py[0m
[ 50%] [0mBuilt target dynamic_reconfigure_generate_messages_eus[0m
[ 50%] [0mBuilt target dynamic_reconfigure_generate_messages_cpp[0m
[ 50%] [0mBuilt target dynamic_reconfigure_generate_messages_lisp[0m
[ 50%] [0mBuilt target dynamic_reconfigure_generate_messages_nodejs[0m
[ 50%] [0mBuilt target dynamic_reconfigure_generate_messages_py[0m
[ 50%] [0mBuilt target dynamic_reconfigure_gencfg[0m
[ 50%] [0mBuilt target nodelet_topic_tools_gencfg[0m
[ 50%] [0mBuilt target pcl_msgs_generate_messages_cpp[0m
[ 50%] [0mBuilt target pcl_msgs_generate_messages_eus[0m
[ 50%] [0mBuilt target pcl_msgs_generate_messages_lisp[0m
[ 50%] [0mBuilt target pcl_msgs_generate_messages_nodejs[0m
[ 50%] [0mBuilt target std_srvs_generate_messages_cpp[0m
[ 50%] [0mBuilt target pcl_msgs_generate_messages_py[0m
[ 50%] [0mBuilt target std_srvs_generate_messages_eus[0m
[ 50%] [0mBuilt target std_srvs_generate_messages_lisp[0m
[ 50%] [0mBuilt target std_srvs_generate_messages_nodejs[0m
[ 50%] [0mBuilt target std_srvs_generate_messages_py[0m
[ 50%] [0mBuilt target topic_tools_generate_messages_cpp[0m
[ 50%] [0mBuilt target topic_tools_generate_messages_eus[0m
[ 50%] [0mBuilt target topic_tools_generate_messages_lisp[0m
[ 50%] [0mBuilt target topic_tools_generate_messages_nodejs[0m
[ 50%] [0mBuilt target topic_tools_generate_messages_py[0m
[ 50%] [0mBuilt target tf_generate_messages_cpp[0m
[ 50%] [0mBuilt target tf_generate_messages_eus[0m
[ 50%] [0mBuilt target tf_generate_messages_lisp[0m
[ 50%] [0mBuilt target tf_generate_messages_nodejs[0m
[ 50%] [0mBuilt target tf_generate_messages_py[0m
[ 50%] [0mBuilt target actionlib_generate_messages_cpp[0m
[ 50%] [0mBuilt target actionlib_generate_messages_eus[0m
[ 50%] [0mBuilt target actionlib_generate_messages_lisp[0m
[ 50%] [0mBuilt target actionlib_generate_messages_nodejs[0m
[ 50%] [0mBuilt target actionlib_msgs_generate_messages_cpp[0m
[ 50%] [0mBuilt target actionlib_generate_messages_py[0m
[ 50%] [0mBuilt target actionlib_msgs_generate_messages_eus[0m
[ 50%] [0mBuilt target actionlib_msgs_generate_messages_lisp[0m
[ 50%] [0mBuilt target actionlib_msgs_generate_messages_py[0m
[ 50%] [0mBuilt target actionlib_msgs_generate_messages_nodejs[0m
[ 50%] [0mBuilt target tf2_msgs_generate_messages_cpp[0m
[ 50%] [0mBuilt target tf2_msgs_generate_messages_eus[0m
[ 50%] [0mBuilt target tf2_msgs_generate_messages_lisp[0m
[ 50%] [0mBuilt target tf2_msgs_generate_messages_nodejs[0m
[ 50%] [0mBuilt target tf2_msgs_generate_messages_py[0m
[ 50%] [0mBuilt target lslidar_msgs_generate_messages_cpp[0m
[ 50%] [0mBuilt target lslidar_msgs_generate_messages_eus[0m
[ 50%] [0mBuilt target lslidar_msgs_generate_messages_lisp[0m
[ 50%] [0mBuilt target lslidar_msgs_generate_messages_nodejs[0m
[ 50%] [0mBuilt target lslidar_msgs_generate_messages_py[0m
[ 75%] [0mBuilt target lslidar_driver[0m
[100%] [0mBuilt target lslidar_driver_node[0m
