[  6%] [0mBuilt target moveit_ros_planning_gencfg[0m
[  9%] [0mBuilt target moveit_rdf_loader[0m
[ 12%] [0mBuilt target moveit_constraint_sampler_manager_loader[0m
[ 16%] [0mBuilt target moveit_collision_plugin_loader[0m
[ 19%] [0mBuilt target moveit_planning_pipeline[0m
[ 19%] [0mBuilt target shape_msgs_generate_messages_cpp[0m
[ 19%] [0mBuilt target shape_msgs_generate_messages_eus[0m
[ 38%] [0mBuilt target moveit_default_planning_request_adapter_plugins[0m
[ 41%] [0mBuilt target moveit_list_request_adapter_plugins[0m
[ 41%] [0mBuilt target shape_msgs_generate_messages_py[0m
[ 41%] [0mBuilt target shape_msgs_generate_messages_lisp[0m
[ 41%] [0mBuilt target shape_msgs_generate_messages_nodejs[0m
[ 41%] [0mBuilt target geometry_msgs_generate_messages_eus[0m
[ 41%] [0mBuilt target geometry_msgs_generate_messages_nodejs[0m
[ 41%] [0mBuilt target geometry_msgs_generate_messages_cpp[0m
[ 41%] [0mBuilt target geometry_msgs_generate_messages_lisp[0m
[ 41%] [0mBuilt target geometry_msgs_generate_messages_py[0m
[ 41%] [0mBuilt target std_msgs_generate_messages_eus[0m
[ 41%] [0mBuilt target std_msgs_generate_messages_lisp[0m
[ 41%] [0mBuilt target std_msgs_generate_messages_cpp[0m
[ 41%] [0mBuilt target std_msgs_generate_messages_nodejs[0m
[ 41%] [0mBuilt target std_msgs_generate_messages_py[0m
[ 41%] [0mBuilt target visualization_msgs_generate_messages_eus[0m
[ 41%] [0mBuilt target visualization_msgs_generate_messages_cpp[0m
[ 41%] [0mBuilt target visualization_msgs_generate_messages_nodejs[0m
[ 41%] [0mBuilt target visualization_msgs_generate_messages_py[0m
[ 41%] [0mBuilt target roscpp_generate_messages_cpp[0m
[ 41%] [0mBuilt target roscpp_generate_messages_eus[0m
[ 41%] [0mBuilt target visualization_msgs_generate_messages_lisp[0m
[ 41%] [0mBuilt target roscpp_generate_messages_lisp[0m
[ 41%] [0mBuilt target rosgraph_msgs_generate_messages_cpp[0m
[ 41%] [0mBuilt target roscpp_generate_messages_py[0m
[ 41%] [0mBuilt target rosgraph_msgs_generate_messages_eus[0m
[ 41%] [0mBuilt target roscpp_generate_messages_nodejs[0m
[ 41%] [0mBuilt target rosgraph_msgs_generate_messages_lisp[0m
[ 41%] [0mBuilt target rosgraph_msgs_generate_messages_py[0m
[ 41%] [0mBuilt target rosgraph_msgs_generate_messages_nodejs[0m
[ 41%] [0mBuilt target moveit_msgs_generate_messages_cpp[0m
[ 41%] [0mBuilt target moveit_msgs_generate_messages_lisp[0m
[ 41%] [0mBuilt target moveit_msgs_generate_messages_eus[0m
[ 41%] [0mBuilt target moveit_msgs_generate_messages_nodejs[0m
[ 41%] [0mBuilt target moveit_msgs_generate_messages_py[0m
[ 41%] [0mBuilt target actionlib_msgs_generate_messages_cpp[0m
[ 41%] [0mBuilt target actionlib_msgs_generate_messages_eus[0m
[ 41%] [0mBuilt target actionlib_msgs_generate_messages_nodejs[0m
[ 41%] [0mBuilt target actionlib_msgs_generate_messages_lisp[0m
[ 41%] [0mBuilt target _catkin_empty_exported_target[0m
[ 41%] [0mBuilt target actionlib_msgs_generate_messages_py[0m
[ 41%] [0mBuilt target sensor_msgs_generate_messages_cpp[0m
[ 41%] [0mBuilt target sensor_msgs_generate_messages_nodejs[0m
[ 41%] [0mBuilt target sensor_msgs_generate_messages_lisp[0m
[ 41%] [0mBuilt target sensor_msgs_generate_messages_eus[0m
[ 41%] [0mBuilt target sensor_msgs_generate_messages_py[0m
[ 41%] [0mBuilt target trajectory_msgs_generate_messages_cpp[0m
[ 41%] [0mBuilt target trajectory_msgs_generate_messages_eus[0m
[ 41%] [0mBuilt target trajectory_msgs_generate_messages_lisp[0m
[ 41%] [0mBuilt target trajectory_msgs_generate_messages_py[0m
[ 41%] [0mBuilt target trajectory_msgs_generate_messages_nodejs[0m
[ 41%] [0mBuilt target object_recognition_msgs_generate_messages_eus[0m
[ 41%] [0mBuilt target object_recognition_msgs_generate_messages_cpp[0m
[ 41%] [0mBuilt target object_recognition_msgs_generate_messages_lisp[0m
[ 41%] [0mBuilt target object_recognition_msgs_generate_messages_py[0m
[ 41%] [0mBuilt target object_recognition_msgs_generate_messages_nodejs[0m
[ 41%] [0mBuilt target octomap_msgs_generate_messages_cpp[0m
[ 41%] [0mBuilt target octomap_msgs_generate_messages_eus[0m
[ 41%] [0mBuilt target octomap_msgs_generate_messages_lisp[0m
[ 41%] [0mBuilt target octomap_msgs_generate_messages_py[0m
[ 41%] [0mBuilt target octomap_msgs_generate_messages_nodejs[0m
[ 41%] [0mBuilt target tf2_msgs_generate_messages_eus[0m
[ 41%] [0mBuilt target tf2_msgs_generate_messages_lisp[0m
[ 41%] [0mBuilt target tf2_msgs_generate_messages_cpp[0m
[ 41%] [0mBuilt target tf2_msgs_generate_messages_nodejs[0m
[ 41%] [0mBuilt target actionlib_generate_messages_cpp[0m
[ 41%] [0mBuilt target actionlib_generate_messages_eus[0m
[ 41%] [0mBuilt target tf2_msgs_generate_messages_py[0m
[ 41%] [0mBuilt target actionlib_generate_messages_lisp[0m
[ 41%] [0mBuilt target actionlib_generate_messages_nodejs[0m
[ 41%] [0mBuilt target dynamic_reconfigure_generate_messages_eus[0m
[ 41%] [0mBuilt target dynamic_reconfigure_generate_messages_cpp[0m
[ 41%] [0mBuilt target dynamic_reconfigure_generate_messages_lisp[0m
[ 41%] [0mBuilt target actionlib_generate_messages_py[0m
[ 41%] [0mBuilt target dynamic_reconfigure_generate_messages_nodejs[0m
[ 41%] [0mBuilt target dynamic_reconfigure_generate_messages_py[0m
[ 41%] [0mBuilt target dynamic_reconfigure_gencfg[0m
[ 45%] [0mBuilt target moveit_kinematics_plugin_loader[0m
[ 48%] [0mBuilt target moveit_robot_model_loader[0m
[ 51%] [0mBuilt target moveit_print_planning_model_info[0m
[ 58%] [0mBuilt target moveit_planning_scene_monitor[0m
[ 61%] [0mBuilt target moveit_kinematics_speed_and_validity_evaluator[0m
[ 64%] [0mBuilt target demo_scene[0m
[ 67%] [0mBuilt target moveit_display_random_state[0m
[ 70%] [0mBuilt target moveit_evaluate_state_operations_speed[0m
[ 74%] [0mBuilt target moveit_visualize_robot_collision_volume[0m
[ 77%] [0mBuilt target moveit_compare_collision_checking_speed_fcl_bullet[0m
[ 80%] [0mBuilt target moveit_print_planning_scene_info[0m
[ 83%] [0mBuilt target moveit_evaluate_collision_checking_speed[0m
[ 87%] [0mBuilt target moveit_publish_scene_from_text[0m
[ 90%] [0mBuilt target moveit_trajectory_execution_manager[0m
[ 95%] [0mBuilt target moveit_plan_execution[0m
[100%] [0mBuilt target moveit_cpp[0m
