Not searching for unused variables given on the command line.
[0mCMake Deprecation Warning at CMakeLists.txt:1 (cmake_minimum_required):
  Compatibility with CMake < 3.10 will be removed from a future version of
  CMake.

  Update the VERSION argument <min> value.  Or, use the <min>...<max> syntax
  to tell CMake that the project requires at least <min> but has been updated
  to work with policies introduced by <max> or earlier.

[0m
[0mCMake Deprecation Warning at /usr/local/share/pcl-1.10/PCLConfig.cmake:37 (cmake_policy):
  Compatibility with CMake < 3.10 will be removed from a future version of
  CMake.

  Update the VERSION argument <min> value.  Or, use the <min>...<max> syntax
  to tell CMake that the project requires at least <min> but has been updated
  to work with policies introduced by <max> or earlier.
[36mCall Stack (most recent call first):[0m
  CMakeLists.txt:7 (find_package)

[0m
[33mCMake Warning (dev) at /usr/local/share/pcl-1.10/PCLConfig.cmake:149 (find_package):
  Policy CMP0144 is not set: find_package uses upper-case <PACKAGENAME>_ROOT
  variables.  Run "cmake --help-policy CMP0144" for policy details.  Use the
  cmake_policy command to set the policy and suppress this warning.

  CMake variable EIGEN_ROOT is set to:

    /usr/include/eigen3

  For compatibility, find_package is ignoring the variable, but code in a
  .cmake module might still use it.
[36mCall Stack (most recent call first):[0m
  /usr/local/share/pcl-1.10/PCLConfig.cmake:313 (find_eigen)
  /usr/local/share/pcl-1.10/PCLConfig.cmake:546 (find_external_library)
  CMakeLists.txt:7 (find_package)
This warning is for project developers.  Use -Wno-dev to suppress it.
[0m
[36m--[0m Eigen found (include: /usr/include/eigen3, version: 3.3.7)
[33mCMake Warning (dev) at /usr/local/share/pcl-1.10/PCLConfig.cmake:131 (find_package):
  Policy CMP0167 is not set: The FindBoost module is removed.  Run "cmake
  --help-policy CMP0167" for policy details.  Use the cmake_policy command to
  set the policy and suppress this warning.

[36mCall Stack (most recent call first):[0m
  /usr/local/share/pcl-1.10/PCLConfig.cmake:311 (find_boost)
  /usr/local/share/pcl-1.10/PCLConfig.cmake:546 (find_external_library)
  CMakeLists.txt:7 (find_package)
This warning is for project developers.  Use -Wno-dev to suppress it.
[0m
[33mCMake Warning (dev) at /usr/local/share/pcl-1.10/Modules/FindFLANN.cmake:44 (find_package):
  Policy CMP0144 is not set: find_package uses upper-case <PACKAGENAME>_ROOT
  variables.  Run "cmake --help-policy CMP0144" for policy details.  Use the
  cmake_policy command to set the policy and suppress this warning.

  CMake variable FLANN_ROOT is set to:

    /usr

  For compatibility, find_package is ignoring the variable, but code in a
  .cmake module might still use it.
[36mCall Stack (most recent call first):[0m
  /usr/local/share/pcl-1.10/PCLConfig.cmake:260 (find_package)
  /usr/local/share/pcl-1.10/PCLConfig.cmake:315 (find_flann)
  /usr/local/share/pcl-1.10/PCLConfig.cmake:546 (find_external_library)
  CMakeLists.txt:7 (find_package)
This warning is for project developers.  Use -Wno-dev to suppress it.
[0m
[36m--[0m The imported target "vtkParseOGLExt" references the file
   "/usr/bin/vtkParseOGLExt-7.1"
but this file does not exist.  Possible reasons include:
* The file was deleted, renamed, or moved to another location.
* An install or uninstall procedure did not complete successfully.
* The installation package was faulty and contained
   "/usr/lib/cmake/vtk-7.1/VTKTargets.cmake"
but not all the files it references.

[36m--[0m The imported target "vtkRenderingPythonTkWidgets" references the file
   "/usr/lib/aarch64-linux-gnu/libvtkRenderingPythonTkWidgets.so"
but this file does not exist.  Possible reasons include:
* The file was deleted, renamed, or moved to another location.
* An install or uninstall procedure did not complete successfully.
* The installation package was faulty and contained
   "/usr/lib/cmake/vtk-7.1/VTKTargets.cmake"
but not all the files it references.

[36m--[0m The imported target "vtk" references the file
   "/usr/bin/vtk"
but this file does not exist.  Possible reasons include:
* The file was deleted, renamed, or moved to another location.
* An install or uninstall procedure did not complete successfully.
* The installation package was faulty and contained
   "/usr/lib/cmake/vtk-7.1/VTKTargets.cmake"
but not all the files it references.

[36m--[0m The imported target "pvtk" references the file
   "/usr/bin/pvtk"
but this file does not exist.  Possible reasons include:
* The file was deleted, renamed, or moved to another location.
* An install or uninstall procedure did not complete successfully.
* The installation package was faulty and contained
   "/usr/lib/cmake/vtk-7.1/VTKTargets.cmake"
but not all the files it references.

[33mCMake Warning (dev) at /usr/local/share/cmake-4.1/Modules/FindPackageHandleStandardArgs.cmake:430 (message):
  The package name passed to find_package_handle_standard_args() (USB_10)
  does not match the name of the calling package (OpenNI).  This can lead to
  problems in calling code that expects find_package() result variables
  (e.g., `_FOUND`) to follow a certain pattern.
[36mCall Stack (most recent call first):[0m
  /usr/local/share/pcl-1.10/Modules/FindOpenNI.cmake:28 (find_package_handle_standard_args)
  /usr/local/share/pcl-1.10/PCLConfig.cmake:176 (find_package)
  /usr/local/share/pcl-1.10/PCLConfig.cmake:319 (find_openni)
  /usr/local/share/pcl-1.10/PCLConfig.cmake:543 (find_external_library)
  CMakeLists.txt:7 (find_package)
This warning is for project developers.  Use -Wno-dev to suppress it.
[0m
[36m--[0m OpenNI found (include: /usr/include/ni, lib: /usr/lib/libOpenNI.so)
[33mCMake Warning (dev) at /usr/local/share/cmake-4.1/Modules/FindPackageHandleStandardArgs.cmake:430 (message):
  The package name passed to find_package_handle_standard_args() (USB_10)
  does not match the name of the calling package (OpenNI2).  This can lead to
  problems in calling code that expects find_package() result variables
  (e.g., `_FOUND`) to follow a certain pattern.
[36mCall Stack (most recent call first):[0m
  /usr/local/share/pcl-1.10/Modules/FindOpenNI2.cmake:28 (find_package_handle_standard_args)
  /usr/local/share/pcl-1.10/PCLConfig.cmake:190 (find_package)
  /usr/local/share/pcl-1.10/PCLConfig.cmake:321 (find_openni2)
  /usr/local/share/pcl-1.10/PCLConfig.cmake:543 (find_external_library)
  CMakeLists.txt:7 (find_package)
This warning is for project developers.  Use -Wno-dev to suppress it.
[0m
[36m--[0m OpenNI2 found (include: /usr/include/openni2, lib: /usr/lib/libOpenNI2.so)
[0m** WARNING ** io features related to pcap will be disabled[0m
[0m** WARNING ** io features related to png will be disabled[0m
[33mCMake Warning (dev) at /usr/local/share/cmake-4.1/Modules/FindPackageHandleStandardArgs.cmake:430 (message):
  The package name passed to find_package_handle_standard_args() (libusb-1.0)
  does not match the name of the calling package (PCL).  This can lead to
  problems in calling code that expects find_package() result variables
  (e.g., `_FOUND`) to follow a certain pattern.
[36mCall Stack (most recent call first):[0m
  /usr/local/share/pcl-1.10/PCLConfig.cmake:288 (find_package_handle_standard_args)
  /usr/local/share/pcl-1.10/PCLConfig.cmake:335 (find_libusb)
  /usr/local/share/pcl-1.10/PCLConfig.cmake:543 (find_external_library)
  CMakeLists.txt:7 (find_package)
This warning is for project developers.  Use -Wno-dev to suppress it.
[0m
[0m** WARNING ** io features related to libusb-1.0 will be disabled[0m
[33mCMake Warning (dev) at /usr/local/share/cmake-4.1/Modules/FindPackageHandleStandardArgs.cmake:430 (message):
  The package name passed to find_package_handle_standard_args() (USB_10)
  does not match the name of the calling package (OpenNI).  This can lead to
  problems in calling code that expects find_package() result variables
  (e.g., `_FOUND`) to follow a certain pattern.
[36mCall Stack (most recent call first):[0m
  /usr/local/share/pcl-1.10/Modules/FindOpenNI.cmake:28 (find_package_handle_standard_args)
  /usr/local/share/pcl-1.10/PCLConfig.cmake:176 (find_package)
  /usr/local/share/pcl-1.10/PCLConfig.cmake:319 (find_openni)
  /usr/local/share/pcl-1.10/PCLConfig.cmake:543 (find_external_library)
  CMakeLists.txt:7 (find_package)
This warning is for project developers.  Use -Wno-dev to suppress it.
[0m
[36m--[0m OpenNI found (include: /usr/include/ni, lib: /usr/lib/libOpenNI.so)
[33mCMake Warning (dev) at /usr/local/share/cmake-4.1/Modules/FindPackageHandleStandardArgs.cmake:430 (message):
  The package name passed to find_package_handle_standard_args() (USB_10)
  does not match the name of the calling package (OpenNI2).  This can lead to
  problems in calling code that expects find_package() result variables
  (e.g., `_FOUND`) to follow a certain pattern.
[36mCall Stack (most recent call first):[0m
  /usr/local/share/pcl-1.10/Modules/FindOpenNI2.cmake:28 (find_package_handle_standard_args)
  /usr/local/share/pcl-1.10/PCLConfig.cmake:190 (find_package)
  /usr/local/share/pcl-1.10/PCLConfig.cmake:321 (find_openni2)
  /usr/local/share/pcl-1.10/PCLConfig.cmake:543 (find_external_library)
  CMakeLists.txt:7 (find_package)
This warning is for project developers.  Use -Wno-dev to suppress it.
[0m
[36m--[0m OpenNI2 found (include: /usr/include/openni2, lib: /usr/lib/libOpenNI2.so)
[33mCMake Warning (dev) at /usr/local/share/pcl-1.10/PCLConfig.cmake:162 (find_package):
  Policy CMP0144 is not set: find_package uses upper-case <PACKAGENAME>_ROOT
  variables.  Run "cmake --help-policy CMP0144" for policy details.  Use the
  cmake_policy command to set the policy and suppress this warning.

  CMake variable QHULL_ROOT is set to:

    /usr

  For compatibility, find_package is ignoring the variable, but code in a
  .cmake module might still use it.
[36mCall Stack (most recent call first):[0m
  /usr/local/share/pcl-1.10/PCLConfig.cmake:317 (find_qhull)
  /usr/local/share/pcl-1.10/PCLConfig.cmake:543 (find_external_library)
  CMakeLists.txt:7 (find_package)
This warning is for project developers.  Use -Wno-dev to suppress it.
[0m
[36m--[0m QHULL found (include: /usr/include, lib: optimized;/usr/lib/aarch64-linux-gnu/libqhull.so;debug;/usr/lib/aarch64-linux-gnu/libqhull.so)
[36m--[0m looking for PCL_COMMON
[33mCMake Warning (dev) at /usr/local/share/cmake-4.1/Modules/FindPackageHandleStandardArgs.cmake:430 (message):
  The package name passed to find_package_handle_standard_args() (PCL_COMMON)
  does not match the name of the calling package (PCL).  This can lead to
  problems in calling code that expects find_package() result variables
  (e.g., `_FOUND`) to follow a certain pattern.
[36mCall Stack (most recent call first):[0m
  /usr/local/share/pcl-1.10/PCLConfig.cmake:611 (find_package_handle_standard_args)
  CMakeLists.txt:7 (find_package)
This warning is for project developers.  Use -Wno-dev to suppress it.
[0m
[36m--[0m looking for PCL_KDTREE
[33mCMake Warning (dev) at /usr/local/share/cmake-4.1/Modules/FindPackageHandleStandardArgs.cmake:430 (message):
  The package name passed to find_package_handle_standard_args() (PCL_KDTREE)
  does not match the name of the calling package (PCL).  This can lead to
  problems in calling code that expects find_package() result variables
  (e.g., `_FOUND`) to follow a certain pattern.
[36mCall Stack (most recent call first):[0m
  /usr/local/share/pcl-1.10/PCLConfig.cmake:611 (find_package_handle_standard_args)
  CMakeLists.txt:7 (find_package)
This warning is for project developers.  Use -Wno-dev to suppress it.
[0m
[36m--[0m looking for PCL_OCTREE
[33mCMake Warning (dev) at /usr/local/share/cmake-4.1/Modules/FindPackageHandleStandardArgs.cmake:430 (message):
  The package name passed to find_package_handle_standard_args() (PCL_OCTREE)
  does not match the name of the calling package (PCL).  This can lead to
  problems in calling code that expects find_package() result variables
  (e.g., `_FOUND`) to follow a certain pattern.
[36mCall Stack (most recent call first):[0m
  /usr/local/share/pcl-1.10/PCLConfig.cmake:611 (find_package_handle_standard_args)
  CMakeLists.txt:7 (find_package)
This warning is for project developers.  Use -Wno-dev to suppress it.
[0m
[33mCMake Warning (dev) at /usr/local/share/cmake-4.1/Modules/FindPackageHandleStandardArgs.cmake:430 (message):
  The package name passed to find_package_handle_standard_args() (PCL_SEARCH)
  does not match the name of the calling package (PCL).  This can lead to
  problems in calling code that expects find_package() result variables
  (e.g., `_FOUND`) to follow a certain pattern.
[36mCall Stack (most recent call first):[0m
  /usr/local/share/pcl-1.10/PCLConfig.cmake:611 (find_package_handle_standard_args)
  CMakeLists.txt:7 (find_package)
This warning is for project developers.  Use -Wno-dev to suppress it.
[0m
[36m--[0m looking for PCL_SEARCH
[36m--[0m looking for PCL_SAMPLE_CONSENSUS
[33mCMake Warning (dev) at /usr/local/share/cmake-4.1/Modules/FindPackageHandleStandardArgs.cmake:430 (message):
  The package name passed to find_package_handle_standard_args()
  (PCL_SAMPLE_CONSENSUS) does not match the name of the calling package
  (PCL).  This can lead to problems in calling code that expects
  find_package() result variables (e.g., `_FOUND`) to follow a certain
  pattern.
[36mCall Stack (most recent call first):[0m
  /usr/local/share/pcl-1.10/PCLConfig.cmake:611 (find_package_handle_standard_args)
  CMakeLists.txt:7 (find_package)
This warning is for project developers.  Use -Wno-dev to suppress it.
[0m
[36m--[0m looking for PCL_FILTERS
[33mCMake Warning (dev) at /usr/local/share/cmake-4.1/Modules/FindPackageHandleStandardArgs.cmake:430 (message):
  The package name passed to find_package_handle_standard_args()
  (PCL_FILTERS) does not match the name of the calling package (PCL).  This
  can lead to problems in calling code that expects find_package() result
  variables (e.g., `_FOUND`) to follow a certain pattern.
[36mCall Stack (most recent call first):[0m
  /usr/local/share/pcl-1.10/PCLConfig.cmake:611 (find_package_handle_standard_args)
  CMakeLists.txt:7 (find_package)
This warning is for project developers.  Use -Wno-dev to suppress it.
[0m
[36m--[0m looking for PCL_2D
[33mCMake Warning (dev) at /usr/local/share/cmake-4.1/Modules/FindPackageHandleStandardArgs.cmake:430 (message):
  The package name passed to find_package_handle_standard_args() (PCL_2D)
  does not match the name of the calling package (PCL).  This can lead to
  problems in calling code that expects find_package() result variables
  (e.g., `_FOUND`) to follow a certain pattern.
[36mCall Stack (most recent call first):[0m
  /usr/local/share/pcl-1.10/PCLConfig.cmake:614 (find_package_handle_standard_args)
  CMakeLists.txt:7 (find_package)
This warning is for project developers.  Use -Wno-dev to suppress it.
[0m
[36m--[0m looking for PCL_GEOMETRY
[33mCMake Warning (dev) at /usr/local/share/cmake-4.1/Modules/FindPackageHandleStandardArgs.cmake:430 (message):
  The package name passed to find_package_handle_standard_args()
  (PCL_GEOMETRY) does not match the name of the calling package (PCL).  This
  can lead to problems in calling code that expects find_package() result
  variables (e.g., `_FOUND`) to follow a certain pattern.
[36mCall Stack (most recent call first):[0m
  /usr/local/share/pcl-1.10/PCLConfig.cmake:614 (find_package_handle_standard_args)
  CMakeLists.txt:7 (find_package)
This warning is for project developers.  Use -Wno-dev to suppress it.
[0m
[36m--[0m looking for PCL_IO
[33mCMake Warning (dev) at /usr/local/share/cmake-4.1/Modules/FindPackageHandleStandardArgs.cmake:430 (message):
  The package name passed to find_package_handle_standard_args() (PCL_IO)
  does not match the name of the calling package (PCL).  This can lead to
  problems in calling code that expects find_package() result variables
  (e.g., `_FOUND`) to follow a certain pattern.
[36mCall Stack (most recent call first):[0m
  /usr/local/share/pcl-1.10/PCLConfig.cmake:611 (find_package_handle_standard_args)
  CMakeLists.txt:7 (find_package)
This warning is for project developers.  Use -Wno-dev to suppress it.
[0m
[36m--[0m looking for PCL_FEATURES
[33mCMake Warning (dev) at /usr/local/share/cmake-4.1/Modules/FindPackageHandleStandardArgs.cmake:430 (message):
  The package name passed to find_package_handle_standard_args()
  (PCL_FEATURES) does not match the name of the calling package (PCL).  This
  can lead to problems in calling code that expects find_package() result
  variables (e.g., `_FOUND`) to follow a certain pattern.
[36mCall Stack (most recent call first):[0m
  /usr/local/share/pcl-1.10/PCLConfig.cmake:611 (find_package_handle_standard_args)
  CMakeLists.txt:7 (find_package)
This warning is for project developers.  Use -Wno-dev to suppress it.
[0m
[33mCMake Warning (dev) at /usr/local/share/cmake-4.1/Modules/FindPackageHandleStandardArgs.cmake:430 (message):
  The package name passed to find_package_handle_standard_args() (PCL_ML)
  does not match the name of the calling package (PCL).  This can lead to
  problems in calling code that expects find_package() result variables
  (e.g., `_FOUND`) to follow a certain pattern.
[36mCall Stack (most recent call first):[0m
  /usr/local/share/pcl-1.10/PCLConfig.cmake:611 (find_package_handle_standard_args)
  CMakeLists.txt:7 (find_package)
This warning is for project developers.  Use -Wno-dev to suppress it.
[0m
[36m--[0m looking for PCL_ML
[36m--[0m looking for PCL_SEGMENTATION
[33mCMake Warning (dev) at /usr/local/share/cmake-4.1/Modules/FindPackageHandleStandardArgs.cmake:430 (message):
  The package name passed to find_package_handle_standard_args()
  (PCL_SEGMENTATION) does not match the name of the calling package (PCL).
  This can lead to problems in calling code that expects find_package()
  result variables (e.g., `_FOUND`) to follow a certain pattern.
[36mCall Stack (most recent call first):[0m
  /usr/local/share/pcl-1.10/PCLConfig.cmake:611 (find_package_handle_standard_args)
  CMakeLists.txt:7 (find_package)
This warning is for project developers.  Use -Wno-dev to suppress it.
[0m
[36m--[0m looking for PCL_VISUALIZATION
[36m--[0m looking for PCL_SURFACE
[33mCMake Warning (dev) at /usr/local/share/cmake-4.1/Modules/FindPackageHandleStandardArgs.cmake:430 (message):
  The package name passed to find_package_handle_standard_args()
  (PCL_VISUALIZATION) does not match the name of the calling package (PCL).
  This can lead to problems in calling code that expects find_package()
  result variables (e.g., `_FOUND`) to follow a certain pattern.
[36mCall Stack (most recent call first):[0m
  /usr/local/share/pcl-1.10/PCLConfig.cmake:611 (find_package_handle_standard_args)
  CMakeLists.txt:7 (find_package)
This warning is for project developers.  Use -Wno-dev to suppress it.
[0m
[33mCMake Warning (dev) at /usr/local/share/cmake-4.1/Modules/FindPackageHandleStandardArgs.cmake:430 (message):
  The package name passed to find_package_handle_standard_args()
  (PCL_SURFACE) does not match the name of the calling package (PCL).  This
  can lead to problems in calling code that expects find_package() result
  variables (e.g., `_FOUND`) to follow a certain pattern.
[36mCall Stack (most recent call first):[0m
  /usr/local/share/pcl-1.10/PCLConfig.cmake:611 (find_package_handle_standard_args)
  CMakeLists.txt:7 (find_package)
This warning is for project developers.  Use -Wno-dev to suppress it.
[0m
[36m--[0m looking for PCL_REGISTRATION
[33mCMake Warning (dev) at /usr/local/share/cmake-4.1/Modules/FindPackageHandleStandardArgs.cmake:430 (message):
  The package name passed to find_package_handle_standard_args()
  (PCL_REGISTRATION) does not match the name of the calling package (PCL).
  This can lead to problems in calling code that expects find_package()
  result variables (e.g., `_FOUND`) to follow a certain pattern.
[36mCall Stack (most recent call first):[0m
  /usr/local/share/pcl-1.10/PCLConfig.cmake:611 (find_package_handle_standard_args)
  CMakeLists.txt:7 (find_package)
This warning is for project developers.  Use -Wno-dev to suppress it.
[0m
[33mCMake Warning (dev) at /usr/local/share/cmake-4.1/Modules/FindPackageHandleStandardArgs.cmake:430 (message):
  The package name passed to find_package_handle_standard_args()
  (PCL_KEYPOINTS) does not match the name of the calling package (PCL).  This
  can lead to problems in calling code that expects find_package() result
  variables (e.g., `_FOUND`) to follow a certain pattern.
[36mCall Stack (most recent call first):[0m
  /usr/local/share/pcl-1.10/PCLConfig.cmake:611 (find_package_handle_standard_args)
  CMakeLists.txt:7 (find_package)
This warning is for project developers.  Use -Wno-dev to suppress it.
[0m
[36m--[0m looking for PCL_KEYPOINTS
[36m--[0m looking for PCL_TRACKING
[36m--[0m looking for PCL_RECOGNITION
[36m--[0m looking for PCL_STEREO
[36m--[0m looking for PCL_OUTOFCORE
[36m--[0m looking for PCL_PEOPLE
[33mCMake Warning (dev) at /usr/local/share/cmake-4.1/Modules/FindPackageHandleStandardArgs.cmake:430 (message):
  The package name passed to find_package_handle_standard_args()
  (PCL_TRACKING) does not match the name of the calling package (PCL).  This
  can lead to problems in calling code that expects find_package() result
  variables (e.g., `_FOUND`) to follow a certain pattern.
[36mCall Stack (most recent call first):[0m
  /usr/local/share/pcl-1.10/PCLConfig.cmake:611 (find_package_handle_standard_args)
  CMakeLists.txt:7 (find_package)
This warning is for project developers.  Use -Wno-dev to suppress it.
[0m
[33mCMake Warning (dev) at /usr/local/share/cmake-4.1/Modules/FindPackageHandleStandardArgs.cmake:430 (message):
  The package name passed to find_package_handle_standard_args()
  (PCL_RECOGNITION) does not match the name of the calling package (PCL).
  This can lead to problems in calling code that expects find_package()
  result variables (e.g., `_FOUND`) to follow a certain pattern.
[36mCall Stack (most recent call first):[0m
  /usr/local/share/pcl-1.10/PCLConfig.cmake:611 (find_package_handle_standard_args)
  CMakeLists.txt:7 (find_package)
This warning is for project developers.  Use -Wno-dev to suppress it.
[0m
[33mCMake Warning (dev) at /usr/local/share/cmake-4.1/Modules/FindPackageHandleStandardArgs.cmake:430 (message):
  The package name passed to find_package_handle_standard_args() (PCL_STEREO)
  does not match the name of the calling package (PCL).  This can lead to
  problems in calling code that expects find_package() result variables
  (e.g., `_FOUND`) to follow a certain pattern.
[36mCall Stack (most recent call first):[0m
  /usr/local/share/pcl-1.10/PCLConfig.cmake:611 (find_package_handle_standard_args)
  CMakeLists.txt:7 (find_package)
This warning is for project developers.  Use -Wno-dev to suppress it.
[0m
[33mCMake Warning (dev) at /usr/local/share/cmake-4.1/Modules/FindPackageHandleStandardArgs.cmake:430 (message):
  The package name passed to find_package_handle_standard_args()
  (PCL_OUTOFCORE) does not match the name of the calling package (PCL).  This
  can lead to problems in calling code that expects find_package() result
  variables (e.g., `_FOUND`) to follow a certain pattern.
[36mCall Stack (most recent call first):[0m
  /usr/local/share/pcl-1.10/PCLConfig.cmake:611 (find_package_handle_standard_args)
  CMakeLists.txt:7 (find_package)
This warning is for project developers.  Use -Wno-dev to suppress it.
[0m
[33mCMake Warning (dev) at /usr/local/share/cmake-4.1/Modules/FindPackageHandleStandardArgs.cmake:430 (message):
  The package name passed to find_package_handle_standard_args() (PCL_PEOPLE)
  does not match the name of the calling package (PCL).  This can lead to
  problems in calling code that expects find_package() result variables
  (e.g., `_FOUND`) to follow a certain pattern.
[36mCall Stack (most recent call first):[0m
  /usr/local/share/pcl-1.10/PCLConfig.cmake:611 (find_package_handle_standard_args)
  CMakeLists.txt:7 (find_package)
This warning is for project developers.  Use -Wno-dev to suppress it.
[0m
[36m--[0m Using CATKIN_DEVEL_PREFIX: /home/orangepi/catkin_ws/devel/.private/bspline
[36m--[0m Using CMAKE_PREFIX_PATH: /home/orangepi/catkin_ws/devel;/opt/ros/noetic
[36m--[0m This workspace overlays: /home/orangepi/catkin_ws/devel;/opt/ros/noetic
[33mCMake Warning (dev) at /opt/ros/noetic/share/catkin/cmake/python.cmake:4 (find_package):
  Policy CMP0148 is not set: The FindPythonInterp and FindPythonLibs modules
  are removed.  Run "cmake --help-policy CMP0148" for policy details.  Use
  the cmake_policy command to set the policy and suppress this warning.

[36mCall Stack (most recent call first):[0m
  /opt/ros/noetic/share/catkin/cmake/all.cmake:164 (include)
  /opt/ros/noetic/share/catkin/cmake/catkinConfig.cmake:20 (include)
  CMakeLists.txt:9 (find_package)
This warning is for project developers.  Use -Wno-dev to suppress it.
[0m
[36m--[0m Found PythonInterp: /usr/bin/python3 (found suitable version "3.8.10", minimum required is "3")
[36m--[0m Using PYTHON_EXECUTABLE: /usr/bin/python3
[36m--[0m Using Debian Python package layout
[36m--[0m Using empy: /usr/lib/python3/dist-packages/em.py
[36m--[0m Using CATKIN_ENABLE_TESTING: ON
[36m--[0m Call enable_testing()
[36m--[0m Using CATKIN_TEST_RESULTS_DIR: /home/orangepi/catkin_ws/build/bspline/test_results
[36m--[0m Forcing gtest/gmock from source, though one was otherwise available.
[36m--[0m Found gtest sources under '/usr/src/googletest': gtests will be built
[36m--[0m Found gmock sources under '/usr/src/googletest': gmock will be built
[0mCMake Deprecation Warning at /usr/src/googletest/CMakeLists.txt:4 (cmake_minimum_required):
  Compatibility with CMake < 3.10 will be removed from a future version of
  CMake.

  Update the VERSION argument <min> value.  Or, use the <min>...<max> syntax
  to tell CMake that the project requires at least <min> but has been updated
  to work with policies introduced by <max> or earlier.

[0m
[0mCMake Deprecation Warning at /usr/src/googletest/googlemock/CMakeLists.txt:45 (cmake_minimum_required):
  Compatibility with CMake < 3.10 will be removed from a future version of
  CMake.

  Update the VERSION argument <min> value.  Or, use the <min>...<max> syntax
  to tell CMake that the project requires at least <min> but has been updated
  to work with policies introduced by <max> or earlier.

[0m
[0mCMake Deprecation Warning at /usr/src/googletest/googletest/CMakeLists.txt:56 (cmake_minimum_required):
  Compatibility with CMake < 3.10 will be removed from a future version of
  CMake.

  Update the VERSION argument <min> value.  Or, use the <min>...<max> syntax
  to tell CMake that the project requires at least <min> but has been updated
  to work with policies introduced by <max> or earlier.

[0m
[33mCMake Warning (dev) at /usr/src/googletest/googletest/cmake/internal_utils.cmake:249 (find_package):
  Policy CMP0148 is not set: The FindPythonInterp and FindPythonLibs modules
  are removed.  Run "cmake --help-policy CMP0148" for policy details.  Use
  the cmake_policy command to set the policy and suppress this warning.

[36mCall Stack (most recent call first):[0m
  /usr/src/googletest/googletest/CMakeLists.txt:91 (include)
This warning is for project developers.  Use -Wno-dev to suppress it.
[0m
[36m--[0m Found PythonInterp: /usr/bin/python3 (found version "3.8.10")
[36m--[0m Using Python nosetests: /usr/bin/nosetests3
[36m--[0m catkin 0.8.12
[36m--[0m BUILD_SHARED_LIBS is on
[36m--[0m Configuring done (2.0s)
[36m--[0m Generating done (0.1s)
[36m--[0m Build files have been written to: /home/orangepi/catkin_ws/build/bspline
