[  0%] [0mBuilt target roscpp_generate_messages_nodejs[0m
[  0%] [0mBuilt target roscpp_generate_messages_lisp[0m
[  0%] [0mBuilt target roscpp_generate_messages_py[0m
[  0%] [0mBuilt target rosgraph_msgs_generate_messages_cpp[0m
[  0%] [0mBuilt target std_msgs_generate_messages_cpp[0m
[ 50%] [0mBuilt target so3_quadrotor_simulator_lib[0m
[ 50%] [0mBuilt target std_msgs_generate_messages_eus[0m
[ 50%] [0mBuilt target std_msgs_generate_messages_lisp[0m
[ 50%] [0mBuilt target std_msgs_generate_messages_nodejs[0m
[ 50%] [0mBuilt target quadrotor_msgs_generate_messages_eus[0m
[ 50%] [0mBuilt target std_msgs_generate_messages_py[0m
[ 50%] [0mBuilt target quadrotor_msgs_generate_messages_cpp[0m
[ 50%] [0mBuilt target quadrotor_msgs_generate_messages_lisp[0m
[ 50%] [0mBuilt target rosgraph_msgs_generate_messages_eus[0m
[ 50%] [0mBuilt target rosgraph_msgs_generate_messages_lisp[0m
[ 50%] [0mBuilt target rosgraph_msgs_generate_messages_nodejs[0m
[ 50%] [0mBuilt target quadrotor_msgs_generate_messages_py[0m
[ 50%] [0mBuilt target quadrotor_msgs_generate_messages_nodejs[0m
[ 50%] [0mBuilt target rosgraph_msgs_generate_messages_py[0m
[ 50%] [0mBuilt target roscpp_generate_messages_cpp[0m
[ 50%] [0mBuilt target roscpp_generate_messages_eus[0m
[100%] [0mBuilt target quadrotor_simulator_so3[0m
