In file included from [01m[K/opt/ros/noetic/include/class_loader/class_loader.hpp:47[m[K,
                 from [01m[K/opt/ros/noetic/include/pluginlib/./class_list_macros.hpp:40[m[K,
                 from [01m[K/opt/ros/noetic/include/pluginlib/class_list_macros.h:35[m[K,
                 from [01m[K/home/orangepi/catkin_ws/src/Fast-Planner/uav_simulator/so3_control/src/so3_control_nodelet.cpp:216[m[K:
[01m[K/home/orangepi/catkin_ws/src/Fast-Planner/uav_simulator/so3_control/src/so3_control_nodelet.cpp:217:24:[m[K [01;31m[Kerror: [m[K‘[01m[Kso3_control[m[K’ does not name a type
  217 | PLUGINLIB_EXPORT_CLASS([01;31m[Kso3_control[m[K::SO3ControlNodelet, nodelet::Nodelet)
      |                        [01;31m[K^~~~~~~~~~~[m[K
[01m[K/opt/ros/noetic/include/class_loader/register_macro.hpp:43:14:[m[K [01;36m[Knote: [m[Kin definition of macro ‘[01m[KCLASS_LOADER_REGISTER_CLASS_INTERNAL_WITH_MESSAGE[m[K’
   43 |     typedef  [01;36m[KDerived[m[K _derived; \
      |              [01;36m[K^~~~~~~[m[K
[01m[K/opt/ros/noetic/include/class_loader/register_macro.hpp:63:3:[m[K [01;36m[Knote: [m[Kin expansion of macro ‘[01m[KCLASS_LOADER_REGISTER_CLASS_INTERNAL_HOP1_WITH_MESSAGE[m[K’
   63 |   [01;36m[KCLASS_LOADER_REGISTER_CLASS_INTERNAL_HOP1_WITH_MESSAGE[m[K(Derived, Base, __COUNTER__, Message)
      |   [01;36m[K^~~~~~~~~~~~~~~~~~~~~~~~~~~~~~~~~~~~~~~~~~~~~~~~~~~~~~[m[K
[01m[K/opt/ros/noetic/include/class_loader/register_macro.hpp:70:3:[m[K [01;36m[Knote: [m[Kin expansion of macro ‘[01m[KCLASS_LOADER_REGISTER_CLASS_WITH_MESSAGE[m[K’
   70 |   [01;36m[KCLASS_LOADER_REGISTER_CLASS_WITH_MESSAGE[m[K(Derived, Base, "")
      |   [01;36m[K^~~~~~~~~~~~~~~~~~~~~~~~~~~~~~~~~~~~~~~~[m[K
[01m[K/opt/ros/noetic/include/pluginlib/./class_list_macros.hpp:49:3:[m[K [01;36m[Knote: [m[Kin expansion of macro ‘[01m[KCLASS_LOADER_REGISTER_CLASS[m[K’
   49 |   [01;36m[KCLASS_LOADER_REGISTER_CLASS[m[K(class_type, base_class_type)
      |   [01;36m[K^~~~~~~~~~~~~~~~~~~~~~~~~~~[m[K
[01m[K/home/orangepi/catkin_ws/src/Fast-Planner/uav_simulator/so3_control/src/so3_control_nodelet.cpp:217:1:[m[K [01;36m[Knote: [m[Kin expansion of macro ‘[01m[KPLUGINLIB_EXPORT_CLASS[m[K’
  217 | [01;36m[KPLUGINLIB_EXPORT_CLASS[m[K(so3_control::SO3ControlNodelet, nodelet::Nodelet)
      | [01;36m[K^~~~~~~~~~~~~~~~~~~~~~[m[K
[01m[K/home/orangepi/catkin_ws/src/Fast-Planner/uav_simulator/so3_control/src/so3_control_nodelet.cpp:[m[K In constructor ‘[01m[K{anonymous}::ProxyExec0::ProxyExec0()[m[K’:
[01m[K/opt/ros/noetic/include/class_loader/register_macro.hpp:49:42:[m[K [01;31m[Kerror: [m[K‘[01m[K_derived[m[K’ was not declared in this scope
   49 |       class_loader::impl::registerPlugin<[01;31m[K_derived[m[K, _base>(#Derived, #Base); \
      |                                          [01;31m[K^~~~~~~~[m[K
[01m[K/opt/ros/noetic/include/class_loader/register_macro.hpp:49:42:[m[K [01;36m[Knote: [m[Kin definition of macro ‘[01m[KCLASS_LOADER_REGISTER_CLASS_INTERNAL_WITH_MESSAGE[m[K’
   49 |       class_loader::impl::registerPlugin<[01;36m[K_derived[m[K, _base>(#Derived, #Base); \
      |                                          [01;36m[K^~~~~~~~[m[K
[01m[K/opt/ros/noetic/include/class_loader/register_macro.hpp:63:3:[m[K [01;36m[Knote: [m[Kin expansion of macro ‘[01m[KCLASS_LOADER_REGISTER_CLASS_INTERNAL_HOP1_WITH_MESSAGE[m[K’
   63 |   [01;36m[KCLASS_LOADER_REGISTER_CLASS_INTERNAL_HOP1_WITH_MESSAGE[m[K(Derived, Base, __COUNTER__, Message)
      |   [01;36m[K^~~~~~~~~~~~~~~~~~~~~~~~~~~~~~~~~~~~~~~~~~~~~~~~~~~~~~[m[K
[01m[K/opt/ros/noetic/include/class_loader/register_macro.hpp:70:3:[m[K [01;36m[Knote: [m[Kin expansion of macro ‘[01m[KCLASS_LOADER_REGISTER_CLASS_WITH_MESSAGE[m[K’
   70 |   [01;36m[KCLASS_LOADER_REGISTER_CLASS_WITH_MESSAGE[m[K(Derived, Base, "")
      |   [01;36m[K^~~~~~~~~~~~~~~~~~~~~~~~~~~~~~~~~~~~~~~~[m[K
[01m[K/opt/ros/noetic/include/pluginlib/./class_list_macros.hpp:49:3:[m[K [01;36m[Knote: [m[Kin expansion of macro ‘[01m[KCLASS_LOADER_REGISTER_CLASS[m[K’
   49 |   [01;36m[KCLASS_LOADER_REGISTER_CLASS[m[K(class_type, base_class_type)
      |   [01;36m[K^~~~~~~~~~~~~~~~~~~~~~~~~~~[m[K
[01m[K/home/orangepi/catkin_ws/src/Fast-Planner/uav_simulator/so3_control/src/so3_control_nodelet.cpp:217:1:[m[K [01;36m[Knote: [m[Kin expansion of macro ‘[01m[KPLUGINLIB_EXPORT_CLASS[m[K’
  217 | [01;36m[KPLUGINLIB_EXPORT_CLASS[m[K(so3_control::SO3ControlNodelet, nodelet::Nodelet)
      | [01;36m[K^~~~~~~~~~~~~~~~~~~~~~[m[K
[01m[K/opt/ros/noetic/include/class_loader/register_macro.hpp:49:74:[m[K [01;31m[Kerror: [m[Kno matching function for call to ‘[01m[KregisterPlugin<<expression error>, {anonymous}::ProxyExec0::_base>(const char [31], const char [17])[m[K’
   49 |       class_loader::impl::registerPlugin<_derived, _base>(#Derived, #Base[01;31m[K)[m[K; \
      |                                                                          [01;31m[K^[m[K
[01m[K/opt/ros/noetic/include/class_loader/register_macro.hpp:56:3:[m[K [01;36m[Knote: [m[Kin expansion of macro ‘[01m[KCLASS_LOADER_REGISTER_CLASS_INTERNAL_WITH_MESSAGE[m[K’
   56 |   [01;36m[KCLASS_LOADER_REGISTER_CLASS_INTERNAL_WITH_MESSAGE[m[K(Derived, Base, UniqueID, Message)
      |   [01;36m[K^~~~~~~~~~~~~~~~~~~~~~~~~~~~~~~~~~~~~~~~~~~~~~~~~[m[K
[01m[K/opt/ros/noetic/include/class_loader/register_macro.hpp:63:3:[m[K [01;36m[Knote: [m[Kin expansion of macro ‘[01m[KCLASS_LOADER_REGISTER_CLASS_INTERNAL_HOP1_WITH_MESSAGE[m[K’
   63 |   [01;36m[KCLASS_LOADER_REGISTER_CLASS_INTERNAL_HOP1_WITH_MESSAGE[m[K(Derived, Base, __COUNTER__, Message)
      |   [01;36m[K^~~~~~~~~~~~~~~~~~~~~~~~~~~~~~~~~~~~~~~~~~~~~~~~~~~~~~[m[K
[01m[K/opt/ros/noetic/include/class_loader/register_macro.hpp:70:3:[m[K [01;36m[Knote: [m[Kin expansion of macro ‘[01m[KCLASS_LOADER_REGISTER_CLASS_WITH_MESSAGE[m[K’
   70 |   [01;36m[KCLASS_LOADER_REGISTER_CLASS_WITH_MESSAGE[m[K(Derived, Base, "")
      |   [01;36m[K^~~~~~~~~~~~~~~~~~~~~~~~~~~~~~~~~~~~~~~~[m[K
[01m[K/opt/ros/noetic/include/pluginlib/./class_list_macros.hpp:49:3:[m[K [01;36m[Knote: [m[Kin expansion of macro ‘[01m[KCLASS_LOADER_REGISTER_CLASS[m[K’
   49 |   [01;36m[KCLASS_LOADER_REGISTER_CLASS[m[K(class_type, base_class_type)
      |   [01;36m[K^~~~~~~~~~~~~~~~~~~~~~~~~~~[m[K
[01m[K/home/orangepi/catkin_ws/src/Fast-Planner/uav_simulator/so3_control/src/so3_control_nodelet.cpp:217:1:[m[K [01;36m[Knote: [m[Kin expansion of macro ‘[01m[KPLUGINLIB_EXPORT_CLASS[m[K’
  217 | [01;36m[KPLUGINLIB_EXPORT_CLASS[m[K(so3_control::SO3ControlNodelet, nodelet::Nodelet)
      | [01;36m[K^~~~~~~~~~~~~~~~~~~~~~[m[K
In file included from [01m[K/opt/ros/noetic/include/class_loader/class_loader.hpp:46[m[K,
                 from [01m[K/opt/ros/noetic/include/pluginlib/./class_list_macros.hpp:40[m[K,
                 from [01m[K/opt/ros/noetic/include/pluginlib/class_list_macros.h:35[m[K,
                 from [01m[K/home/orangepi/catkin_ws/src/Fast-Planner/uav_simulator/so3_control/src/so3_control_nodelet.cpp:216[m[K:
[01m[K/opt/ros/noetic/include/class_loader/class_loader_core.hpp:185:6:[m[K [01;36m[Knote: [m[Kcandidate: ‘[01m[Ktemplate<class Derived, class Base> void class_loader::impl::registerPlugin(const string&, const string&)[m[K’
  185 | void [01;36m[KregisterPlugin[m[K(const std::string & class_name, const std::string & base_class_name)
      |      [01;36m[K^~~~~~~~~~~~~~[m[K
[01m[K/opt/ros/noetic/include/class_loader/class_loader_core.hpp:185:6:[m[K [01;36m[Knote: [m[K  template argument deduction/substitution failed:
In file included from [01m[K/opt/ros/noetic/include/class_loader/class_loader.hpp:47[m[K,
                 from [01m[K/opt/ros/noetic/include/pluginlib/./class_list_macros.hpp:40[m[K,
                 from [01m[K/opt/ros/noetic/include/pluginlib/class_list_macros.h:35[m[K,
                 from [01m[K/home/orangepi/catkin_ws/src/Fast-Planner/uav_simulator/so3_control/src/so3_control_nodelet.cpp:216[m[K:
[01m[K/opt/ros/noetic/include/class_loader/register_macro.hpp:49:74:[m[K [01;31m[Kerror: [m[Ktemplate argument 1 is invalid
   49 |       class_loader::impl::registerPlugin<_derived, _base>(#Derived, #Base[01;31m[K)[m[K; \
      |                                                                          [01;31m[K^[m[K
[01m[K/opt/ros/noetic/include/class_loader/register_macro.hpp:56:3:[m[K [01;36m[Knote: [m[Kin expansion of macro ‘[01m[KCLASS_LOADER_REGISTER_CLASS_INTERNAL_WITH_MESSAGE[m[K’
   56 |   [01;36m[KCLASS_LOADER_REGISTER_CLASS_INTERNAL_WITH_MESSAGE[m[K(Derived, Base, UniqueID, Message)
      |   [01;36m[K^~~~~~~~~~~~~~~~~~~~~~~~~~~~~~~~~~~~~~~~~~~~~~~~~[m[K
[01m[K/opt/ros/noetic/include/class_loader/register_macro.hpp:63:3:[m[K [01;36m[Knote: [m[Kin expansion of macro ‘[01m[KCLASS_LOADER_REGISTER_CLASS_INTERNAL_HOP1_WITH_MESSAGE[m[K’
   63 |   [01;36m[KCLASS_LOADER_REGISTER_CLASS_INTERNAL_HOP1_WITH_MESSAGE[m[K(Derived, Base, __COUNTER__, Message)
      |   [01;36m[K^~~~~~~~~~~~~~~~~~~~~~~~~~~~~~~~~~~~~~~~~~~~~~~~~~~~~~[m[K
[01m[K/opt/ros/noetic/include/class_loader/register_macro.hpp:70:3:[m[K [01;36m[Knote: [m[Kin expansion of macro ‘[01m[KCLASS_LOADER_REGISTER_CLASS_WITH_MESSAGE[m[K’
   70 |   [01;36m[KCLASS_LOADER_REGISTER_CLASS_WITH_MESSAGE[m[K(Derived, Base, "")
      |   [01;36m[K^~~~~~~~~~~~~~~~~~~~~~~~~~~~~~~~~~~~~~~~[m[K
[01m[K/opt/ros/noetic/include/pluginlib/./class_list_macros.hpp:49:3:[m[K [01;36m[Knote: [m[Kin expansion of macro ‘[01m[KCLASS_LOADER_REGISTER_CLASS[m[K’
   49 |   [01;36m[KCLASS_LOADER_REGISTER_CLASS[m[K(class_type, base_class_type)
      |   [01;36m[K^~~~~~~~~~~~~~~~~~~~~~~~~~~[m[K
[01m[K/home/orangepi/catkin_ws/src/Fast-Planner/uav_simulator/so3_control/src/so3_control_nodelet.cpp:217:1:[m[K [01;36m[Knote: [m[Kin expansion of macro ‘[01m[KPLUGINLIB_EXPORT_CLASS[m[K’
  217 | [01;36m[KPLUGINLIB_EXPORT_CLASS[m[K(so3_control::SO3ControlNodelet, nodelet::Nodelet)
      | [01;36m[K^~~~~~~~~~~~~~~~~~~~~~[m[K
make[2]: *** [CMakeFiles/so3_control_nodelet.dir/build.make:93：CMakeFiles/so3_control_nodelet.dir/src/so3_control_nodelet.cpp.o] 错误 1
make[1]: *** [CMakeFiles/Makefile2:2460：CMakeFiles/so3_control_nodelet.dir/all] 错误 2
make: *** [Makefile:146：all] 错误 2
