In file included from [01m[K/home/orangepi/catkin_ws/src/Fast-Planner/fast_planner/plan_manage/include/plan_manage/plan_container.hpp:34[m[K,
                 from [01m[K/home/orangepi/catkin_ws/src/Fast-Planner/fast_planner/plan_manage/include/plan_manage/planner_manager.h:38[m[K,
                 from [01m[K/home/orangepi/catkin_ws/src/Fast-Planner/fast_planner/plan_manage/include/plan_manage/kino_replan_fsm.h:44[m[K,
                 from [01m[K/home/orangepi/catkin_ws/src/Fast-Planner/fast_planner/plan_manage/src/fast_planner_node.cpp:29[m[K:
[01m[K/home/orangepi/catkin_ws/src/Fast-Planner/fast_planner/poly_traj/include/poly_traj/polynomial_traj.h:[m[K In member function ‘[01m[Kdouble PolynomialTraj::getMeanVel()[m[K’:
[01m[K/home/orangepi/catkin_ws/src/Fast-Planner/fast_planner/poly_traj/include/poly_traj/polynomial_traj.h:178:3:[m[K [01;35m[Kwarning: [m[Kno return statement in function returning non-void [[01;35m[K-Wreturn-type[m[K]
  178 |   [01;35m[K}[m[K
      |   [01;35m[K^[m[K
In file included from [01m[K/home/orangepi/catkin_ws/src/Fast-Planner/fast_planner/plan_manage/include/plan_manage/plan_container.hpp:34[m[K,
                 from [01m[K/home/orangepi/catkin_ws/src/Fast-Planner/fast_planner/plan_manage/include/plan_manage/planner_manager.h:38[m[K,
                 from [01m[K/home/orangepi/catkin_ws/src/Fast-Planner/fast_planner/plan_manage/include/plan_manage/kino_replan_fsm.h:44[m[K,
                 from [01m[K/home/orangepi/catkin_ws/src/Fast-Planner/fast_planner/plan_manage/src/kino_replan_fsm.cpp:27[m[K:
[01m[K/home/orangepi/catkin_ws/src/Fast-Planner/fast_planner/poly_traj/include/poly_traj/polynomial_traj.h:[m[K In member function ‘[01m[Kdouble PolynomialTraj::getMeanVel()[m[K’:
[01m[K/home/orangepi/catkin_ws/src/Fast-Planner/fast_planner/poly_traj/include/poly_traj/polynomial_traj.h:178:3:[m[K [01;35m[Kwarning: [m[Kno return statement in function returning non-void [[01;35m[K-Wreturn-type[m[K]
  178 |   [01;35m[K}[m[K
      |   [01;35m[K^[m[K
In file included from [01m[K/home/orangepi/catkin_ws/src/Fast-Planner/fast_planner/plan_manage/include/plan_manage/plan_container.hpp:34[m[K,
                 from [01m[K/home/orangepi/catkin_ws/src/Fast-Planner/fast_planner/plan_manage/include/plan_manage/planner_manager.h:38[m[K,
                 from [01m[K/home/orangepi/catkin_ws/src/Fast-Planner/fast_planner/plan_manage/src/planner_manager.cpp:27[m[K:
[01m[K/home/orangepi/catkin_ws/src/Fast-Planner/fast_planner/poly_traj/include/poly_traj/polynomial_traj.h:[m[K In member function ‘[01m[Kdouble PolynomialTraj::getMeanVel()[m[K’:
[01m[K/home/orangepi/catkin_ws/src/Fast-Planner/fast_planner/poly_traj/include/poly_traj/polynomial_traj.h:178:3:[m[K [01;35m[Kwarning: [m[Kno return statement in function returning non-void [[01;35m[K-Wreturn-type[m[K]
  178 |   [01;35m[K}[m[K
      |   [01;35m[K^[m[K
In file included from [01m[K/home/orangepi/catkin_ws/src/Fast-Planner/fast_planner/plan_manage/include/plan_manage/plan_container.hpp:34[m[K,
                 from [01m[K/home/orangepi/catkin_ws/src/Fast-Planner/fast_planner/plan_manage/include/plan_manage/planner_manager.h:38[m[K,
                 from [01m[K/home/orangepi/catkin_ws/src/Fast-Planner/fast_planner/plan_manage/include/plan_manage/topo_replan_fsm.h:44[m[K,
                 from [01m[K/home/orangepi/catkin_ws/src/Fast-Planner/fast_planner/plan_manage/src/topo_replan_fsm.cpp:27[m[K:
[01m[K/home/orangepi/catkin_ws/src/Fast-Planner/fast_planner/poly_traj/include/poly_traj/polynomial_traj.h:[m[K In member function ‘[01m[Kdouble PolynomialTraj::getMeanVel()[m[K’:
[01m[K/home/orangepi/catkin_ws/src/Fast-Planner/fast_planner/poly_traj/include/poly_traj/polynomial_traj.h:178:3:[m[K [01;35m[Kwarning: [m[Kno return statement in function returning non-void [[01;35m[K-Wreturn-type[m[K]
  178 |   [01;35m[K}[m[K
      |   [01;35m[K^[m[K
[01m[K/home/orangepi/catkin_ws/src/Fast-Planner/fast_planner/plan_manage/src/topo_replan_fsm.cpp:[m[K In member function ‘[01m[Kbool fast_planner::TopoReplanFSM::callSearchAndOptimization()[m[K’:
[01m[K/home/orangepi/catkin_ws/src/Fast-Planner/fast_planner/plan_manage/src/topo_replan_fsm.cpp:372:50:[m[K [01;35m[Kwarning: [m[Kno return statement in function returning non-void [[01;35m[K-Wreturn-type[m[K]
  372 | bool TopoReplanFSM::callSearchAndOptimization() {[01;35m[K}[m[K
      |                                                  [01;35m[K^[m[K
/usr/bin/ld: 找不到 -lplan_env
/usr/bin/ld: 找不到 -lpath_searching
/usr/bin/ld: 找不到 -lbspline
/usr/bin/ld: 找不到 -lbspline_opt
/usr/bin/ld: 找不到 -ltraj_utils
collect2: error: ld returned 1 exit status
make[2]: *** [CMakeFiles/fast_planner_node.dir/build.make:513：/home/orangepi/catkin_ws/devel/.private/plan_manage/lib/plan_manage/fast_planner_node] 错误 1
make[1]: *** [CMakeFiles/Makefile2:3652：CMakeFiles/fast_planner_node.dir/all] 错误 2
make: *** [Makefile:146：all] 错误 2
