Unlinking: /home/orangepi/catkin_ws/devel/include/plan_manage/Bspline.h
Unlinking: /home/orangepi/catkin_ws/devel/lib/python3/dist-packages/plan_manage/__init__.py
Unlinking: /home/orangepi/catkin_ws/devel/lib/python3/dist-packages/plan_manage/msg/__init__.py
Unlinking: /home/orangepi/catkin_ws/devel/lib/python3/dist-packages/plan_manage/msg/_Bspline.py
Unlinking: /home/orangepi/catkin_ws/devel/lib/pkgconfig/plan_manage.pc
Unlinking: /home/orangepi/catkin_ws/devel/lib/plan_manage/traj_server
Unlinking: /home/orangepi/catkin_ws/devel/lib/plan_manage/fast_planner_node
Unlinking: /home/orangepi/catkin_ws/devel/share/roseus/ros/plan_manage/manifest.l
Unlinking: /home/orangepi/catkin_ws/devel/share/roseus/ros/plan_manage/msg/Bspline.l
Unlinking: /home/orangepi/catkin_ws/devel/share/gennodejs/ros/plan_manage/_index.js
Unlinking: /home/orangepi/catkin_ws/devel/share/gennodejs/ros/plan_manage/msg/_index.js
Unlinking: /home/orangepi/catkin_ws/devel/share/gennodejs/ros/plan_manage/msg/Bspline.js
Unlinking: /home/orangepi/catkin_ws/devel/share/plan_manage/cmake/plan_manage-msg-extras.cmake
Unlinking: /home/orangepi/catkin_ws/devel/share/plan_manage/cmake/plan_manage-msg-paths.cmake
Unlinking: /home/orangepi/catkin_ws/devel/share/plan_manage/cmake/plan_manageConfig-version.cmake
Unlinking: /home/orangepi/catkin_ws/devel/share/plan_manage/cmake/plan_manageConfig.cmake
Unlinking: /home/orangepi/catkin_ws/devel/share/common-lisp/ros/plan_manage/msg/plan_manage-msg.asd
Unlinking: /home/orangepi/catkin_ws/devel/share/common-lisp/ros/plan_manage/msg/Bspline.lisp
Unlinking: /home/orangepi/catkin_ws/devel/share/common-lisp/ros/plan_manage/msg/_package_Bspline.lisp
Unlinking: /home/orangepi/catkin_ws/devel/share/common-lisp/ros/plan_manage/msg/_package.lisp
