[  0%] [0mBuilt target _multi_map_server_generate_messages_check_deps_VerticalOccupancyGridList[0m
[  0%] [0mBuilt target geometry_msgs_generate_messages_py[0m
[  0%] [0mBuilt target nav_msgs_generate_messages_py[0m
[  0%] [0mBuilt target _multi_map_server_generate_messages_check_deps_MultiSparseMap3D[0m
[  0%] [0mBuilt target nav_msgs_generate_messages_cpp[0m
[  0%] [0mBuilt target geometry_msgs_generate_messages_cpp[0m
[  0%] [0mBuilt target _multi_map_server_generate_messages_check_deps_SparseMap3D[0m
[  0%] [0mBuilt target _multi_map_server_generate_messages_check_deps_MultiOccupancyGrid[0m
[  0%] [0mBuilt target nav_msgs_generate_messages_eus[0m
[  0%] [0mBuilt target nav_msgs_generate_messages_lisp[0m
[  0%] [0mBuilt target geometry_msgs_generate_messages_eus[0m
[  0%] [0mBuilt target nav_msgs_generate_messages_nodejs[0m
[  0%] [0mBuilt target geometry_msgs_generate_messages_lisp[0m
[  0%] [0mBuilt target geometry_msgs_generate_messages_nodejs[0m
[ 20%] [0mBuilt target multi_map_server_generate_messages_py[0m
[ 37%] [0mBuilt target multi_map_server_generate_messages_cpp[0m
[ 54%] [0mBuilt target multi_map_server_generate_messages_lisp[0m
[ 75%] [0mBuilt target multi_map_server_generate_messages_eus[0m
[ 91%] [0mBuilt target multi_map_server_generate_messages_nodejs[0m
[ 91%] [0mBuilt target multi_map_server_generate_messages[0m
[ 95%] [32mBuilding CXX object CMakeFiles/multi_map_visualization.dir/src/multi_map_visualization.cc.o[0m
[01m[K/home/orangepi/catkin_ws/src/Fast-Planner/uav_simulator/Utils/multi_map_server/src/multi_map_visualization.cc:4:10:[m[K [01;31m[Kfatal error: [m[Kpose_utils.h: 没有那个文件或目录
    4 | #include [01;31m[K<pose_utils.h>[m[K
      |          [01;31m[K^~~~~~~~~~~~~~[m[K
compilation terminated.
make[2]: *** [CMakeFiles/multi_map_visualization.dir/build.make:79：CMakeFiles/multi_map_visualization.dir/src/multi_map_visualization.cc.o] 错误 1
make[1]: *** [CMakeFiles/Makefile2:3019：CMakeFiles/multi_map_visualization.dir/all] 错误 2
make: *** [Makefile:146：all] 错误 2
