Linked: (/home/orangepi/catkin_ws/devel/.private/lslidar_msgs/include/lslidar_msgs/LslidarPoint.h, /home/orangepi/catkin_ws/devel/include/lslidar_msgs/LslidarPoint.h)
Linked: (/home/orangepi/catkin_ws/devel/.private/lslidar_msgs/include/lslidar_msgs/LslidarDifop.h, /home/orangepi/catkin_ws/devel/include/lslidar_msgs/LslidarDifop.h)
Linked: (/home/orangepi/catkin_ws/devel/.private/lslidar_msgs/include/lslidar_msgs/LslidarPacket.h, /home/orangepi/catkin_ws/devel/include/lslidar_msgs/LslidarPacket.h)
Linked: (/home/orangepi/catkin_ws/devel/.private/lslidar_msgs/include/lslidar_msgs/LslidarScan.h, /home/orangepi/catkin_ws/devel/include/lslidar_msgs/LslidarScan.h)
Linked: (/home/orangepi/catkin_ws/devel/.private/lslidar_msgs/include/lslidar_msgs/LslidarSweep.h, /home/orangepi/catkin_ws/devel/include/lslidar_msgs/LslidarSweep.h)
Linked: (/home/orangepi/catkin_ws/devel/.private/lslidar_msgs/lib/python3/dist-packages/lslidar_msgs/__init__.py, /home/orangepi/catkin_ws/devel/lib/python3/dist-packages/lslidar_msgs/__init__.py)
Linked: (/home/orangepi/catkin_ws/devel/.private/lslidar_msgs/lib/python3/dist-packages/lslidar_msgs/msg/_LslidarPoint.py, /home/orangepi/catkin_ws/devel/lib/python3/dist-packages/lslidar_msgs/msg/_LslidarPoint.py)
Linked: (/home/orangepi/catkin_ws/devel/.private/lslidar_msgs/lib/python3/dist-packages/lslidar_msgs/msg/_LslidarPacket.py, /home/orangepi/catkin_ws/devel/lib/python3/dist-packages/lslidar_msgs/msg/_LslidarPacket.py)
Linked: (/home/orangepi/catkin_ws/devel/.private/lslidar_msgs/lib/python3/dist-packages/lslidar_msgs/msg/_LslidarDifop.py, /home/orangepi/catkin_ws/devel/lib/python3/dist-packages/lslidar_msgs/msg/_LslidarDifop.py)
Linked: (/home/orangepi/catkin_ws/devel/.private/lslidar_msgs/lib/python3/dist-packages/lslidar_msgs/msg/_LslidarSweep.py, /home/orangepi/catkin_ws/devel/lib/python3/dist-packages/lslidar_msgs/msg/_LslidarSweep.py)
Linked: (/home/orangepi/catkin_ws/devel/.private/lslidar_msgs/lib/python3/dist-packages/lslidar_msgs/msg/_LslidarScan.py, /home/orangepi/catkin_ws/devel/lib/python3/dist-packages/lslidar_msgs/msg/_LslidarScan.py)
Linked: (/home/orangepi/catkin_ws/devel/.private/lslidar_msgs/lib/python3/dist-packages/lslidar_msgs/msg/__init__.py, /home/orangepi/catkin_ws/devel/lib/python3/dist-packages/lslidar_msgs/msg/__init__.py)
Linked: (/home/orangepi/catkin_ws/devel/.private/lslidar_msgs/lib/pkgconfig/lslidar_msgs.pc, /home/orangepi/catkin_ws/devel/lib/pkgconfig/lslidar_msgs.pc)
Linked: (/home/orangepi/catkin_ws/devel/.private/lslidar_msgs/share/roseus/ros/lslidar_msgs/manifest.l, /home/orangepi/catkin_ws/devel/share/roseus/ros/lslidar_msgs/manifest.l)
Linked: (/home/orangepi/catkin_ws/devel/.private/lslidar_msgs/share/roseus/ros/lslidar_msgs/msg/LslidarPoint.l, /home/orangepi/catkin_ws/devel/share/roseus/ros/lslidar_msgs/msg/LslidarPoint.l)
Linked: (/home/orangepi/catkin_ws/devel/.private/lslidar_msgs/share/roseus/ros/lslidar_msgs/msg/LslidarSweep.l, /home/orangepi/catkin_ws/devel/share/roseus/ros/lslidar_msgs/msg/LslidarSweep.l)
Linked: (/home/orangepi/catkin_ws/devel/.private/lslidar_msgs/share/roseus/ros/lslidar_msgs/msg/LslidarScan.l, /home/orangepi/catkin_ws/devel/share/roseus/ros/lslidar_msgs/msg/LslidarScan.l)
Linked: (/home/orangepi/catkin_ws/devel/.private/lslidar_msgs/share/roseus/ros/lslidar_msgs/msg/LslidarPacket.l, /home/orangepi/catkin_ws/devel/share/roseus/ros/lslidar_msgs/msg/LslidarPacket.l)
Linked: (/home/orangepi/catkin_ws/devel/.private/lslidar_msgs/share/roseus/ros/lslidar_msgs/msg/LslidarDifop.l, /home/orangepi/catkin_ws/devel/share/roseus/ros/lslidar_msgs/msg/LslidarDifop.l)
Linked: (/home/orangepi/catkin_ws/devel/.private/lslidar_msgs/share/lslidar_msgs/cmake/lslidar_msgs-msg-paths.cmake, /home/orangepi/catkin_ws/devel/share/lslidar_msgs/cmake/lslidar_msgs-msg-paths.cmake)
Linked: (/home/orangepi/catkin_ws/devel/.private/lslidar_msgs/share/lslidar_msgs/cmake/lslidar_msgsConfig-version.cmake, /home/orangepi/catkin_ws/devel/share/lslidar_msgs/cmake/lslidar_msgsConfig-version.cmake)
Linked: (/home/orangepi/catkin_ws/devel/.private/lslidar_msgs/share/lslidar_msgs/cmake/lslidar_msgsConfig.cmake, /home/orangepi/catkin_ws/devel/share/lslidar_msgs/cmake/lslidar_msgsConfig.cmake)
Linked: (/home/orangepi/catkin_ws/devel/.private/lslidar_msgs/share/lslidar_msgs/cmake/lslidar_msgs-msg-extras.cmake, /home/orangepi/catkin_ws/devel/share/lslidar_msgs/cmake/lslidar_msgs-msg-extras.cmake)
Linked: (/home/orangepi/catkin_ws/devel/.private/lslidar_msgs/share/gennodejs/ros/lslidar_msgs/_index.js, /home/orangepi/catkin_ws/devel/share/gennodejs/ros/lslidar_msgs/_index.js)
Linked: (/home/orangepi/catkin_ws/devel/.private/lslidar_msgs/share/gennodejs/ros/lslidar_msgs/msg/LslidarScan.js, /home/orangepi/catkin_ws/devel/share/gennodejs/ros/lslidar_msgs/msg/LslidarScan.js)
Linked: (/home/orangepi/catkin_ws/devel/.private/lslidar_msgs/share/gennodejs/ros/lslidar_msgs/msg/LslidarPoint.js, /home/orangepi/catkin_ws/devel/share/gennodejs/ros/lslidar_msgs/msg/LslidarPoint.js)
Linked: (/home/orangepi/catkin_ws/devel/.private/lslidar_msgs/share/gennodejs/ros/lslidar_msgs/msg/LslidarPacket.js, /home/orangepi/catkin_ws/devel/share/gennodejs/ros/lslidar_msgs/msg/LslidarPacket.js)
Linked: (/home/orangepi/catkin_ws/devel/.private/lslidar_msgs/share/gennodejs/ros/lslidar_msgs/msg/LslidarSweep.js, /home/orangepi/catkin_ws/devel/share/gennodejs/ros/lslidar_msgs/msg/LslidarSweep.js)
Linked: (/home/orangepi/catkin_ws/devel/.private/lslidar_msgs/share/gennodejs/ros/lslidar_msgs/msg/_index.js, /home/orangepi/catkin_ws/devel/share/gennodejs/ros/lslidar_msgs/msg/_index.js)
Linked: (/home/orangepi/catkin_ws/devel/.private/lslidar_msgs/share/gennodejs/ros/lslidar_msgs/msg/LslidarDifop.js, /home/orangepi/catkin_ws/devel/share/gennodejs/ros/lslidar_msgs/msg/LslidarDifop.js)
Linked: (/home/orangepi/catkin_ws/devel/.private/lslidar_msgs/share/common-lisp/ros/lslidar_msgs/msg/_package_LslidarPoint.lisp, /home/orangepi/catkin_ws/devel/share/common-lisp/ros/lslidar_msgs/msg/_package_LslidarPoint.lisp)
Linked: (/home/orangepi/catkin_ws/devel/.private/lslidar_msgs/share/common-lisp/ros/lslidar_msgs/msg/lslidar_msgs-msg.asd, /home/orangepi/catkin_ws/devel/share/common-lisp/ros/lslidar_msgs/msg/lslidar_msgs-msg.asd)
Linked: (/home/orangepi/catkin_ws/devel/.private/lslidar_msgs/share/common-lisp/ros/lslidar_msgs/msg/LslidarPacket.lisp, /home/orangepi/catkin_ws/devel/share/common-lisp/ros/lslidar_msgs/msg/LslidarPacket.lisp)
Linked: (/home/orangepi/catkin_ws/devel/.private/lslidar_msgs/share/common-lisp/ros/lslidar_msgs/msg/_package_LslidarScan.lisp, /home/orangepi/catkin_ws/devel/share/common-lisp/ros/lslidar_msgs/msg/_package_LslidarScan.lisp)
Linked: (/home/orangepi/catkin_ws/devel/.private/lslidar_msgs/share/common-lisp/ros/lslidar_msgs/msg/_package_LslidarDifop.lisp, /home/orangepi/catkin_ws/devel/share/common-lisp/ros/lslidar_msgs/msg/_package_LslidarDifop.lisp)
Linked: (/home/orangepi/catkin_ws/devel/.private/lslidar_msgs/share/common-lisp/ros/lslidar_msgs/msg/LslidarScan.lisp, /home/orangepi/catkin_ws/devel/share/common-lisp/ros/lslidar_msgs/msg/LslidarScan.lisp)
Linked: (/home/orangepi/catkin_ws/devel/.private/lslidar_msgs/share/common-lisp/ros/lslidar_msgs/msg/_package_LslidarPacket.lisp, /home/orangepi/catkin_ws/devel/share/common-lisp/ros/lslidar_msgs/msg/_package_LslidarPacket.lisp)
Linked: (/home/orangepi/catkin_ws/devel/.private/lslidar_msgs/share/common-lisp/ros/lslidar_msgs/msg/LslidarPoint.lisp, /home/orangepi/catkin_ws/devel/share/common-lisp/ros/lslidar_msgs/msg/LslidarPoint.lisp)
Linked: (/home/orangepi/catkin_ws/devel/.private/lslidar_msgs/share/common-lisp/ros/lslidar_msgs/msg/LslidarSweep.lisp, /home/orangepi/catkin_ws/devel/share/common-lisp/ros/lslidar_msgs/msg/LslidarSweep.lisp)
Linked: (/home/orangepi/catkin_ws/devel/.private/lslidar_msgs/share/common-lisp/ros/lslidar_msgs/msg/_package_LslidarSweep.lisp, /home/orangepi/catkin_ws/devel/share/common-lisp/ros/lslidar_msgs/msg/_package_LslidarSweep.lisp)
Linked: (/home/orangepi/catkin_ws/devel/.private/lslidar_msgs/share/common-lisp/ros/lslidar_msgs/msg/_package.lisp, /home/orangepi/catkin_ws/devel/share/common-lisp/ros/lslidar_msgs/msg/_package.lisp)
Linked: (/home/orangepi/catkin_ws/devel/.private/lslidar_msgs/share/common-lisp/ros/lslidar_msgs/msg/LslidarDifop.lisp, /home/orangepi/catkin_ws/devel/share/common-lisp/ros/lslidar_msgs/msg/LslidarDifop.lisp)
