[  1%] [0mBuilt target astra_camera_gencfg[0m
[  1%] [0mBuilt target sensor_msgs_generate_messages_py[0m
[  1%] [0mBuilt target std_msgs_generate_messages_py[0m
[  1%] [0mBuilt target _astra_camera_generate_messages_check_deps_SetString[0m
[  1%] [0mBuilt target _astra_camera_generate_messages_check_deps_DeviceInfo[0m
[  1%] [0mBuilt target _astra_camera_generate_messages_check_deps_Extrinsics[0m
[  1%] [0mBuilt target _astra_camera_generate_messages_check_deps_Metadata[0m
[  1%] [0mBuilt target _astra_camera_generate_messages_check_deps_GetBool[0m
[  1%] [0mBuilt target _astra_camera_generate_messages_check_deps_GetCameraInfo[0m
[  1%] [0mBuilt target _astra_camera_generate_messages_check_deps_GetDeviceInfo[0m
[  1%] [0mBuilt target _astra_camera_generate_messages_check_deps_GetCameraParams[0m
[  1%] [0mBuilt target _astra_camera_generate_messages_check_deps_GetDouble[0m
[  1%] [0mBuilt target _astra_camera_generate_messages_check_deps_GetInt32[0m
[  1%] [0mBuilt target _astra_camera_generate_messages_check_deps_GetString[0m
[  1%] [0mBuilt target sensor_msgs_generate_messages_cpp[0m
[  1%] [0mBuilt target _astra_camera_generate_messages_check_deps_SetInt32[0m
[  1%] [0mBuilt target std_msgs_generate_messages_cpp[0m
[  1%] [0mBuilt target std_msgs_generate_messages_eus[0m
[  1%] [0mBuilt target sensor_msgs_generate_messages_eus[0m
[  1%] [0mBuilt target sensor_msgs_generate_messages_nodejs[0m
[  1%] [0mBuilt target std_msgs_generate_messages_lisp[0m
[  1%] [0mBuilt target std_msgs_generate_messages_nodejs[0m
[  1%] [0mBuilt target sensor_msgs_generate_messages_lisp[0m
[  1%] [0mBuilt target geometry_msgs_generate_messages_eus[0m
[  1%] [0mBuilt target geometry_msgs_generate_messages_cpp[0m
[  1%] [0mBuilt target geometry_msgs_generate_messages_nodejs[0m
[  1%] [0mBuilt target geometry_msgs_generate_messages_lisp[0m
[  1%] [0mBuilt target geometry_msgs_generate_messages_py[0m
[  1%] [0mBuilt target dynamic_reconfigure_generate_messages_cpp[0m
[  1%] [0mBuilt target dynamic_reconfigure_generate_messages_eus[0m
[  1%] [0mBuilt target dynamic_reconfigure_generate_messages_lisp[0m
[  1%] [0mBuilt target dynamic_reconfigure_generate_messages_py[0m
[  1%] [0mBuilt target dynamic_reconfigure_generate_messages_nodejs[0m
[  1%] [0mBuilt target dynamic_reconfigure_gencfg[0m
[  1%] [0mBuilt target roscpp_generate_messages_cpp[0m
[  1%] [0mBuilt target roscpp_generate_messages_eus[0m
[  1%] [0mBuilt target roscpp_generate_messages_lisp[0m
[  1%] [0mBuilt target roscpp_generate_messages_nodejs[0m
[  1%] [0mBuilt target roscpp_generate_messages_py[0m
[  1%] [0mBuilt target rosgraph_msgs_generate_messages_cpp[0m
[  1%] [0mBuilt target rosgraph_msgs_generate_messages_eus[0m
[  1%] [0mBuilt target rosgraph_msgs_generate_messages_lisp[0m
[  1%] [0mBuilt target rosgraph_msgs_generate_messages_nodejs[0m
[  1%] [0mBuilt target rosgraph_msgs_generate_messages_py[0m
[  1%] [0mBuilt target std_srvs_generate_messages_cpp[0m
[  1%] [0mBuilt target std_srvs_generate_messages_eus[0m
[  1%] [0mBuilt target std_srvs_generate_messages_nodejs[0m
[  1%] [0mBuilt target std_srvs_generate_messages_lisp[0m
[  1%] [0mBuilt target std_srvs_generate_messages_py[0m
[  1%] [0mBuilt target tf2_msgs_generate_messages_cpp[0m
[  1%] [0mBuilt target tf2_msgs_generate_messages_eus[0m
[  1%] [0mBuilt target tf2_msgs_generate_messages_lisp[0m
[  1%] [0mBuilt target tf2_msgs_generate_messages_nodejs[0m
[  1%] [0mBuilt target tf2_msgs_generate_messages_py[0m
[  1%] [0mBuilt target actionlib_msgs_generate_messages_cpp[0m
[  1%] [0mBuilt target actionlib_msgs_generate_messages_eus[0m
[  1%] [0mBuilt target actionlib_msgs_generate_messages_lisp[0m
[  1%] [0mBuilt target actionlib_msgs_generate_messages_py[0m
[  1%] [0mBuilt target actionlib_msgs_generate_messages_nodejs[0m
[  1%] [0mBuilt target actionlib_generate_messages_cpp[0m
[  1%] [0mBuilt target actionlib_generate_messages_eus[0m
[  1%] [0mBuilt target actionlib_generate_messages_nodejs[0m
[  1%] [0mBuilt target actionlib_generate_messages_lisp[0m
[  1%] [0mBuilt target actionlib_generate_messages_py[0m
[ 18%] [0mBuilt target astra_camera_generate_messages_py[0m
[ 34%] [0mBuilt target astra_camera_generate_messages_cpp[0m
[ 50%] [0mBuilt target astra_camera_generate_messages_eus[0m
[ 65%] [0mBuilt target astra_camera_generate_messages_lisp[0m
[ 81%] [0mBuilt target astra_camera_generate_messages_nodejs[0m
[ 81%] [0mBuilt target astra_camera_generate_messages[0m
[ 94%] [0mBuilt target astra_camera[0m
[ 97%] [0mBuilt target astra_camera_node[0m
[100%] [0mBuilt target list_devices_node[0m
