Linked: (/home/orangepi/catkin_ws/devel/.private/astra_camera/include/astra_camera/GetDeviceInfoResponse.h, /home/orangepi/catkin_ws/devel/include/astra_camera/GetDeviceInfoResponse.h)
Linked: (/home/orangepi/catkin_ws/devel/.private/astra_camera/include/astra_camera/GetBool.h, /home/orangepi/catkin_ws/devel/include/astra_camera/GetBool.h)
Linked: (/home/orangepi/catkin_ws/devel/.private/astra_camera/include/astra_camera/GetCameraParamsRequest.h, /home/orangepi/catkin_ws/devel/include/astra_camera/GetCameraParamsRequest.h)
Linked: (/home/orangepi/catkin_ws/devel/.private/astra_camera/include/astra_camera/AstraConfig.h, /home/orangepi/catkin_ws/devel/include/astra_camera/AstraConfig.h)
Linked: (/home/orangepi/catkin_ws/devel/.private/astra_camera/include/astra_camera/GetDoubleResponse.h, /home/orangepi/catkin_ws/devel/include/astra_camera/GetDoubleResponse.h)
Linked: (/home/orangepi/catkin_ws/devel/.private/astra_camera/include/astra_camera/GetCameraInfo.h, /home/orangepi/catkin_ws/devel/include/astra_camera/GetCameraInfo.h)
Linked: (/home/orangepi/catkin_ws/devel/.private/astra_camera/include/astra_camera/SetString.h, /home/orangepi/catkin_ws/devel/include/astra_camera/SetString.h)
Linked: (/home/orangepi/catkin_ws/devel/.private/astra_camera/include/astra_camera/SetStringRequest.h, /home/orangepi/catkin_ws/devel/include/astra_camera/SetStringRequest.h)
Linked: (/home/orangepi/catkin_ws/devel/.private/astra_camera/include/astra_camera/SetStringResponse.h, /home/orangepi/catkin_ws/devel/include/astra_camera/SetStringResponse.h)
Linked: (/home/orangepi/catkin_ws/devel/.private/astra_camera/include/astra_camera/DeviceInfo.h, /home/orangepi/catkin_ws/devel/include/astra_camera/DeviceInfo.h)
Linked: (/home/orangepi/catkin_ws/devel/.private/astra_camera/include/astra_camera/GetInt32Response.h, /home/orangepi/catkin_ws/devel/include/astra_camera/GetInt32Response.h)
Linked: (/home/orangepi/catkin_ws/devel/.private/astra_camera/include/astra_camera/GetBoolRequest.h, /home/orangepi/catkin_ws/devel/include/astra_camera/GetBoolRequest.h)
Linked: (/home/orangepi/catkin_ws/devel/.private/astra_camera/include/astra_camera/GetCameraInfoResponse.h, /home/orangepi/catkin_ws/devel/include/astra_camera/GetCameraInfoResponse.h)
Linked: (/home/orangepi/catkin_ws/devel/.private/astra_camera/include/astra_camera/GetCameraParams.h, /home/orangepi/catkin_ws/devel/include/astra_camera/GetCameraParams.h)
Linked: (/home/orangepi/catkin_ws/devel/.private/astra_camera/include/astra_camera/GetDouble.h, /home/orangepi/catkin_ws/devel/include/astra_camera/GetDouble.h)
Linked: (/home/orangepi/catkin_ws/devel/.private/astra_camera/include/astra_camera/SetInt32Response.h, /home/orangepi/catkin_ws/devel/include/astra_camera/SetInt32Response.h)
Linked: (/home/orangepi/catkin_ws/devel/.private/astra_camera/include/astra_camera/GetStringResponse.h, /home/orangepi/catkin_ws/devel/include/astra_camera/GetStringResponse.h)
Linked: (/home/orangepi/catkin_ws/devel/.private/astra_camera/include/astra_camera/GetInt32Request.h, /home/orangepi/catkin_ws/devel/include/astra_camera/GetInt32Request.h)
Linked: (/home/orangepi/catkin_ws/devel/.private/astra_camera/include/astra_camera/Metadata.h, /home/orangepi/catkin_ws/devel/include/astra_camera/Metadata.h)
Linked: (/home/orangepi/catkin_ws/devel/.private/astra_camera/include/astra_camera/GetString.h, /home/orangepi/catkin_ws/devel/include/astra_camera/GetString.h)
Linked: (/home/orangepi/catkin_ws/devel/.private/astra_camera/include/astra_camera/GetDeviceInfo.h, /home/orangepi/catkin_ws/devel/include/astra_camera/GetDeviceInfo.h)
Linked: (/home/orangepi/catkin_ws/devel/.private/astra_camera/include/astra_camera/GetInt32.h, /home/orangepi/catkin_ws/devel/include/astra_camera/GetInt32.h)
Linked: (/home/orangepi/catkin_ws/devel/.private/astra_camera/include/astra_camera/GetDoubleRequest.h, /home/orangepi/catkin_ws/devel/include/astra_camera/GetDoubleRequest.h)
Linked: (/home/orangepi/catkin_ws/devel/.private/astra_camera/include/astra_camera/GetBoolResponse.h, /home/orangepi/catkin_ws/devel/include/astra_camera/GetBoolResponse.h)
Linked: (/home/orangepi/catkin_ws/devel/.private/astra_camera/include/astra_camera/GetDeviceInfoRequest.h, /home/orangepi/catkin_ws/devel/include/astra_camera/GetDeviceInfoRequest.h)
Linked: (/home/orangepi/catkin_ws/devel/.private/astra_camera/include/astra_camera/GetCameraInfoRequest.h, /home/orangepi/catkin_ws/devel/include/astra_camera/GetCameraInfoRequest.h)
Linked: (/home/orangepi/catkin_ws/devel/.private/astra_camera/include/astra_camera/Extrinsics.h, /home/orangepi/catkin_ws/devel/include/astra_camera/Extrinsics.h)
Linked: (/home/orangepi/catkin_ws/devel/.private/astra_camera/include/astra_camera/GetStringRequest.h, /home/orangepi/catkin_ws/devel/include/astra_camera/GetStringRequest.h)
Linked: (/home/orangepi/catkin_ws/devel/.private/astra_camera/include/astra_camera/GetCameraParamsResponse.h, /home/orangepi/catkin_ws/devel/include/astra_camera/GetCameraParamsResponse.h)
Linked: (/home/orangepi/catkin_ws/devel/.private/astra_camera/include/astra_camera/SetInt32.h, /home/orangepi/catkin_ws/devel/include/astra_camera/SetInt32.h)
Linked: (/home/orangepi/catkin_ws/devel/.private/astra_camera/include/astra_camera/SetInt32Request.h, /home/orangepi/catkin_ws/devel/include/astra_camera/SetInt32Request.h)
Linked: (/home/orangepi/catkin_ws/devel/.private/astra_camera/lib/libastra_camera.so, /home/orangepi/catkin_ws/devel/lib/libastra_camera.so)
Linked: (/home/orangepi/catkin_ws/devel/.private/astra_camera/lib/python3/dist-packages/astra_camera/__init__.py, /home/orangepi/catkin_ws/devel/lib/python3/dist-packages/astra_camera/__init__.py)
Linked: (/home/orangepi/catkin_ws/devel/.private/astra_camera/lib/python3/dist-packages/astra_camera/msg/_Extrinsics.py, /home/orangepi/catkin_ws/devel/lib/python3/dist-packages/astra_camera/msg/_Extrinsics.py)
Linked: (/home/orangepi/catkin_ws/devel/.private/astra_camera/lib/python3/dist-packages/astra_camera/msg/_Metadata.py, /home/orangepi/catkin_ws/devel/lib/python3/dist-packages/astra_camera/msg/_Metadata.py)
Linked: (/home/orangepi/catkin_ws/devel/.private/astra_camera/lib/python3/dist-packages/astra_camera/msg/_DeviceInfo.py, /home/orangepi/catkin_ws/devel/lib/python3/dist-packages/astra_camera/msg/_DeviceInfo.py)
Linked: (/home/orangepi/catkin_ws/devel/.private/astra_camera/lib/python3/dist-packages/astra_camera/msg/__init__.py, /home/orangepi/catkin_ws/devel/lib/python3/dist-packages/astra_camera/msg/__init__.py)
Linked: (/home/orangepi/catkin_ws/devel/.private/astra_camera/lib/python3/dist-packages/astra_camera/srv/_SetString.py, /home/orangepi/catkin_ws/devel/lib/python3/dist-packages/astra_camera/srv/_SetString.py)
Linked: (/home/orangepi/catkin_ws/devel/.private/astra_camera/lib/python3/dist-packages/astra_camera/srv/_GetCameraParams.py, /home/orangepi/catkin_ws/devel/lib/python3/dist-packages/astra_camera/srv/_GetCameraParams.py)
Linked: (/home/orangepi/catkin_ws/devel/.private/astra_camera/lib/python3/dist-packages/astra_camera/srv/_SetInt32.py, /home/orangepi/catkin_ws/devel/lib/python3/dist-packages/astra_camera/srv/_SetInt32.py)
Linked: (/home/orangepi/catkin_ws/devel/.private/astra_camera/lib/python3/dist-packages/astra_camera/srv/_GetString.py, /home/orangepi/catkin_ws/devel/lib/python3/dist-packages/astra_camera/srv/_GetString.py)
Linked: (/home/orangepi/catkin_ws/devel/.private/astra_camera/lib/python3/dist-packages/astra_camera/srv/_GetDouble.py, /home/orangepi/catkin_ws/devel/lib/python3/dist-packages/astra_camera/srv/_GetDouble.py)
Linked: (/home/orangepi/catkin_ws/devel/.private/astra_camera/lib/python3/dist-packages/astra_camera/srv/__init__.py, /home/orangepi/catkin_ws/devel/lib/python3/dist-packages/astra_camera/srv/__init__.py)
Linked: (/home/orangepi/catkin_ws/devel/.private/astra_camera/lib/python3/dist-packages/astra_camera/srv/_GetBool.py, /home/orangepi/catkin_ws/devel/lib/python3/dist-packages/astra_camera/srv/_GetBool.py)
Linked: (/home/orangepi/catkin_ws/devel/.private/astra_camera/lib/python3/dist-packages/astra_camera/srv/_GetInt32.py, /home/orangepi/catkin_ws/devel/lib/python3/dist-packages/astra_camera/srv/_GetInt32.py)
Linked: (/home/orangepi/catkin_ws/devel/.private/astra_camera/lib/python3/dist-packages/astra_camera/srv/_GetDeviceInfo.py, /home/orangepi/catkin_ws/devel/lib/python3/dist-packages/astra_camera/srv/_GetDeviceInfo.py)
Linked: (/home/orangepi/catkin_ws/devel/.private/astra_camera/lib/python3/dist-packages/astra_camera/srv/_GetCameraInfo.py, /home/orangepi/catkin_ws/devel/lib/python3/dist-packages/astra_camera/srv/_GetCameraInfo.py)
Linked: (/home/orangepi/catkin_ws/devel/.private/astra_camera/lib/python3/dist-packages/astra_camera/cfg/__init__.py, /home/orangepi/catkin_ws/devel/lib/python3/dist-packages/astra_camera/cfg/__init__.py)
Linked: (/home/orangepi/catkin_ws/devel/.private/astra_camera/lib/python3/dist-packages/astra_camera/cfg/AstraConfig.py, /home/orangepi/catkin_ws/devel/lib/python3/dist-packages/astra_camera/cfg/AstraConfig.py)
Linked: (/home/orangepi/catkin_ws/devel/.private/astra_camera/lib/astra_camera/list_devices_node, /home/orangepi/catkin_ws/devel/lib/astra_camera/list_devices_node)
Linked: (/home/orangepi/catkin_ws/devel/.private/astra_camera/lib/astra_camera/astra_camera_node, /home/orangepi/catkin_ws/devel/lib/astra_camera/astra_camera_node)
Linked: (/home/orangepi/catkin_ws/devel/.private/astra_camera/lib/pkgconfig/astra_camera.pc, /home/orangepi/catkin_ws/devel/lib/pkgconfig/astra_camera.pc)
Linked: (/home/orangepi/catkin_ws/devel/.private/astra_camera/share/roseus/ros/astra_camera/manifest.l, /home/orangepi/catkin_ws/devel/share/roseus/ros/astra_camera/manifest.l)
Linked: (/home/orangepi/catkin_ws/devel/.private/astra_camera/share/roseus/ros/astra_camera/msg/Extrinsics.l, /home/orangepi/catkin_ws/devel/share/roseus/ros/astra_camera/msg/Extrinsics.l)
Linked: (/home/orangepi/catkin_ws/devel/.private/astra_camera/share/roseus/ros/astra_camera/msg/DeviceInfo.l, /home/orangepi/catkin_ws/devel/share/roseus/ros/astra_camera/msg/DeviceInfo.l)
Linked: (/home/orangepi/catkin_ws/devel/.private/astra_camera/share/roseus/ros/astra_camera/msg/Metadata.l, /home/orangepi/catkin_ws/devel/share/roseus/ros/astra_camera/msg/Metadata.l)
Linked: (/home/orangepi/catkin_ws/devel/.private/astra_camera/share/roseus/ros/astra_camera/srv/GetString.l, /home/orangepi/catkin_ws/devel/share/roseus/ros/astra_camera/srv/GetString.l)
Linked: (/home/orangepi/catkin_ws/devel/.private/astra_camera/share/roseus/ros/astra_camera/srv/GetCameraParams.l, /home/orangepi/catkin_ws/devel/share/roseus/ros/astra_camera/srv/GetCameraParams.l)
Linked: (/home/orangepi/catkin_ws/devel/.private/astra_camera/share/roseus/ros/astra_camera/srv/GetBool.l, /home/orangepi/catkin_ws/devel/share/roseus/ros/astra_camera/srv/GetBool.l)
Linked: (/home/orangepi/catkin_ws/devel/.private/astra_camera/share/roseus/ros/astra_camera/srv/GetDouble.l, /home/orangepi/catkin_ws/devel/share/roseus/ros/astra_camera/srv/GetDouble.l)
Linked: (/home/orangepi/catkin_ws/devel/.private/astra_camera/share/roseus/ros/astra_camera/srv/GetInt32.l, /home/orangepi/catkin_ws/devel/share/roseus/ros/astra_camera/srv/GetInt32.l)
Linked: (/home/orangepi/catkin_ws/devel/.private/astra_camera/share/roseus/ros/astra_camera/srv/GetCameraInfo.l, /home/orangepi/catkin_ws/devel/share/roseus/ros/astra_camera/srv/GetCameraInfo.l)
Linked: (/home/orangepi/catkin_ws/devel/.private/astra_camera/share/roseus/ros/astra_camera/srv/GetDeviceInfo.l, /home/orangepi/catkin_ws/devel/share/roseus/ros/astra_camera/srv/GetDeviceInfo.l)
Linked: (/home/orangepi/catkin_ws/devel/.private/astra_camera/share/roseus/ros/astra_camera/srv/SetString.l, /home/orangepi/catkin_ws/devel/share/roseus/ros/astra_camera/srv/SetString.l)
Linked: (/home/orangepi/catkin_ws/devel/.private/astra_camera/share/roseus/ros/astra_camera/srv/SetInt32.l, /home/orangepi/catkin_ws/devel/share/roseus/ros/astra_camera/srv/SetInt32.l)
Linked: (/home/orangepi/catkin_ws/devel/.private/astra_camera/share/astra_camera/docs/AstraConfig.dox, /home/orangepi/catkin_ws/devel/share/astra_camera/docs/AstraConfig.dox)
Linked: (/home/orangepi/catkin_ws/devel/.private/astra_camera/share/astra_camera/docs/AstraConfig.wikidoc, /home/orangepi/catkin_ws/devel/share/astra_camera/docs/AstraConfig.wikidoc)
Linked: (/home/orangepi/catkin_ws/devel/.private/astra_camera/share/astra_camera/docs/AstraConfig-usage.dox, /home/orangepi/catkin_ws/devel/share/astra_camera/docs/AstraConfig-usage.dox)
Linked: (/home/orangepi/catkin_ws/devel/.private/astra_camera/share/astra_camera/cmake/astra_camera-msg-paths.cmake, /home/orangepi/catkin_ws/devel/share/astra_camera/cmake/astra_camera-msg-paths.cmake)
Linked: (/home/orangepi/catkin_ws/devel/.private/astra_camera/share/astra_camera/cmake/astra_cameraConfig-version.cmake, /home/orangepi/catkin_ws/devel/share/astra_camera/cmake/astra_cameraConfig-version.cmake)
Linked: (/home/orangepi/catkin_ws/devel/.private/astra_camera/share/astra_camera/cmake/astra_cameraConfig.cmake, /home/orangepi/catkin_ws/devel/share/astra_camera/cmake/astra_cameraConfig.cmake)
Linked: (/home/orangepi/catkin_ws/devel/.private/astra_camera/share/astra_camera/cmake/astra_camera-msg-extras.cmake, /home/orangepi/catkin_ws/devel/share/astra_camera/cmake/astra_camera-msg-extras.cmake)
Linked: (/home/orangepi/catkin_ws/devel/.private/astra_camera/share/gennodejs/ros/astra_camera/_index.js, /home/orangepi/catkin_ws/devel/share/gennodejs/ros/astra_camera/_index.js)
Linked: (/home/orangepi/catkin_ws/devel/.private/astra_camera/share/gennodejs/ros/astra_camera/msg/DeviceInfo.js, /home/orangepi/catkin_ws/devel/share/gennodejs/ros/astra_camera/msg/DeviceInfo.js)
Linked: (/home/orangepi/catkin_ws/devel/.private/astra_camera/share/gennodejs/ros/astra_camera/msg/_index.js, /home/orangepi/catkin_ws/devel/share/gennodejs/ros/astra_camera/msg/_index.js)
Linked: (/home/orangepi/catkin_ws/devel/.private/astra_camera/share/gennodejs/ros/astra_camera/msg/Extrinsics.js, /home/orangepi/catkin_ws/devel/share/gennodejs/ros/astra_camera/msg/Extrinsics.js)
Linked: (/home/orangepi/catkin_ws/devel/.private/astra_camera/share/gennodejs/ros/astra_camera/msg/Metadata.js, /home/orangepi/catkin_ws/devel/share/gennodejs/ros/astra_camera/msg/Metadata.js)
Linked: (/home/orangepi/catkin_ws/devel/.private/astra_camera/share/gennodejs/ros/astra_camera/srv/SetInt32.js, /home/orangepi/catkin_ws/devel/share/gennodejs/ros/astra_camera/srv/SetInt32.js)
Linked: (/home/orangepi/catkin_ws/devel/.private/astra_camera/share/gennodejs/ros/astra_camera/srv/SetString.js, /home/orangepi/catkin_ws/devel/share/gennodejs/ros/astra_camera/srv/SetString.js)
Linked: (/home/orangepi/catkin_ws/devel/.private/astra_camera/share/gennodejs/ros/astra_camera/srv/GetCameraInfo.js, /home/orangepi/catkin_ws/devel/share/gennodejs/ros/astra_camera/srv/GetCameraInfo.js)
Linked: (/home/orangepi/catkin_ws/devel/.private/astra_camera/share/gennodejs/ros/astra_camera/srv/GetString.js, /home/orangepi/catkin_ws/devel/share/gennodejs/ros/astra_camera/srv/GetString.js)
Linked: (/home/orangepi/catkin_ws/devel/.private/astra_camera/share/gennodejs/ros/astra_camera/srv/GetBool.js, /home/orangepi/catkin_ws/devel/share/gennodejs/ros/astra_camera/srv/GetBool.js)
Linked: (/home/orangepi/catkin_ws/devel/.private/astra_camera/share/gennodejs/ros/astra_camera/srv/GetCameraParams.js, /home/orangepi/catkin_ws/devel/share/gennodejs/ros/astra_camera/srv/GetCameraParams.js)
Linked: (/home/orangepi/catkin_ws/devel/.private/astra_camera/share/gennodejs/ros/astra_camera/srv/GetDouble.js, /home/orangepi/catkin_ws/devel/share/gennodejs/ros/astra_camera/srv/GetDouble.js)
Linked: (/home/orangepi/catkin_ws/devel/.private/astra_camera/share/gennodejs/ros/astra_camera/srv/GetInt32.js, /home/orangepi/catkin_ws/devel/share/gennodejs/ros/astra_camera/srv/GetInt32.js)
Linked: (/home/orangepi/catkin_ws/devel/.private/astra_camera/share/gennodejs/ros/astra_camera/srv/_index.js, /home/orangepi/catkin_ws/devel/share/gennodejs/ros/astra_camera/srv/_index.js)
Linked: (/home/orangepi/catkin_ws/devel/.private/astra_camera/share/gennodejs/ros/astra_camera/srv/GetDeviceInfo.js, /home/orangepi/catkin_ws/devel/share/gennodejs/ros/astra_camera/srv/GetDeviceInfo.js)
Linked: (/home/orangepi/catkin_ws/devel/.private/astra_camera/share/common-lisp/ros/astra_camera/msg/Extrinsics.lisp, /home/orangepi/catkin_ws/devel/share/common-lisp/ros/astra_camera/msg/Extrinsics.lisp)
Linked: (/home/orangepi/catkin_ws/devel/.private/astra_camera/share/common-lisp/ros/astra_camera/msg/Metadata.lisp, /home/orangepi/catkin_ws/devel/share/common-lisp/ros/astra_camera/msg/Metadata.lisp)
Linked: (/home/orangepi/catkin_ws/devel/.private/astra_camera/share/common-lisp/ros/astra_camera/msg/DeviceInfo.lisp, /home/orangepi/catkin_ws/devel/share/common-lisp/ros/astra_camera/msg/DeviceInfo.lisp)
Linked: (/home/orangepi/catkin_ws/devel/.private/astra_camera/share/common-lisp/ros/astra_camera/msg/_package_Metadata.lisp, /home/orangepi/catkin_ws/devel/share/common-lisp/ros/astra_camera/msg/_package_Metadata.lisp)
Linked: (/home/orangepi/catkin_ws/devel/.private/astra_camera/share/common-lisp/ros/astra_camera/msg/_package.lisp, /home/orangepi/catkin_ws/devel/share/common-lisp/ros/astra_camera/msg/_package.lisp)
Linked: (/home/orangepi/catkin_ws/devel/.private/astra_camera/share/common-lisp/ros/astra_camera/msg/astra_camera-msg.asd, /home/orangepi/catkin_ws/devel/share/common-lisp/ros/astra_camera/msg/astra_camera-msg.asd)
Linked: (/home/orangepi/catkin_ws/devel/.private/astra_camera/share/common-lisp/ros/astra_camera/msg/_package_DeviceInfo.lisp, /home/orangepi/catkin_ws/devel/share/common-lisp/ros/astra_camera/msg/_package_DeviceInfo.lisp)
Linked: (/home/orangepi/catkin_ws/devel/.private/astra_camera/share/common-lisp/ros/astra_camera/msg/_package_Extrinsics.lisp, /home/orangepi/catkin_ws/devel/share/common-lisp/ros/astra_camera/msg/_package_Extrinsics.lisp)
Linked: (/home/orangepi/catkin_ws/devel/.private/astra_camera/share/common-lisp/ros/astra_camera/srv/GetInt32.lisp, /home/orangepi/catkin_ws/devel/share/common-lisp/ros/astra_camera/srv/GetInt32.lisp)
Linked: (/home/orangepi/catkin_ws/devel/.private/astra_camera/share/common-lisp/ros/astra_camera/srv/GetString.lisp, /home/orangepi/catkin_ws/devel/share/common-lisp/ros/astra_camera/srv/GetString.lisp)
Linked: (/home/orangepi/catkin_ws/devel/.private/astra_camera/share/common-lisp/ros/astra_camera/srv/GetBool.lisp, /home/orangepi/catkin_ws/devel/share/common-lisp/ros/astra_camera/srv/GetBool.lisp)
Linked: (/home/orangepi/catkin_ws/devel/.private/astra_camera/share/common-lisp/ros/astra_camera/srv/_package_GetDeviceInfo.lisp, /home/orangepi/catkin_ws/devel/share/common-lisp/ros/astra_camera/srv/_package_GetDeviceInfo.lisp)
Linked: (/home/orangepi/catkin_ws/devel/.private/astra_camera/share/common-lisp/ros/astra_camera/srv/_package_GetCameraInfo.lisp, /home/orangepi/catkin_ws/devel/share/common-lisp/ros/astra_camera/srv/_package_GetCameraInfo.lisp)
Linked: (/home/orangepi/catkin_ws/devel/.private/astra_camera/share/common-lisp/ros/astra_camera/srv/_package_GetCameraParams.lisp, /home/orangepi/catkin_ws/devel/share/common-lisp/ros/astra_camera/srv/_package_GetCameraParams.lisp)
Linked: (/home/orangepi/catkin_ws/devel/.private/astra_camera/share/common-lisp/ros/astra_camera/srv/_package_GetDouble.lisp, /home/orangepi/catkin_ws/devel/share/common-lisp/ros/astra_camera/srv/_package_GetDouble.lisp)
Linked: (/home/orangepi/catkin_ws/devel/.private/astra_camera/share/common-lisp/ros/astra_camera/srv/SetInt32.lisp, /home/orangepi/catkin_ws/devel/share/common-lisp/ros/astra_camera/srv/SetInt32.lisp)
Linked: (/home/orangepi/catkin_ws/devel/.private/astra_camera/share/common-lisp/ros/astra_camera/srv/_package_SetString.lisp, /home/orangepi/catkin_ws/devel/share/common-lisp/ros/astra_camera/srv/_package_SetString.lisp)
Linked: (/home/orangepi/catkin_ws/devel/.private/astra_camera/share/common-lisp/ros/astra_camera/srv/GetDouble.lisp, /home/orangepi/catkin_ws/devel/share/common-lisp/ros/astra_camera/srv/GetDouble.lisp)
Linked: (/home/orangepi/catkin_ws/devel/.private/astra_camera/share/common-lisp/ros/astra_camera/srv/_package_GetString.lisp, /home/orangepi/catkin_ws/devel/share/common-lisp/ros/astra_camera/srv/_package_GetString.lisp)
Linked: (/home/orangepi/catkin_ws/devel/.private/astra_camera/share/common-lisp/ros/astra_camera/srv/_package_GetBool.lisp, /home/orangepi/catkin_ws/devel/share/common-lisp/ros/astra_camera/srv/_package_GetBool.lisp)
Linked: (/home/orangepi/catkin_ws/devel/.private/astra_camera/share/common-lisp/ros/astra_camera/srv/GetCameraInfo.lisp, /home/orangepi/catkin_ws/devel/share/common-lisp/ros/astra_camera/srv/GetCameraInfo.lisp)
Linked: (/home/orangepi/catkin_ws/devel/.private/astra_camera/share/common-lisp/ros/astra_camera/srv/GetDeviceInfo.lisp, /home/orangepi/catkin_ws/devel/share/common-lisp/ros/astra_camera/srv/GetDeviceInfo.lisp)
Linked: (/home/orangepi/catkin_ws/devel/.private/astra_camera/share/common-lisp/ros/astra_camera/srv/GetCameraParams.lisp, /home/orangepi/catkin_ws/devel/share/common-lisp/ros/astra_camera/srv/GetCameraParams.lisp)
Linked: (/home/orangepi/catkin_ws/devel/.private/astra_camera/share/common-lisp/ros/astra_camera/srv/_package_SetInt32.lisp, /home/orangepi/catkin_ws/devel/share/common-lisp/ros/astra_camera/srv/_package_SetInt32.lisp)
Linked: (/home/orangepi/catkin_ws/devel/.private/astra_camera/share/common-lisp/ros/astra_camera/srv/SetString.lisp, /home/orangepi/catkin_ws/devel/share/common-lisp/ros/astra_camera/srv/SetString.lisp)
Linked: (/home/orangepi/catkin_ws/devel/.private/astra_camera/share/common-lisp/ros/astra_camera/srv/astra_camera-srv.asd, /home/orangepi/catkin_ws/devel/share/common-lisp/ros/astra_camera/srv/astra_camera-srv.asd)
Linked: (/home/orangepi/catkin_ws/devel/.private/astra_camera/share/common-lisp/ros/astra_camera/srv/_package_GetInt32.lisp, /home/orangepi/catkin_ws/devel/share/common-lisp/ros/astra_camera/srv/_package_GetInt32.lisp)
Linked: (/home/orangepi/catkin_ws/devel/.private/astra_camera/share/common-lisp/ros/astra_camera/srv/_package.lisp, /home/orangepi/catkin_ws/devel/share/common-lisp/ros/astra_camera/srv/_package.lisp)
