Linked: (/home/orangepi/catkin_ws/devel/.private/moveit_tutorials/lib/libcontroller_manager_example.so, /home/orangepi/catkin_ws/devel/lib/libcontroller_manager_example.so)
Linked: (/home/orangepi/catkin_ws/devel/.private/moveit_tutorials/lib/libinteractivity_utils.so, /home/orangepi/catkin_ws/devel/lib/libinteractivity_utils.so)
Linked: (/home/orangepi/catkin_ws/devel/.private/moveit_tutorials/lib/libmoveit_lerp_planner_plugin.so.0.1.0, /home/orangepi/catkin_ws/devel/lib/libmoveit_lerp_planner_plugin.so.0.1.0)
Linked: (/home/orangepi/catkin_ws/devel/.private/moveit_tutorials/lib/libmoveit_lerp_planner_plugin.so, /home/orangepi/catkin_ws/devel/lib/libmoveit_lerp_planner_plugin.so)
Linked: (/home/orangepi/catkin_ws/devel/.private/moveit_tutorials/lib/moveit_tutorials/collision_scene_example.py, /home/orangepi/catkin_ws/devel/lib/moveit_tutorials/collision_scene_example.py)
Linked: (/home/orangepi/catkin_ws/devel/.private/moveit_tutorials/lib/moveit_tutorials/state_display_tutorial, /home/orangepi/catkin_ws/devel/lib/moveit_tutorials/state_display_tutorial)
Linked: (/home/orangepi/catkin_ws/devel/.private/moveit_tutorials/lib/moveit_tutorials/robot_model_and_robot_state_tutorial, /home/orangepi/catkin_ws/devel/lib/moveit_tutorials/robot_model_and_robot_state_tutorial)
Linked: (/home/orangepi/catkin_ws/devel/.private/moveit_tutorials/lib/moveit_tutorials/bullet_collision_checker_tutorial, /home/orangepi/catkin_ws/devel/lib/moveit_tutorials/bullet_collision_checker_tutorial)
Linked: (/home/orangepi/catkin_ws/devel/.private/moveit_tutorials/lib/moveit_tutorials/pick_place_tutorial, /home/orangepi/catkin_ws/devel/lib/moveit_tutorials/pick_place_tutorial)
Linked: (/home/orangepi/catkin_ws/devel/.private/moveit_tutorials/lib/moveit_tutorials/motion_planning_pipeline_tutorial, /home/orangepi/catkin_ws/devel/lib/moveit_tutorials/motion_planning_pipeline_tutorial)
Linked: (/home/orangepi/catkin_ws/devel/.private/moveit_tutorials/lib/moveit_tutorials/subframes_tutorial, /home/orangepi/catkin_ws/devel/lib/moveit_tutorials/subframes_tutorial)
Linked: (/home/orangepi/catkin_ws/devel/.private/moveit_tutorials/lib/moveit_tutorials/move_group_interface_tutorial, /home/orangepi/catkin_ws/devel/lib/moveit_tutorials/move_group_interface_tutorial)
Linked: (/home/orangepi/catkin_ws/devel/.private/moveit_tutorials/lib/moveit_tutorials/planning_scene_ros_api_tutorial, /home/orangepi/catkin_ws/devel/lib/moveit_tutorials/planning_scene_ros_api_tutorial)
Linked: (/home/orangepi/catkin_ws/devel/.private/moveit_tutorials/lib/moveit_tutorials/ros_api_tutorial, /home/orangepi/catkin_ws/devel/lib/moveit_tutorials/ros_api_tutorial)
Linked: (/home/orangepi/catkin_ws/devel/.private/moveit_tutorials/lib/moveit_tutorials/move_group_python_interface_tutorial.py, /home/orangepi/catkin_ws/devel/lib/moveit_tutorials/move_group_python_interface_tutorial.py)
Linked: (/home/orangepi/catkin_ws/devel/.private/moveit_tutorials/lib/moveit_tutorials/detect_and_add_cylinder_collision_object_demo, /home/orangepi/catkin_ws/devel/lib/moveit_tutorials/detect_and_add_cylinder_collision_object_demo)
Linked: (/home/orangepi/catkin_ws/devel/.private/moveit_tutorials/lib/moveit_tutorials/lerp_example, /home/orangepi/catkin_ws/devel/lib/moveit_tutorials/lerp_example)
Linked: (/home/orangepi/catkin_ws/devel/.private/moveit_tutorials/lib/moveit_tutorials/moveit_cpp_tutorial, /home/orangepi/catkin_ws/devel/lib/moveit_tutorials/moveit_cpp_tutorial)
Linked: (/home/orangepi/catkin_ws/devel/.private/moveit_tutorials/lib/moveit_tutorials/planning_scene_tutorial, /home/orangepi/catkin_ws/devel/lib/moveit_tutorials/planning_scene_tutorial)
Linked: (/home/orangepi/catkin_ws/devel/.private/moveit_tutorials/lib/moveit_tutorials/motion_planning_api_tutorial, /home/orangepi/catkin_ws/devel/lib/moveit_tutorials/motion_planning_api_tutorial)
Linked: (/home/orangepi/catkin_ws/devel/.private/moveit_tutorials/lib/moveit_tutorials/bag_publisher_maintain_time, /home/orangepi/catkin_ws/devel/lib/moveit_tutorials/bag_publisher_maintain_time)
Linked: (/home/orangepi/catkin_ws/devel/.private/moveit_tutorials/lib/moveit_tutorials/trajopt_example, /home/orangepi/catkin_ws/devel/lib/moveit_tutorials/trajopt_example)
Linked: (/home/orangepi/catkin_ws/devel/.private/moveit_tutorials/lib/moveit_tutorials/visualizing_collisions_tutorial, /home/orangepi/catkin_ws/devel/lib/moveit_tutorials/visualizing_collisions_tutorial)
Linked: (/home/orangepi/catkin_ws/devel/.private/moveit_tutorials/lib/pkgconfig/moveit_tutorials.pc, /home/orangepi/catkin_ws/devel/lib/pkgconfig/moveit_tutorials.pc)
Linked: (/home/orangepi/catkin_ws/devel/.private/moveit_tutorials/share/moveit_tutorials/cmake/moveit_tutorialsConfig.cmake, /home/orangepi/catkin_ws/devel/share/moveit_tutorials/cmake/moveit_tutorialsConfig.cmake)
Linked: (/home/orangepi/catkin_ws/devel/.private/moveit_tutorials/share/moveit_tutorials/cmake/moveit_tutorialsConfig-version.cmake, /home/orangepi/catkin_ws/devel/share/moveit_tutorials/cmake/moveit_tutorialsConfig-version.cmake)
