[  0%] [0mBuilt target std_srvs_generate_messages_py[0m
[  0%] [0mBuilt target shape_msgs_generate_messages_cpp[0m
[  0%] [0mBuilt target shape_msgs_generate_messages_eus[0m
[  0%] [0mBuilt target shape_msgs_generate_messages_lisp[0m
[  0%] [0mBuilt target shape_msgs_generate_messages_nodejs[0m
[  0%] [0mBuilt target shape_msgs_generate_messages_py[0m
[  0%] [0mBuilt target geometry_msgs_generate_messages_cpp[0m
[  0%] [0mBuilt target geometry_msgs_generate_messages_eus[0m
[  0%] [0mBuilt target geometry_msgs_generate_messages_lisp[0m
[  0%] [0mBuilt target geometry_msgs_generate_messages_nodejs[0m
[  0%] [0mBuilt target geometry_msgs_generate_messages_py[0m
[  0%] [0mBuilt target std_msgs_generate_messages_cpp[0m
[  0%] [0mBuilt target std_msgs_generate_messages_eus[0m
[  0%] [0mBuilt target std_msgs_generate_messages_lisp[0m
[  0%] [0mBuilt target std_msgs_generate_messages_nodejs[0m
[  0%] [0mBuilt target std_msgs_generate_messages_py[0m
[  0%] [0mBuilt target visualization_msgs_generate_messages_cpp[0m
[  0%] [0mBuilt target visualization_msgs_generate_messages_eus[0m
[  0%] [0mBuilt target visualization_msgs_generate_messages_lisp[0m
[  0%] [0mBuilt target visualization_msgs_generate_messages_nodejs[0m
[  0%] [0mBuilt target visualization_msgs_generate_messages_py[0m
[  0%] [0mBuilt target roscpp_generate_messages_cpp[0m
[  0%] [0mBuilt target roscpp_generate_messages_eus[0m
[  0%] [0mBuilt target roscpp_generate_messages_lisp[0m
[  0%] [0mBuilt target roscpp_generate_messages_nodejs[0m
[  0%] [0mBuilt target roscpp_generate_messages_py[0m
[  0%] [0mBuilt target rosgraph_msgs_generate_messages_cpp[0m
[  0%] [0mBuilt target rosgraph_msgs_generate_messages_eus[0m
[  0%] [0mBuilt target rosgraph_msgs_generate_messages_lisp[0m
[  0%] [0mBuilt target rosgraph_msgs_generate_messages_nodejs[0m
[  0%] [0mBuilt target rosgraph_msgs_generate_messages_py[0m
[  0%] [0mBuilt target moveit_msgs_generate_messages_eus[0m
[  0%] [0mBuilt target moveit_msgs_generate_messages_cpp[0m
[  0%] [0mBuilt target moveit_msgs_generate_messages_nodejs[0m
[  0%] [0mBuilt target moveit_msgs_generate_messages_lisp[0m
[  0%] [0mBuilt target actionlib_msgs_generate_messages_cpp[0m
[  0%] [0mBuilt target actionlib_msgs_generate_messages_eus[0m
[  0%] [0mBuilt target moveit_msgs_generate_messages_py[0m
[  0%] [0mBuilt target actionlib_msgs_generate_messages_lisp[0m
[  0%] [0mBuilt target actionlib_msgs_generate_messages_nodejs[0m
[  0%] [0mBuilt target actionlib_msgs_generate_messages_py[0m
[  0%] [0mBuilt target _catkin_empty_exported_target[0m
[  0%] [0mBuilt target sensor_msgs_generate_messages_cpp[0m
[  0%] [0mBuilt target sensor_msgs_generate_messages_eus[0m
[  0%] [0mBuilt target sensor_msgs_generate_messages_lisp[0m
[  0%] [0mBuilt target sensor_msgs_generate_messages_nodejs[0m
[  0%] [0mBuilt target sensor_msgs_generate_messages_py[0m
[  0%] [0mBuilt target trajectory_msgs_generate_messages_cpp[0m
[  0%] [0mBuilt target trajectory_msgs_generate_messages_eus[0m
[  0%] [0mBuilt target trajectory_msgs_generate_messages_lisp[0m
[  0%] [0mBuilt target trajectory_msgs_generate_messages_py[0m
[  0%] [0mBuilt target trajectory_msgs_generate_messages_nodejs[0m
[  0%] [0mBuilt target object_recognition_msgs_generate_messages_cpp[0m
[  0%] [0mBuilt target object_recognition_msgs_generate_messages_eus[0m
[  0%] [0mBuilt target object_recognition_msgs_generate_messages_lisp[0m
[  0%] [0mBuilt target object_recognition_msgs_generate_messages_nodejs[0m
[  0%] [0mBuilt target object_recognition_msgs_generate_messages_py[0m
[  0%] [0mBuilt target octomap_msgs_generate_messages_cpp[0m
[  0%] [0mBuilt target octomap_msgs_generate_messages_lisp[0m
[  0%] [0mBuilt target octomap_msgs_generate_messages_eus[0m
[  0%] [0mBuilt target octomap_msgs_generate_messages_nodejs[0m
[  0%] [0mBuilt target tf2_msgs_generate_messages_cpp[0m
[  0%] [0mBuilt target octomap_msgs_generate_messages_py[0m
[  0%] [0mBuilt target tf2_msgs_generate_messages_eus[0m
[  0%] [0mBuilt target tf2_msgs_generate_messages_lisp[0m
[  0%] [0mBuilt target tf2_msgs_generate_messages_nodejs[0m
[  0%] [0mBuilt target tf2_msgs_generate_messages_py[0m
[  0%] [0mBuilt target actionlib_generate_messages_cpp[0m
[  0%] [0mBuilt target actionlib_generate_messages_nodejs[0m
[  0%] [0mBuilt target actionlib_generate_messages_eus[0m
[  0%] [0mBuilt target actionlib_generate_messages_lisp[0m
[  0%] [0mBuilt target moveit_ros_planning_gencfg[0m
[  0%] [0mBuilt target actionlib_generate_messages_py[0m
[  0%] [0mBuilt target dynamic_reconfigure_generate_messages_cpp[0m
[  0%] [0mBuilt target dynamic_reconfigure_generate_messages_eus[0m
[  0%] [0mBuilt target dynamic_reconfigure_generate_messages_lisp[0m
[  0%] [0mBuilt target dynamic_reconfigure_generate_messages_nodejs[0m
[  0%] [0mBuilt target std_srvs_generate_messages_eus[0m
[  0%] [0mBuilt target std_srvs_generate_messages_cpp[0m
[  0%] [0mBuilt target dynamic_reconfigure_generate_messages_py[0m
[  0%] [0mBuilt target dynamic_reconfigure_gencfg[0m
[  0%] [0mBuilt target std_srvs_generate_messages_nodejs[0m
[  0%] [0mBuilt target std_srvs_generate_messages_lisp[0m
[ 10%] [0mBuilt target list_move_group_capabilities[0m
[ 26%] [0mBuilt target moveit_move_group_capabilities_base[0m
[ 36%] [0mBuilt target move_group[0m
[100%] [0mBuilt target moveit_move_group_default_capabilities[0m
