[  0%] [0mBuilt target std_msgs_generate_messages_py[0m
[  0%] [0mBuilt target _ros_arduino_msgs_generate_messages_check_deps_AnalogRead[0m
[  0%] [0mBuilt target _ros_arduino_msgs_generate_messages_check_deps_Analog[0m
[  0%] [0mBuilt target _ros_arduino_msgs_generate_messages_check_deps_AnalogFloat[0m
[  0%] [0mBuilt target _ros_arduino_msgs_generate_messages_check_deps_ArduinoConstants[0m
[  0%] [0mBuilt target _ros_arduino_msgs_generate_messages_check_deps_Digital[0m
[  0%] [0mBuilt target _ros_arduino_msgs_generate_messages_check_deps_SensorState[0m
[  0%] [0mBuilt target _ros_arduino_msgs_generate_messages_check_deps_DigitalWrite[0m
[  0%] [0mBuilt target _ros_arduino_msgs_generate_messages_check_deps_DigitalSetDirection[0m
[  0%] [0mBuilt target _ros_arduino_msgs_generate_messages_check_deps_DigitalRead[0m
[  0%] [0mBuilt target _ros_arduino_msgs_generate_messages_check_deps_ServoRead[0m
[  0%] [0mBuilt target std_msgs_generate_messages_cpp[0m
[  0%] [0mBuilt target std_msgs_generate_messages_eus[0m
[  0%] [0mBuilt target _ros_arduino_msgs_generate_messages_check_deps_AnalogWrite[0m
[  0%] [0mBuilt target std_msgs_generate_messages_lisp[0m
[  0%] [0mBuilt target std_msgs_generate_messages_nodejs[0m
[  0%] [0mBuilt target _ros_arduino_msgs_generate_messages_check_deps_ServoWrite[0m
[ 22%] [0mBuilt target ros_arduino_msgs_generate_messages_py[0m
[ 42%] [0mBuilt target ros_arduino_msgs_generate_messages_eus[0m
[ 61%] [0mBuilt target ros_arduino_msgs_generate_messages_cpp[0m
[ 80%] [0mBuilt target ros_arduino_msgs_generate_messages_lisp[0m
[100%] [0mBuilt target ros_arduino_msgs_generate_messages_nodejs[0m
[100%] [0mBuilt target ros_arduino_msgs_generate_messages[0m
