Linked: (/home/orangepi/catkin_ws/devel/.private/ros_arduino_msgs/include/ros_arduino_msgs/Digital.h, /home/orangepi/catkin_ws/devel/include/ros_arduino_msgs/Digital.h)
Linked: (/home/orangepi/catkin_ws/devel/.private/ros_arduino_msgs/include/ros_arduino_msgs/ServoWrite.h, /home/orangepi/catkin_ws/devel/include/ros_arduino_msgs/ServoWrite.h)
Linked: (/home/orangepi/catkin_ws/devel/.private/ros_arduino_msgs/include/ros_arduino_msgs/DigitalSetDirection.h, /home/orangepi/catkin_ws/devel/include/ros_arduino_msgs/DigitalSetDirection.h)
Linked: (/home/orangepi/catkin_ws/devel/.private/ros_arduino_msgs/include/ros_arduino_msgs/DigitalReadRequest.h, /home/orangepi/catkin_ws/devel/include/ros_arduino_msgs/DigitalReadRequest.h)
Linked: (/home/orangepi/catkin_ws/devel/.private/ros_arduino_msgs/include/ros_arduino_msgs/Analog.h, /home/orangepi/catkin_ws/devel/include/ros_arduino_msgs/Analog.h)
Linked: (/home/orangepi/catkin_ws/devel/.private/ros_arduino_msgs/include/ros_arduino_msgs/DigitalWriteResponse.h, /home/orangepi/catkin_ws/devel/include/ros_arduino_msgs/DigitalWriteResponse.h)
Linked: (/home/orangepi/catkin_ws/devel/.private/ros_arduino_msgs/include/ros_arduino_msgs/DigitalSetDirectionRequest.h, /home/orangepi/catkin_ws/devel/include/ros_arduino_msgs/DigitalSetDirectionRequest.h)
Linked: (/home/orangepi/catkin_ws/devel/.private/ros_arduino_msgs/include/ros_arduino_msgs/AnalogReadResponse.h, /home/orangepi/catkin_ws/devel/include/ros_arduino_msgs/AnalogReadResponse.h)
Linked: (/home/orangepi/catkin_ws/devel/.private/ros_arduino_msgs/include/ros_arduino_msgs/AnalogRead.h, /home/orangepi/catkin_ws/devel/include/ros_arduino_msgs/AnalogRead.h)
Linked: (/home/orangepi/catkin_ws/devel/.private/ros_arduino_msgs/include/ros_arduino_msgs/DigitalWrite.h, /home/orangepi/catkin_ws/devel/include/ros_arduino_msgs/DigitalWrite.h)
Linked: (/home/orangepi/catkin_ws/devel/.private/ros_arduino_msgs/include/ros_arduino_msgs/ServoReadRequest.h, /home/orangepi/catkin_ws/devel/include/ros_arduino_msgs/ServoReadRequest.h)
Linked: (/home/orangepi/catkin_ws/devel/.private/ros_arduino_msgs/include/ros_arduino_msgs/ServoReadResponse.h, /home/orangepi/catkin_ws/devel/include/ros_arduino_msgs/ServoReadResponse.h)
Linked: (/home/orangepi/catkin_ws/devel/.private/ros_arduino_msgs/include/ros_arduino_msgs/AnalogWriteRequest.h, /home/orangepi/catkin_ws/devel/include/ros_arduino_msgs/AnalogWriteRequest.h)
Linked: (/home/orangepi/catkin_ws/devel/.private/ros_arduino_msgs/include/ros_arduino_msgs/AnalogFloat.h, /home/orangepi/catkin_ws/devel/include/ros_arduino_msgs/AnalogFloat.h)
Linked: (/home/orangepi/catkin_ws/devel/.private/ros_arduino_msgs/include/ros_arduino_msgs/DigitalWriteRequest.h, /home/orangepi/catkin_ws/devel/include/ros_arduino_msgs/DigitalWriteRequest.h)
Linked: (/home/orangepi/catkin_ws/devel/.private/ros_arduino_msgs/include/ros_arduino_msgs/AnalogReadRequest.h, /home/orangepi/catkin_ws/devel/include/ros_arduino_msgs/AnalogReadRequest.h)
Linked: (/home/orangepi/catkin_ws/devel/.private/ros_arduino_msgs/include/ros_arduino_msgs/ServoWriteRequest.h, /home/orangepi/catkin_ws/devel/include/ros_arduino_msgs/ServoWriteRequest.h)
Linked: (/home/orangepi/catkin_ws/devel/.private/ros_arduino_msgs/include/ros_arduino_msgs/DigitalSetDirectionResponse.h, /home/orangepi/catkin_ws/devel/include/ros_arduino_msgs/DigitalSetDirectionResponse.h)
Linked: (/home/orangepi/catkin_ws/devel/.private/ros_arduino_msgs/include/ros_arduino_msgs/DigitalReadResponse.h, /home/orangepi/catkin_ws/devel/include/ros_arduino_msgs/DigitalReadResponse.h)
Linked: (/home/orangepi/catkin_ws/devel/.private/ros_arduino_msgs/include/ros_arduino_msgs/ArduinoConstants.h, /home/orangepi/catkin_ws/devel/include/ros_arduino_msgs/ArduinoConstants.h)
Linked: (/home/orangepi/catkin_ws/devel/.private/ros_arduino_msgs/include/ros_arduino_msgs/ServoWriteResponse.h, /home/orangepi/catkin_ws/devel/include/ros_arduino_msgs/ServoWriteResponse.h)
Linked: (/home/orangepi/catkin_ws/devel/.private/ros_arduino_msgs/include/ros_arduino_msgs/ServoRead.h, /home/orangepi/catkin_ws/devel/include/ros_arduino_msgs/ServoRead.h)
Linked: (/home/orangepi/catkin_ws/devel/.private/ros_arduino_msgs/include/ros_arduino_msgs/AnalogWrite.h, /home/orangepi/catkin_ws/devel/include/ros_arduino_msgs/AnalogWrite.h)
Linked: (/home/orangepi/catkin_ws/devel/.private/ros_arduino_msgs/include/ros_arduino_msgs/DigitalRead.h, /home/orangepi/catkin_ws/devel/include/ros_arduino_msgs/DigitalRead.h)
Linked: (/home/orangepi/catkin_ws/devel/.private/ros_arduino_msgs/include/ros_arduino_msgs/AnalogWriteResponse.h, /home/orangepi/catkin_ws/devel/include/ros_arduino_msgs/AnalogWriteResponse.h)
Linked: (/home/orangepi/catkin_ws/devel/.private/ros_arduino_msgs/include/ros_arduino_msgs/SensorState.h, /home/orangepi/catkin_ws/devel/include/ros_arduino_msgs/SensorState.h)
Linked: (/home/orangepi/catkin_ws/devel/.private/ros_arduino_msgs/lib/python3/dist-packages/ros_arduino_msgs/__init__.py, /home/orangepi/catkin_ws/devel/lib/python3/dist-packages/ros_arduino_msgs/__init__.py)
Linked: (/home/orangepi/catkin_ws/devel/.private/ros_arduino_msgs/lib/python3/dist-packages/ros_arduino_msgs/msg/_ArduinoConstants.py, /home/orangepi/catkin_ws/devel/lib/python3/dist-packages/ros_arduino_msgs/msg/_ArduinoConstants.py)
Linked: (/home/orangepi/catkin_ws/devel/.private/ros_arduino_msgs/lib/python3/dist-packages/ros_arduino_msgs/msg/_Digital.py, /home/orangepi/catkin_ws/devel/lib/python3/dist-packages/ros_arduino_msgs/msg/_Digital.py)
Linked: (/home/orangepi/catkin_ws/devel/.private/ros_arduino_msgs/lib/python3/dist-packages/ros_arduino_msgs/msg/_AnalogFloat.py, /home/orangepi/catkin_ws/devel/lib/python3/dist-packages/ros_arduino_msgs/msg/_AnalogFloat.py)
Linked: (/home/orangepi/catkin_ws/devel/.private/ros_arduino_msgs/lib/python3/dist-packages/ros_arduino_msgs/msg/__init__.py, /home/orangepi/catkin_ws/devel/lib/python3/dist-packages/ros_arduino_msgs/msg/__init__.py)
Linked: (/home/orangepi/catkin_ws/devel/.private/ros_arduino_msgs/lib/python3/dist-packages/ros_arduino_msgs/msg/_Analog.py, /home/orangepi/catkin_ws/devel/lib/python3/dist-packages/ros_arduino_msgs/msg/_Analog.py)
Linked: (/home/orangepi/catkin_ws/devel/.private/ros_arduino_msgs/lib/python3/dist-packages/ros_arduino_msgs/msg/_SensorState.py, /home/orangepi/catkin_ws/devel/lib/python3/dist-packages/ros_arduino_msgs/msg/_SensorState.py)
Linked: (/home/orangepi/catkin_ws/devel/.private/ros_arduino_msgs/lib/python3/dist-packages/ros_arduino_msgs/srv/_DigitalWrite.py, /home/orangepi/catkin_ws/devel/lib/python3/dist-packages/ros_arduino_msgs/srv/_DigitalWrite.py)
Linked: (/home/orangepi/catkin_ws/devel/.private/ros_arduino_msgs/lib/python3/dist-packages/ros_arduino_msgs/srv/_DigitalSetDirection.py, /home/orangepi/catkin_ws/devel/lib/python3/dist-packages/ros_arduino_msgs/srv/_DigitalSetDirection.py)
Linked: (/home/orangepi/catkin_ws/devel/.private/ros_arduino_msgs/lib/python3/dist-packages/ros_arduino_msgs/srv/_DigitalRead.py, /home/orangepi/catkin_ws/devel/lib/python3/dist-packages/ros_arduino_msgs/srv/_DigitalRead.py)
Linked: (/home/orangepi/catkin_ws/devel/.private/ros_arduino_msgs/lib/python3/dist-packages/ros_arduino_msgs/srv/_ServoWrite.py, /home/orangepi/catkin_ws/devel/lib/python3/dist-packages/ros_arduino_msgs/srv/_ServoWrite.py)
Linked: (/home/orangepi/catkin_ws/devel/.private/ros_arduino_msgs/lib/python3/dist-packages/ros_arduino_msgs/srv/_AnalogRead.py, /home/orangepi/catkin_ws/devel/lib/python3/dist-packages/ros_arduino_msgs/srv/_AnalogRead.py)
Linked: (/home/orangepi/catkin_ws/devel/.private/ros_arduino_msgs/lib/python3/dist-packages/ros_arduino_msgs/srv/__init__.py, /home/orangepi/catkin_ws/devel/lib/python3/dist-packages/ros_arduino_msgs/srv/__init__.py)
Linked: (/home/orangepi/catkin_ws/devel/.private/ros_arduino_msgs/lib/python3/dist-packages/ros_arduino_msgs/srv/_ServoRead.py, /home/orangepi/catkin_ws/devel/lib/python3/dist-packages/ros_arduino_msgs/srv/_ServoRead.py)
Linked: (/home/orangepi/catkin_ws/devel/.private/ros_arduino_msgs/lib/python3/dist-packages/ros_arduino_msgs/srv/_AnalogWrite.py, /home/orangepi/catkin_ws/devel/lib/python3/dist-packages/ros_arduino_msgs/srv/_AnalogWrite.py)
Linked: (/home/orangepi/catkin_ws/devel/.private/ros_arduino_msgs/lib/pkgconfig/ros_arduino_msgs.pc, /home/orangepi/catkin_ws/devel/lib/pkgconfig/ros_arduino_msgs.pc)
Linked: (/home/orangepi/catkin_ws/devel/.private/ros_arduino_msgs/share/roseus/ros/ros_arduino_msgs/manifest.l, /home/orangepi/catkin_ws/devel/share/roseus/ros/ros_arduino_msgs/manifest.l)
Linked: (/home/orangepi/catkin_ws/devel/.private/ros_arduino_msgs/share/roseus/ros/ros_arduino_msgs/msg/SensorState.l, /home/orangepi/catkin_ws/devel/share/roseus/ros/ros_arduino_msgs/msg/SensorState.l)
Linked: (/home/orangepi/catkin_ws/devel/.private/ros_arduino_msgs/share/roseus/ros/ros_arduino_msgs/msg/AnalogFloat.l, /home/orangepi/catkin_ws/devel/share/roseus/ros/ros_arduino_msgs/msg/AnalogFloat.l)
Linked: (/home/orangepi/catkin_ws/devel/.private/ros_arduino_msgs/share/roseus/ros/ros_arduino_msgs/msg/Analog.l, /home/orangepi/catkin_ws/devel/share/roseus/ros/ros_arduino_msgs/msg/Analog.l)
Linked: (/home/orangepi/catkin_ws/devel/.private/ros_arduino_msgs/share/roseus/ros/ros_arduino_msgs/msg/Digital.l, /home/orangepi/catkin_ws/devel/share/roseus/ros/ros_arduino_msgs/msg/Digital.l)
Linked: (/home/orangepi/catkin_ws/devel/.private/ros_arduino_msgs/share/roseus/ros/ros_arduino_msgs/msg/ArduinoConstants.l, /home/orangepi/catkin_ws/devel/share/roseus/ros/ros_arduino_msgs/msg/ArduinoConstants.l)
Linked: (/home/orangepi/catkin_ws/devel/.private/ros_arduino_msgs/share/roseus/ros/ros_arduino_msgs/srv/DigitalWrite.l, /home/orangepi/catkin_ws/devel/share/roseus/ros/ros_arduino_msgs/srv/DigitalWrite.l)
Linked: (/home/orangepi/catkin_ws/devel/.private/ros_arduino_msgs/share/roseus/ros/ros_arduino_msgs/srv/AnalogRead.l, /home/orangepi/catkin_ws/devel/share/roseus/ros/ros_arduino_msgs/srv/AnalogRead.l)
Linked: (/home/orangepi/catkin_ws/devel/.private/ros_arduino_msgs/share/roseus/ros/ros_arduino_msgs/srv/ServoWrite.l, /home/orangepi/catkin_ws/devel/share/roseus/ros/ros_arduino_msgs/srv/ServoWrite.l)
Linked: (/home/orangepi/catkin_ws/devel/.private/ros_arduino_msgs/share/roseus/ros/ros_arduino_msgs/srv/AnalogWrite.l, /home/orangepi/catkin_ws/devel/share/roseus/ros/ros_arduino_msgs/srv/AnalogWrite.l)
Linked: (/home/orangepi/catkin_ws/devel/.private/ros_arduino_msgs/share/roseus/ros/ros_arduino_msgs/srv/ServoRead.l, /home/orangepi/catkin_ws/devel/share/roseus/ros/ros_arduino_msgs/srv/ServoRead.l)
Linked: (/home/orangepi/catkin_ws/devel/.private/ros_arduino_msgs/share/roseus/ros/ros_arduino_msgs/srv/DigitalSetDirection.l, /home/orangepi/catkin_ws/devel/share/roseus/ros/ros_arduino_msgs/srv/DigitalSetDirection.l)
Linked: (/home/orangepi/catkin_ws/devel/.private/ros_arduino_msgs/share/roseus/ros/ros_arduino_msgs/srv/DigitalRead.l, /home/orangepi/catkin_ws/devel/share/roseus/ros/ros_arduino_msgs/srv/DigitalRead.l)
Linked: (/home/orangepi/catkin_ws/devel/.private/ros_arduino_msgs/share/ros_arduino_msgs/cmake/ros_arduino_msgs-msg-extras.cmake, /home/orangepi/catkin_ws/devel/share/ros_arduino_msgs/cmake/ros_arduino_msgs-msg-extras.cmake)
Linked: (/home/orangepi/catkin_ws/devel/.private/ros_arduino_msgs/share/ros_arduino_msgs/cmake/ros_arduino_msgsConfig-version.cmake, /home/orangepi/catkin_ws/devel/share/ros_arduino_msgs/cmake/ros_arduino_msgsConfig-version.cmake)
Linked: (/home/orangepi/catkin_ws/devel/.private/ros_arduino_msgs/share/ros_arduino_msgs/cmake/ros_arduino_msgsConfig.cmake, /home/orangepi/catkin_ws/devel/share/ros_arduino_msgs/cmake/ros_arduino_msgsConfig.cmake)
Linked: (/home/orangepi/catkin_ws/devel/.private/ros_arduino_msgs/share/ros_arduino_msgs/cmake/ros_arduino_msgs-msg-paths.cmake, /home/orangepi/catkin_ws/devel/share/ros_arduino_msgs/cmake/ros_arduino_msgs-msg-paths.cmake)
Linked: (/home/orangepi/catkin_ws/devel/.private/ros_arduino_msgs/share/gennodejs/ros/ros_arduino_msgs/_index.js, /home/orangepi/catkin_ws/devel/share/gennodejs/ros/ros_arduino_msgs/_index.js)
Linked: (/home/orangepi/catkin_ws/devel/.private/ros_arduino_msgs/share/gennodejs/ros/ros_arduino_msgs/msg/Digital.js, /home/orangepi/catkin_ws/devel/share/gennodejs/ros/ros_arduino_msgs/msg/Digital.js)
Linked: (/home/orangepi/catkin_ws/devel/.private/ros_arduino_msgs/share/gennodejs/ros/ros_arduino_msgs/msg/Analog.js, /home/orangepi/catkin_ws/devel/share/gennodejs/ros/ros_arduino_msgs/msg/Analog.js)
Linked: (/home/orangepi/catkin_ws/devel/.private/ros_arduino_msgs/share/gennodejs/ros/ros_arduino_msgs/msg/ArduinoConstants.js, /home/orangepi/catkin_ws/devel/share/gennodejs/ros/ros_arduino_msgs/msg/ArduinoConstants.js)
Linked: (/home/orangepi/catkin_ws/devel/.private/ros_arduino_msgs/share/gennodejs/ros/ros_arduino_msgs/msg/_index.js, /home/orangepi/catkin_ws/devel/share/gennodejs/ros/ros_arduino_msgs/msg/_index.js)
Linked: (/home/orangepi/catkin_ws/devel/.private/ros_arduino_msgs/share/gennodejs/ros/ros_arduino_msgs/msg/AnalogFloat.js, /home/orangepi/catkin_ws/devel/share/gennodejs/ros/ros_arduino_msgs/msg/AnalogFloat.js)
Linked: (/home/orangepi/catkin_ws/devel/.private/ros_arduino_msgs/share/gennodejs/ros/ros_arduino_msgs/msg/SensorState.js, /home/orangepi/catkin_ws/devel/share/gennodejs/ros/ros_arduino_msgs/msg/SensorState.js)
Linked: (/home/orangepi/catkin_ws/devel/.private/ros_arduino_msgs/share/gennodejs/ros/ros_arduino_msgs/srv/DigitalRead.js, /home/orangepi/catkin_ws/devel/share/gennodejs/ros/ros_arduino_msgs/srv/DigitalRead.js)
Linked: (/home/orangepi/catkin_ws/devel/.private/ros_arduino_msgs/share/gennodejs/ros/ros_arduino_msgs/srv/AnalogWrite.js, /home/orangepi/catkin_ws/devel/share/gennodejs/ros/ros_arduino_msgs/srv/AnalogWrite.js)
Linked: (/home/orangepi/catkin_ws/devel/.private/ros_arduino_msgs/share/gennodejs/ros/ros_arduino_msgs/srv/ServoWrite.js, /home/orangepi/catkin_ws/devel/share/gennodejs/ros/ros_arduino_msgs/srv/ServoWrite.js)
Linked: (/home/orangepi/catkin_ws/devel/.private/ros_arduino_msgs/share/gennodejs/ros/ros_arduino_msgs/srv/ServoRead.js, /home/orangepi/catkin_ws/devel/share/gennodejs/ros/ros_arduino_msgs/srv/ServoRead.js)
Linked: (/home/orangepi/catkin_ws/devel/.private/ros_arduino_msgs/share/gennodejs/ros/ros_arduino_msgs/srv/_index.js, /home/orangepi/catkin_ws/devel/share/gennodejs/ros/ros_arduino_msgs/srv/_index.js)
Linked: (/home/orangepi/catkin_ws/devel/.private/ros_arduino_msgs/share/gennodejs/ros/ros_arduino_msgs/srv/AnalogRead.js, /home/orangepi/catkin_ws/devel/share/gennodejs/ros/ros_arduino_msgs/srv/AnalogRead.js)
Linked: (/home/orangepi/catkin_ws/devel/.private/ros_arduino_msgs/share/gennodejs/ros/ros_arduino_msgs/srv/DigitalWrite.js, /home/orangepi/catkin_ws/devel/share/gennodejs/ros/ros_arduino_msgs/srv/DigitalWrite.js)
Linked: (/home/orangepi/catkin_ws/devel/.private/ros_arduino_msgs/share/gennodejs/ros/ros_arduino_msgs/srv/DigitalSetDirection.js, /home/orangepi/catkin_ws/devel/share/gennodejs/ros/ros_arduino_msgs/srv/DigitalSetDirection.js)
Linked: (/home/orangepi/catkin_ws/devel/.private/ros_arduino_msgs/share/common-lisp/ros/ros_arduino_msgs/msg/_package_Digital.lisp, /home/orangepi/catkin_ws/devel/share/common-lisp/ros/ros_arduino_msgs/msg/_package_Digital.lisp)
Linked: (/home/orangepi/catkin_ws/devel/.private/ros_arduino_msgs/share/common-lisp/ros/ros_arduino_msgs/msg/ArduinoConstants.lisp, /home/orangepi/catkin_ws/devel/share/common-lisp/ros/ros_arduino_msgs/msg/ArduinoConstants.lisp)
Linked: (/home/orangepi/catkin_ws/devel/.private/ros_arduino_msgs/share/common-lisp/ros/ros_arduino_msgs/msg/AnalogFloat.lisp, /home/orangepi/catkin_ws/devel/share/common-lisp/ros/ros_arduino_msgs/msg/AnalogFloat.lisp)
Linked: (/home/orangepi/catkin_ws/devel/.private/ros_arduino_msgs/share/common-lisp/ros/ros_arduino_msgs/msg/Digital.lisp, /home/orangepi/catkin_ws/devel/share/common-lisp/ros/ros_arduino_msgs/msg/Digital.lisp)
Linked: (/home/orangepi/catkin_ws/devel/.private/ros_arduino_msgs/share/common-lisp/ros/ros_arduino_msgs/msg/Analog.lisp, /home/orangepi/catkin_ws/devel/share/common-lisp/ros/ros_arduino_msgs/msg/Analog.lisp)
Linked: (/home/orangepi/catkin_ws/devel/.private/ros_arduino_msgs/share/common-lisp/ros/ros_arduino_msgs/msg/_package_ArduinoConstants.lisp, /home/orangepi/catkin_ws/devel/share/common-lisp/ros/ros_arduino_msgs/msg/_package_ArduinoConstants.lisp)
Linked: (/home/orangepi/catkin_ws/devel/.private/ros_arduino_msgs/share/common-lisp/ros/ros_arduino_msgs/msg/_package_SensorState.lisp, /home/orangepi/catkin_ws/devel/share/common-lisp/ros/ros_arduino_msgs/msg/_package_SensorState.lisp)
Linked: (/home/orangepi/catkin_ws/devel/.private/ros_arduino_msgs/share/common-lisp/ros/ros_arduino_msgs/msg/_package_AnalogFloat.lisp, /home/orangepi/catkin_ws/devel/share/common-lisp/ros/ros_arduino_msgs/msg/_package_AnalogFloat.lisp)
Linked: (/home/orangepi/catkin_ws/devel/.private/ros_arduino_msgs/share/common-lisp/ros/ros_arduino_msgs/msg/SensorState.lisp, /home/orangepi/catkin_ws/devel/share/common-lisp/ros/ros_arduino_msgs/msg/SensorState.lisp)
Linked: (/home/orangepi/catkin_ws/devel/.private/ros_arduino_msgs/share/common-lisp/ros/ros_arduino_msgs/msg/ros_arduino_msgs-msg.asd, /home/orangepi/catkin_ws/devel/share/common-lisp/ros/ros_arduino_msgs/msg/ros_arduino_msgs-msg.asd)
Linked: (/home/orangepi/catkin_ws/devel/.private/ros_arduino_msgs/share/common-lisp/ros/ros_arduino_msgs/msg/_package.lisp, /home/orangepi/catkin_ws/devel/share/common-lisp/ros/ros_arduino_msgs/msg/_package.lisp)
Linked: (/home/orangepi/catkin_ws/devel/.private/ros_arduino_msgs/share/common-lisp/ros/ros_arduino_msgs/msg/_package_Analog.lisp, /home/orangepi/catkin_ws/devel/share/common-lisp/ros/ros_arduino_msgs/msg/_package_Analog.lisp)
Linked: (/home/orangepi/catkin_ws/devel/.private/ros_arduino_msgs/share/common-lisp/ros/ros_arduino_msgs/srv/_package_ServoWrite.lisp, /home/orangepi/catkin_ws/devel/share/common-lisp/ros/ros_arduino_msgs/srv/_package_ServoWrite.lisp)
Linked: (/home/orangepi/catkin_ws/devel/.private/ros_arduino_msgs/share/common-lisp/ros/ros_arduino_msgs/srv/DigitalWrite.lisp, /home/orangepi/catkin_ws/devel/share/common-lisp/ros/ros_arduino_msgs/srv/DigitalWrite.lisp)
Linked: (/home/orangepi/catkin_ws/devel/.private/ros_arduino_msgs/share/common-lisp/ros/ros_arduino_msgs/srv/AnalogRead.lisp, /home/orangepi/catkin_ws/devel/share/common-lisp/ros/ros_arduino_msgs/srv/AnalogRead.lisp)
Linked: (/home/orangepi/catkin_ws/devel/.private/ros_arduino_msgs/share/common-lisp/ros/ros_arduino_msgs/srv/ServoRead.lisp, /home/orangepi/catkin_ws/devel/share/common-lisp/ros/ros_arduino_msgs/srv/ServoRead.lisp)
Linked: (/home/orangepi/catkin_ws/devel/.private/ros_arduino_msgs/share/common-lisp/ros/ros_arduino_msgs/srv/_package_AnalogRead.lisp, /home/orangepi/catkin_ws/devel/share/common-lisp/ros/ros_arduino_msgs/srv/_package_AnalogRead.lisp)
Linked: (/home/orangepi/catkin_ws/devel/.private/ros_arduino_msgs/share/common-lisp/ros/ros_arduino_msgs/srv/DigitalRead.lisp, /home/orangepi/catkin_ws/devel/share/common-lisp/ros/ros_arduino_msgs/srv/DigitalRead.lisp)
Linked: (/home/orangepi/catkin_ws/devel/.private/ros_arduino_msgs/share/common-lisp/ros/ros_arduino_msgs/srv/AnalogWrite.lisp, /home/orangepi/catkin_ws/devel/share/common-lisp/ros/ros_arduino_msgs/srv/AnalogWrite.lisp)
Linked: (/home/orangepi/catkin_ws/devel/.private/ros_arduino_msgs/share/common-lisp/ros/ros_arduino_msgs/srv/ServoWrite.lisp, /home/orangepi/catkin_ws/devel/share/common-lisp/ros/ros_arduino_msgs/srv/ServoWrite.lisp)
Linked: (/home/orangepi/catkin_ws/devel/.private/ros_arduino_msgs/share/common-lisp/ros/ros_arduino_msgs/srv/DigitalSetDirection.lisp, /home/orangepi/catkin_ws/devel/share/common-lisp/ros/ros_arduino_msgs/srv/DigitalSetDirection.lisp)
Linked: (/home/orangepi/catkin_ws/devel/.private/ros_arduino_msgs/share/common-lisp/ros/ros_arduino_msgs/srv/_package_DigitalWrite.lisp, /home/orangepi/catkin_ws/devel/share/common-lisp/ros/ros_arduino_msgs/srv/_package_DigitalWrite.lisp)
Linked: (/home/orangepi/catkin_ws/devel/.private/ros_arduino_msgs/share/common-lisp/ros/ros_arduino_msgs/srv/_package_ServoRead.lisp, /home/orangepi/catkin_ws/devel/share/common-lisp/ros/ros_arduino_msgs/srv/_package_ServoRead.lisp)
Linked: (/home/orangepi/catkin_ws/devel/.private/ros_arduino_msgs/share/common-lisp/ros/ros_arduino_msgs/srv/_package_AnalogWrite.lisp, /home/orangepi/catkin_ws/devel/share/common-lisp/ros/ros_arduino_msgs/srv/_package_AnalogWrite.lisp)
Linked: (/home/orangepi/catkin_ws/devel/.private/ros_arduino_msgs/share/common-lisp/ros/ros_arduino_msgs/srv/_package_DigitalSetDirection.lisp, /home/orangepi/catkin_ws/devel/share/common-lisp/ros/ros_arduino_msgs/srv/_package_DigitalSetDirection.lisp)
Linked: (/home/orangepi/catkin_ws/devel/.private/ros_arduino_msgs/share/common-lisp/ros/ros_arduino_msgs/srv/_package.lisp, /home/orangepi/catkin_ws/devel/share/common-lisp/ros/ros_arduino_msgs/srv/_package.lisp)
Linked: (/home/orangepi/catkin_ws/devel/.private/ros_arduino_msgs/share/common-lisp/ros/ros_arduino_msgs/srv/_package_DigitalRead.lisp, /home/orangepi/catkin_ws/devel/share/common-lisp/ros/ros_arduino_msgs/srv/_package_DigitalRead.lisp)
Linked: (/home/orangepi/catkin_ws/devel/.private/ros_arduino_msgs/share/common-lisp/ros/ros_arduino_msgs/srv/ros_arduino_msgs-srv.asd, /home/orangepi/catkin_ws/devel/share/common-lisp/ros/ros_arduino_msgs/srv/ros_arduino_msgs-srv.asd)
