[  4%] [0mBuilt target wpr_plugin[0m
[  4%] [0mBuilt target nav_msgs_generate_messages_py[0m
[  4%] [0mBuilt target roscpp_generate_messages_cpp[0m
[  4%] [0mBuilt target roscpp_generate_messages_lisp[0m
[  4%] [0mBuilt target roscpp_generate_messages_eus[0m
[  4%] [0mBuilt target roscpp_generate_messages_py[0m
[  4%] [0mBuilt target roscpp_generate_messages_nodejs[0m
[  4%] [0mBuilt target rosgraph_msgs_generate_messages_cpp[0m
[  4%] [0mBuilt target rosgraph_msgs_generate_messages_eus[0m
[  4%] [0mBuilt target rosgraph_msgs_generate_messages_lisp[0m
[  4%] [0mBuilt target rosgraph_msgs_generate_messages_nodejs[0m
[  4%] [0mBuilt target rosgraph_msgs_generate_messages_py[0m
[  4%] [0mBuilt target std_msgs_generate_messages_cpp[0m
[  4%] [0mBuilt target std_msgs_generate_messages_eus[0m
[  4%] [0mBuilt target std_msgs_generate_messages_lisp[0m
[  4%] [0mBuilt target std_msgs_generate_messages_nodejs[0m
[  4%] [0mBuilt target std_msgs_generate_messages_py[0m
[  4%] [0mBuilt target controller_manager_msgs_generate_messages_cpp[0m
[  4%] [0mBuilt target controller_manager_msgs_generate_messages_eus[0m
[  4%] [0mBuilt target controller_manager_msgs_generate_messages_lisp[0m
[  4%] [0mBuilt target controller_manager_msgs_generate_messages_nodejs[0m
[  4%] [0mBuilt target controller_manager_msgs_generate_messages_py[0m
[  4%] [0mBuilt target sensor_msgs_generate_messages_cpp[0m
[  4%] [0mBuilt target sensor_msgs_generate_messages_eus[0m
[  4%] [0mBuilt target sensor_msgs_generate_messages_lisp[0m
[  4%] [0mBuilt target sensor_msgs_generate_messages_nodejs[0m
[  4%] [0mBuilt target sensor_msgs_generate_messages_py[0m
[  4%] [0mBuilt target geometry_msgs_generate_messages_cpp[0m
[  4%] [0mBuilt target geometry_msgs_generate_messages_eus[0m
[  4%] [0mBuilt target geometry_msgs_generate_messages_lisp[0m
[  4%] [0mBuilt target geometry_msgs_generate_messages_nodejs[0m
[  4%] [0mBuilt target geometry_msgs_generate_messages_py[0m
[  4%] [0mBuilt target actionlib_generate_messages_cpp[0m
[  4%] [0mBuilt target actionlib_generate_messages_eus[0m
[  4%] [0mBuilt target actionlib_generate_messages_lisp[0m
[  4%] [0mBuilt target actionlib_generate_messages_nodejs[0m
[  4%] [0mBuilt target actionlib_generate_messages_py[0m
[  4%] [0mBuilt target actionlib_msgs_generate_messages_cpp[0m
[  4%] [0mBuilt target actionlib_msgs_generate_messages_eus[0m
[  4%] [0mBuilt target actionlib_msgs_generate_messages_lisp[0m
[  4%] [0mBuilt target actionlib_msgs_generate_messages_py[0m
[  4%] [0mBuilt target actionlib_msgs_generate_messages_nodejs[0m
[  4%] [0mBuilt target tf2_msgs_generate_messages_cpp[0m
[  4%] [0mBuilt target tf2_msgs_generate_messages_eus[0m
[  4%] [0mBuilt target tf2_msgs_generate_messages_lisp[0m
[  4%] [0mBuilt target tf2_msgs_generate_messages_py[0m
[  4%] [0mBuilt target tf2_msgs_generate_messages_nodejs[0m
[  4%] [0mBuilt target move_base_msgs_generate_messages_cpp[0m
[  4%] [0mBuilt target move_base_msgs_generate_messages_lisp[0m
[  4%] [0mBuilt target move_base_msgs_generate_messages_eus[0m
[  4%] [0mBuilt target move_base_msgs_generate_messages_nodejs[0m
[  4%] [0mBuilt target move_base_msgs_generate_messages_py[0m
[  4%] [0mBuilt target tf_generate_messages_cpp[0m
[  4%] [0mBuilt target tf_generate_messages_eus[0m
[  4%] [0mBuilt target tf_generate_messages_lisp[0m
[  4%] [0mBuilt target tf_generate_messages_nodejs[0m
[  4%] [0mBuilt target tf_generate_messages_py[0m
[  4%] [0mBuilt target nav_msgs_generate_messages_cpp[0m
[  4%] [0mBuilt target nav_msgs_generate_messages_lisp[0m
[  4%] [0mBuilt target nav_msgs_generate_messages_eus[0m
[  4%] [0mBuilt target nav_msgs_generate_messages_nodejs[0m
[  9%] [0mBuilt target wpb_home_sim[0m
[ 14%] [0mBuilt target wpr1_sim[0m
[ 19%] [0mBuilt target demo_vel_ctrl[0m
[ 23%] [0mBuilt target keyboard_vel_ctrl[0m
[ 28%] [0mBuilt target demo_simple_goal[0m
[ 33%] [0mBuilt target demo_map_tool[0m
[ 38%] [0mBuilt target demo_waypoint_navi[0m
[ 42%] [0mBuilt target demo_sr_navigation[0m
[ 47%] [0mBuilt target demo_lidar_data[0m
[ 52%] [0mBuilt target ball_random_move[0m
[ 57%] [0mBuilt target demo_lidar_behavior[0m
[ 61%] [0mBuilt target demo_imu_data[0m
[ 66%] [0mBuilt target demo_imu_behavior[0m
[ 71%] [0mBuilt target demo_map_pub[0m
[ 76%] [0mBuilt target demo_cv_image[0m
[ 80%] [0mBuilt target demo_cv_hsv[0m
[ 90%] [0mBuilt target demo_cv_face_detect[0m
[ 90%] [0mBuilt target demo_cv_follow[0m
[ 95%] [0mBuilt target teleop_js_node[0m
[100%] [0mBuilt target lidar_filter[0m
