[  0%] [0mBuilt target moveit_ros_manipulation_gencfg[0m
[ 12%] [0mBuilt target pilz_industrial_motion_planner[0m
[ 25%] [0mBuilt target planning_context_loader_lin[0m
[ 35%] [0mBuilt target planning_context_loader_circ[0m
[ 35%] [0mBuilt target roscpp_generate_messages_cpp[0m
[ 47%] [0mBuilt target planning_context_loader_ptp[0m
[ 47%] [0mBuilt target roscpp_generate_messages_nodejs[0m
[ 47%] [0mBuilt target roscpp_generate_messages_eus[0m
[ 66%] [0mBuilt target pilz_industrial_motion_planner_lib[0m
[ 66%] [0mBuilt target roscpp_generate_messages_lisp[0m
[ 66%] [0mBuilt target roscpp_generate_messages_py[0m
[ 66%] [0mBuilt target rosgraph_msgs_generate_messages_cpp[0m
[ 66%] [0mBuilt target rosgraph_msgs_generate_messages_lisp[0m
[ 66%] [0mBuilt target rosgraph_msgs_generate_messages_eus[0m
[ 66%] [0mBuilt target rosgraph_msgs_generate_messages_nodejs[0m
[ 66%] [0mBuilt target rosgraph_msgs_generate_messages_py[0m
[ 66%] [0mBuilt target std_msgs_generate_messages_cpp[0m
[ 66%] [0mBuilt target std_msgs_generate_messages_eus[0m
[ 66%] [0mBuilt target std_msgs_generate_messages_nodejs[0m
[ 66%] [0mBuilt target std_msgs_generate_messages_lisp[0m
[ 66%] [0mBuilt target shape_msgs_generate_messages_cpp[0m
[ 66%] [0mBuilt target shape_msgs_generate_messages_eus[0m
[ 66%] [0mBuilt target shape_msgs_generate_messages_lisp[0m
[ 66%] [0mBuilt target std_msgs_generate_messages_py[0m
[ 66%] [0mBuilt target shape_msgs_generate_messages_py[0m
[ 66%] [0mBuilt target shape_msgs_generate_messages_nodejs[0m
[ 66%] [0mBuilt target geometry_msgs_generate_messages_cpp[0m
[ 66%] [0mBuilt target geometry_msgs_generate_messages_lisp[0m
[ 66%] [0mBuilt target geometry_msgs_generate_messages_py[0m
[ 66%] [0mBuilt target geometry_msgs_generate_messages_eus[0m
[ 66%] [0mBuilt target geometry_msgs_generate_messages_nodejs[0m
[ 66%] [0mBuilt target visualization_msgs_generate_messages_cpp[0m
[ 66%] [0mBuilt target visualization_msgs_generate_messages_eus[0m
[ 66%] [0mBuilt target visualization_msgs_generate_messages_nodejs[0m
[ 66%] [0mBuilt target visualization_msgs_generate_messages_py[0m
[ 66%] [0mBuilt target moveit_msgs_generate_messages_eus[0m
[ 66%] [0mBuilt target moveit_msgs_generate_messages_cpp[0m
[ 66%] [0mBuilt target visualization_msgs_generate_messages_lisp[0m
[ 66%] [0mBuilt target moveit_msgs_generate_messages_lisp[0m
[ 66%] [0mBuilt target moveit_msgs_generate_messages_nodejs[0m
[ 66%] [0mBuilt target moveit_msgs_generate_messages_py[0m
[ 66%] [0mBuilt target actionlib_msgs_generate_messages_eus[0m
[ 66%] [0mBuilt target actionlib_msgs_generate_messages_nodejs[0m
[ 66%] [0mBuilt target actionlib_msgs_generate_messages_cpp[0m
[ 66%] [0mBuilt target actionlib_msgs_generate_messages_lisp[0m
[ 66%] [0mBuilt target actionlib_msgs_generate_messages_py[0m
[ 66%] [0mBuilt target sensor_msgs_generate_messages_cpp[0m
[ 66%] [0mBuilt target sensor_msgs_generate_messages_eus[0m
[ 66%] [0mBuilt target sensor_msgs_generate_messages_py[0m
[ 66%] [0mBuilt target sensor_msgs_generate_messages_nodejs[0m
[ 66%] [0mBuilt target sensor_msgs_generate_messages_lisp[0m
[ 66%] [0mBuilt target trajectory_msgs_generate_messages_cpp[0m
[ 66%] [0mBuilt target trajectory_msgs_generate_messages_eus[0m
[ 66%] [0mBuilt target trajectory_msgs_generate_messages_lisp[0m
[ 66%] [0mBuilt target object_recognition_msgs_generate_messages_lisp[0m
[ 66%] [0mBuilt target trajectory_msgs_generate_messages_py[0m
[ 66%] [0mBuilt target trajectory_msgs_generate_messages_nodejs[0m
[ 66%] [0mBuilt target object_recognition_msgs_generate_messages_cpp[0m
[ 66%] [0mBuilt target object_recognition_msgs_generate_messages_eus[0m
[ 66%] [0mBuilt target object_recognition_msgs_generate_messages_py[0m
[ 66%] [0mBuilt target object_recognition_msgs_generate_messages_nodejs[0m
[ 66%] [0mBuilt target octomap_msgs_generate_messages_eus[0m
[ 66%] [0mBuilt target octomap_msgs_generate_messages_cpp[0m
[ 66%] [0mBuilt target octomap_msgs_generate_messages_nodejs[0m
[ 66%] [0mBuilt target octomap_msgs_generate_messages_lisp[0m
[ 66%] [0mBuilt target tf2_msgs_generate_messages_lisp[0m
[ 66%] [0mBuilt target octomap_msgs_generate_messages_py[0m
[ 66%] [0mBuilt target tf2_msgs_generate_messages_eus[0m
[ 66%] [0mBuilt target tf2_msgs_generate_messages_cpp[0m
[ 66%] [0mBuilt target tf2_msgs_generate_messages_nodejs[0m
[ 66%] [0mBuilt target tf2_msgs_generate_messages_py[0m
[ 66%] [0mBuilt target actionlib_generate_messages_cpp[0m
[ 66%] [0mBuilt target actionlib_generate_messages_eus[0m
[ 66%] [0mBuilt target actionlib_generate_messages_nodejs[0m
[ 66%] [0mBuilt target dynamic_reconfigure_generate_messages_cpp[0m
[ 66%] [0mBuilt target actionlib_generate_messages_lisp[0m
[ 66%] [0mBuilt target moveit_ros_planning_gencfg[0m
[ 66%] [0mBuilt target actionlib_generate_messages_py[0m
[ 66%] [0mBuilt target dynamic_reconfigure_generate_messages_lisp[0m
[ 66%] [0mBuilt target dynamic_reconfigure_generate_messages_nodejs[0m
[ 66%] [0mBuilt target dynamic_reconfigure_generate_messages_eus[0m
[ 66%] [0mBuilt target dynamic_reconfigure_generate_messages_py[0m
[ 66%] [0mBuilt target std_srvs_generate_messages_eus[0m
[ 66%] [0mBuilt target std_srvs_generate_messages_cpp[0m
[ 66%] [0mBuilt target dynamic_reconfigure_gencfg[0m
[ 66%] [0mBuilt target std_srvs_generate_messages_lisp[0m
[ 66%] [0mBuilt target std_srvs_generate_messages_nodejs[0m
[ 66%] [0mBuilt target std_srvs_generate_messages_py[0m
[ 66%] [0mBuilt target tf_generate_messages_cpp[0m
[ 66%] [0mBuilt target tf_generate_messages_lisp[0m
[ 66%] [0mBuilt target tf_generate_messages_eus[0m
[ 66%] [0mBuilt target tf_generate_messages_nodejs[0m
[ 66%] [0mBuilt target tf_generate_messages_py[0m
[ 79%] [0mBuilt target pilz_industrial_motion_planner_testhelpers[0m
[ 83%] [0mBuilt target command_list_manager[0m
[100%] [0mBuilt target sequence_capability[0m
