[  0%] [0mBuilt target _moveit_msgs_generate_messages_check_deps_ChangeDriftDimensions[0m
[  0%] [0mBuilt target _moveit_msgs_generate_messages_check_deps_PlaceActionGoal[0m
[  0%] [0mBuilt target _moveit_msgs_generate_messages_check_deps_PlaceActionResult[0m
[  0%] [0mBuilt target _moveit_msgs_generate_messages_check_deps_MoveGroupActionResult[0m
[  0%] [0mBuilt target octomap_msgs_generate_messages_py[0m
[  0%] [0mBuilt target _moveit_msgs_generate_messages_check_deps_MoveGroupSequenceAction[0m
[  0%] [0mBuilt target _moveit_msgs_generate_messages_check_deps_ExecuteTrajectoryAction[0m
[  0%] [0mBuilt target object_recognition_msgs_generate_messages_py[0m
[  0%] [0mBuilt target _moveit_msgs_generate_messages_check_deps_PickupActionResult[0m
[  0%] [0mBuilt target sensor_msgs_generate_messages_py[0m
[  0%] [0mBuilt target geometry_msgs_generate_messages_py[0m
[  0%] [0mBuilt target std_msgs_generate_messages_py[0m
[  0%] [0mBuilt target actionlib_msgs_generate_messages_py[0m
[  0%] [0mBuilt target _moveit_msgs_generate_messages_check_deps_PickupActionGoal[0m
[  0%] [0mBuilt target trajectory_msgs_generate_messages_py[0m
[  0%] [0mBuilt target _moveit_msgs_generate_messages_check_deps_AttachedCollisionObject[0m
[  0%] [0mBuilt target _moveit_msgs_generate_messages_check_deps_BoundingVolume[0m
[  0%] [0mBuilt target _moveit_msgs_generate_messages_check_deps_CartesianPoint[0m
[  0%] [0mBuilt target _moveit_msgs_generate_messages_check_deps_MoveGroupActionGoal[0m
[  0%] [0mBuilt target _moveit_msgs_generate_messages_check_deps_ContactInformation[0m
[  0%] [0mBuilt target _moveit_msgs_generate_messages_check_deps_DisplayTrajectory[0m
[  0%] [0mBuilt target _moveit_msgs_generate_messages_check_deps_DisplayRobotState[0m
[  0%] [0mBuilt target _moveit_msgs_generate_messages_check_deps_MoveGroupResult[0m
[  0%] [0mBuilt target _moveit_msgs_generate_messages_check_deps_ExecuteTrajectoryActionFeedback[0m
[  0%] [0mBuilt target _moveit_msgs_generate_messages_check_deps_PickupAction[0m
[  0%] [0mBuilt target _moveit_msgs_generate_messages_check_deps_MoveGroupSequenceFeedback[0m
[  0%] [0mBuilt target _moveit_msgs_generate_messages_check_deps_PlaceFeedback[0m
[  0%] [0mBuilt target _moveit_msgs_generate_messages_check_deps_AllowedCollisionEntry[0m
[  0%] [0mBuilt target _moveit_msgs_generate_messages_check_deps_MoveGroupAction[0m
[  0%] [0mBuilt target _moveit_msgs_generate_messages_check_deps_AllowedCollisionMatrix[0m
[  0%] [0mBuilt target _moveit_msgs_generate_messages_check_deps_ConstraintEvalResult[0m
[  0%] [0mBuilt target _moveit_msgs_generate_messages_check_deps_Constraints[0m
[  0%] [0mBuilt target _moveit_msgs_generate_messages_check_deps_CostSource[0m
[  0%] [0mBuilt target _moveit_msgs_generate_messages_check_deps_MoveGroupGoal[0m
[  0%] [0mBuilt target _moveit_msgs_generate_messages_check_deps_MoveGroupSequenceResult[0m
[  0%] [0mBuilt target shape_msgs_generate_messages_py[0m
[  0%] [0mBuilt target _moveit_msgs_generate_messages_check_deps_LinkScale[0m
[  0%] [0mBuilt target _moveit_msgs_generate_messages_check_deps_MotionPlanRequest[0m
[  0%] [0mBuilt target _moveit_msgs_generate_messages_check_deps_ExecuteTrajectoryActionResult[0m
[  0%] [0mBuilt target _moveit_msgs_generate_messages_check_deps_MoveGroupSequenceGoal[0m
[  0%] [0mBuilt target _moveit_msgs_generate_messages_check_deps_MotionPlanDetailedResponse[0m
[  0%] [0mBuilt target _moveit_msgs_generate_messages_check_deps_MotionSequenceItem[0m
[  0%] [0mBuilt target _moveit_msgs_generate_messages_check_deps_PlaceActionFeedback[0m
[  0%] [0mBuilt target _moveit_msgs_generate_messages_check_deps_MotionSequenceRequest[0m
[  0%] [0mBuilt target _moveit_msgs_generate_messages_check_deps_PlaceGoal[0m
[  0%] [0mBuilt target _moveit_msgs_generate_messages_check_deps_PlaceResult[0m
[  0%] [0mBuilt target _moveit_msgs_generate_messages_check_deps_MotionPlanResponse[0m
[  0%] [0mBuilt target _moveit_msgs_generate_messages_check_deps_GenericTrajectory[0m
[  0%] [0mBuilt target _moveit_msgs_generate_messages_check_deps_MotionSequenceResponse[0m
[  0%] [0mBuilt target _moveit_msgs_generate_messages_check_deps_ExecuteTrajectoryFeedback[0m
[  0%] [0mBuilt target _moveit_msgs_generate_messages_check_deps_GripperTranslation[0m
[  0%] [0mBuilt target _moveit_msgs_generate_messages_check_deps_Grasp[0m
[  0%] [0mBuilt target _moveit_msgs_generate_messages_check_deps_ExecuteTrajectoryActionGoal[0m
[  0%] [0mBuilt target _moveit_msgs_generate_messages_check_deps_MoveGroupSequenceActionResult[0m
[  0%] [0mBuilt target _moveit_msgs_generate_messages_check_deps_MoveGroupActionFeedback[0m
[  0%] [0mBuilt target _moveit_msgs_generate_messages_check_deps_MoveGroupSequenceActionFeedback[0m
[  0%] [0mBuilt target _moveit_msgs_generate_messages_check_deps_CartesianTrajectoryPoint[0m
[  0%] [0mBuilt target _moveit_msgs_generate_messages_check_deps_CartesianTrajectory[0m
[  0%] [0mBuilt target _moveit_msgs_generate_messages_check_deps_JointConstraint[0m
[  0%] [0mBuilt target _moveit_msgs_generate_messages_check_deps_ExecuteTrajectoryResult[0m
[  0%] [0mBuilt target _moveit_msgs_generate_messages_check_deps_CollisionObject[0m
[  0%] [0mBuilt target _moveit_msgs_generate_messages_check_deps_JointLimits[0m
[  0%] [0mBuilt target _moveit_msgs_generate_messages_check_deps_MoveGroupFeedback[0m
[  0%] [0mBuilt target _moveit_msgs_generate_messages_check_deps_LinkPadding[0m
[  0%] [0mBuilt target _moveit_msgs_generate_messages_check_deps_ExecuteTrajectoryGoal[0m
[  0%] [0mBuilt target _moveit_msgs_generate_messages_check_deps_PickupActionFeedback[0m
[  0%] [0mBuilt target _moveit_msgs_generate_messages_check_deps_PickupFeedback[0m
[  0%] [0mBuilt target _moveit_msgs_generate_messages_check_deps_PlaceAction[0m
[  0%] [0mBuilt target _moveit_msgs_generate_messages_check_deps_PickupResult[0m
[  0%] [0mBuilt target _moveit_msgs_generate_messages_check_deps_MoveItErrorCodes[0m
[  0%] [0mBuilt target _moveit_msgs_generate_messages_check_deps_TrajectoryConstraints[0m
[  0%] [0mBuilt target _moveit_msgs_generate_messages_check_deps_MoveGroupSequenceActionGoal[0m
[  0%] [0mBuilt target _moveit_msgs_generate_messages_check_deps_PickupGoal[0m
[  0%] [0mBuilt target _moveit_msgs_generate_messages_check_deps_OrientationConstraint[0m
[  0%] [0mBuilt target _moveit_msgs_generate_messages_check_deps_ObjectColor[0m
[  0%] [0mBuilt target _moveit_msgs_generate_messages_check_deps_OrientedBoundingBox[0m
[  0%] [0mBuilt target _moveit_msgs_generate_messages_check_deps_PlaceLocation[0m
[  0%] [0mBuilt target _moveit_msgs_generate_messages_check_deps_PlannerParams[0m
[  0%] [0mBuilt target _moveit_msgs_generate_messages_check_deps_PlanningScene[0m
[  0%] [0mBuilt target _moveit_msgs_generate_messages_check_deps_PlanningSceneComponents[0m
[  0%] [0mBuilt target _moveit_msgs_generate_messages_check_deps_PlanningOptions[0m
[  0%] [0mBuilt target _moveit_msgs_generate_messages_check_deps_RobotState[0m
[  0%] [0mBuilt target _moveit_msgs_generate_messages_check_deps_PositionConstraint[0m
[  0%] [0mBuilt target _moveit_msgs_generate_messages_check_deps_VisibilityConstraint[0m
[  0%] [0mBuilt target _moveit_msgs_generate_messages_check_deps_PlanningSceneWorld[0m
[  0%] [0mBuilt target _moveit_msgs_generate_messages_check_deps_PlannerInterfaceDescription[0m
[  0%] [0mBuilt target _moveit_msgs_generate_messages_check_deps_WorkspaceParameters[0m
[  0%] [0mBuilt target _moveit_msgs_generate_messages_check_deps_RobotTrajectory[0m
[  0%] [0mBuilt target _moveit_msgs_generate_messages_check_deps_KinematicSolverInfo[0m
[  0%] [0mBuilt target _moveit_msgs_generate_messages_check_deps_GetMotionPlan[0m
[  0%] [0mBuilt target _moveit_msgs_generate_messages_check_deps_ExecuteKnownTrajectory[0m
[  0%] [0mBuilt target _moveit_msgs_generate_messages_check_deps_GetPlanningScene[0m
[  0%] [0mBuilt target _moveit_msgs_generate_messages_check_deps_GetCartesianPath[0m
[  0%] [0mBuilt target _moveit_msgs_generate_messages_check_deps_QueryPlannerInterfaces[0m
[  0%] [0mBuilt target _moveit_msgs_generate_messages_check_deps_GetPositionFK[0m
[  0%] [0mBuilt target _moveit_msgs_generate_messages_check_deps_ApplyPlanningScene[0m
[  0%] [0mBuilt target _moveit_msgs_generate_messages_check_deps_GetPlannerParams[0m
[  0%] [0mBuilt target _moveit_msgs_generate_messages_check_deps_GetPositionIK[0m
[  0%] [0mBuilt target _moveit_msgs_generate_messages_check_deps_GraspPlanning[0m
[  0%] [0mBuilt target _moveit_msgs_generate_messages_check_deps_PositionIKRequest[0m
[  0%] [0mBuilt target _moveit_msgs_generate_messages_check_deps_SetPlannerParams[0m
[  0%] [0mBuilt target _moveit_msgs_generate_messages_check_deps_GetStateValidity[0m
[  0%] [0mBuilt target _moveit_msgs_generate_messages_check_deps_SaveMap[0m
[  0%] [0mBuilt target _moveit_msgs_generate_messages_check_deps_GetMotionSequence[0m
[  0%] [0mBuilt target _moveit_msgs_generate_messages_check_deps_LoadMap[0m
[  0%] [0mBuilt target _moveit_msgs_generate_messages_check_deps_UpdatePointcloudOctomap[0m
[  0%] [0mBuilt target _moveit_msgs_generate_messages_check_deps_ListRobotStatesInWarehouse[0m
[  0%] [0mBuilt target object_recognition_msgs_generate_messages_cpp[0m
[  0%] [0mBuilt target _moveit_msgs_generate_messages_check_deps_SaveRobotStateToWarehouse[0m
[  0%] [0mBuilt target _moveit_msgs_generate_messages_check_deps_GetRobotStateFromWarehouse[0m
[  0%] [0mBuilt target trajectory_msgs_generate_messages_cpp[0m
[  0%] [0mBuilt target geometry_msgs_generate_messages_cpp[0m
[  0%] [0mBuilt target std_msgs_generate_messages_cpp[0m
[  0%] [0mBuilt target octomap_msgs_generate_messages_cpp[0m
[  0%] [0mBuilt target _moveit_msgs_generate_messages_check_deps_CheckIfRobotStateExistsInWarehouse[0m
[  0%] [0mBuilt target actionlib_msgs_generate_messages_cpp[0m
[  0%] [0mBuilt target sensor_msgs_generate_messages_cpp[0m
[  0%] [0mBuilt target octomap_msgs_generate_messages_eus[0m
[  0%] [0mBuilt target object_recognition_msgs_generate_messages_eus[0m
[  0%] [0mBuilt target shape_msgs_generate_messages_cpp[0m
[  0%] [0mBuilt target std_msgs_generate_messages_eus[0m
[  0%] [0mBuilt target _moveit_msgs_generate_messages_check_deps_RenameRobotStateInWarehouse[0m
[  0%] [0mBuilt target _moveit_msgs_generate_messages_check_deps_ChangeControlDimensions[0m
[  0%] [0mBuilt target sensor_msgs_generate_messages_eus[0m
[  0%] [0mBuilt target geometry_msgs_generate_messages_eus[0m
[  0%] [0mBuilt target actionlib_msgs_generate_messages_eus[0m
[  0%] [0mBuilt target shape_msgs_generate_messages_eus[0m
[  0%] [0mBuilt target octomap_msgs_generate_messages_lisp[0m
[  0%] [0mBuilt target _moveit_msgs_generate_messages_check_deps_DeleteRobotStateFromWarehouse[0m
[  0%] [0mBuilt target trajectory_msgs_generate_messages_eus[0m
[  0%] [0mBuilt target object_recognition_msgs_generate_messages_lisp[0m
[  0%] [0mBuilt target std_msgs_generate_messages_lisp[0m
[  0%] [0mBuilt target sensor_msgs_generate_messages_lisp[0m
[  0%] [0mBuilt target geometry_msgs_generate_messages_lisp[0m
[  0%] [0mBuilt target actionlib_msgs_generate_messages_lisp[0m
[  0%] [0mBuilt target trajectory_msgs_generate_messages_lisp[0m
[  0%] [0mBuilt target shape_msgs_generate_messages_lisp[0m
[  0%] [0mBuilt target octomap_msgs_generate_messages_nodejs[0m
[  0%] [0mBuilt target object_recognition_msgs_generate_messages_nodejs[0m
[  0%] [0mBuilt target geometry_msgs_generate_messages_nodejs[0m
[  0%] [0mBuilt target std_msgs_generate_messages_nodejs[0m
[  0%] [0mBuilt target sensor_msgs_generate_messages_nodejs[0m
[  0%] [0mBuilt target actionlib_msgs_generate_messages_nodejs[0m
[  0%] [0mBuilt target trajectory_msgs_generate_messages_nodejs[0m
[  0%] [0mBuilt target shape_msgs_generate_messages_nodejs[0m
[ 38%] [0mBuilt target moveit_msgs_generate_messages_eus[0m
[ 39%] [0mBuilt target moveit_msgs_generate_messages_cpp[0m
[ 59%] [0mBuilt target moveit_msgs_generate_messages_py[0m
[ 79%] [0mBuilt target moveit_msgs_generate_messages_lisp[0m
[100%] [0mBuilt target moveit_msgs_generate_messages_nodejs[0m
[100%] [0mBuilt target moveit_msgs_generate_messages[0m
