[ 33%] [1m[34mGenerating dynamic reconfigure files from cfg/disturbance_ui.cfg: /home/orangepi/catkin_ws/devel/.private/so3_disturbance_generator/include/so3_disturbance_generator/disturbance_uiConfig.h /home/orangepi/catkin_ws/devel/.private/so3_disturbance_generator/lib/python3/dist-packages/so3_disturbance_generator/cfg/disturbance_uiConfig.py[0m
[ 33%] [0mBuilt target rosgraph_msgs_generate_messages_lisp[0m
Generating reconfiguration files for DisturbanceUI in so3_disturbance_generator
Wrote header file in /home/orangepi/catkin_ws/devel/.private/so3_disturbance_generator/include/so3_disturbance_generator/DisturbanceUIConfig.h
[ 33%] [0mBuilt target rosgraph_msgs_generate_messages_nodejs[0m
[ 33%] [0mBuilt target so3_disturbance_generator_gencfg[0m
[ 33%] [0mBuilt target rosgraph_msgs_generate_messages_py[0m
[ 33%] [0mBuilt target std_msgs_generate_messages_eus[0m
[ 33%] [0mBuilt target std_msgs_generate_messages_cpp[0m
[ 33%] [0mBuilt target std_msgs_generate_messages_lisp[0m
[ 33%] [0mBuilt target std_msgs_generate_messages_nodejs[0m
[ 33%] [0mBuilt target std_msgs_generate_messages_py[0m
[ 33%] [0mBuilt target sensor_msgs_generate_messages_cpp[0m
[ 33%] [0mBuilt target sensor_msgs_generate_messages_eus[0m
[ 33%] [0mBuilt target sensor_msgs_generate_messages_lisp[0m
[ 33%] [0mBuilt target roscpp_generate_messages_cpp[0m
[ 33%] [0mBuilt target roscpp_generate_messages_lisp[0m
[ 33%] [0mBuilt target roscpp_generate_messages_eus[0m
[ 33%] [0mBuilt target roscpp_generate_messages_py[0m
[ 33%] [0mBuilt target roscpp_generate_messages_nodejs[0m
[ 33%] [0mBuilt target rosgraph_msgs_generate_messages_cpp[0m
[ 33%] [0mBuilt target sensor_msgs_generate_messages_nodejs[0m
[ 33%] [0mBuilt target rosgraph_msgs_generate_messages_eus[0m
[ 33%] [0mBuilt target sensor_msgs_generate_messages_py[0m
[ 33%] [0mBuilt target geometry_msgs_generate_messages_cpp[0m
[ 33%] [0mBuilt target geometry_msgs_generate_messages_lisp[0m
[ 33%] [0mBuilt target geometry_msgs_generate_messages_eus[0m
[ 33%] [0mBuilt target geometry_msgs_generate_messages_nodejs[0m
[ 33%] [0mBuilt target geometry_msgs_generate_messages_py[0m
[ 33%] [0mBuilt target nav_msgs_generate_messages_cpp[0m
[ 33%] [0mBuilt target nav_msgs_generate_messages_eus[0m
[ 33%] [0mBuilt target nav_msgs_generate_messages_lisp[0m
[ 33%] [0mBuilt target nav_msgs_generate_messages_nodejs[0m
[ 33%] [0mBuilt target actionlib_msgs_generate_messages_eus[0m
[ 33%] [0mBuilt target nav_msgs_generate_messages_py[0m
[ 33%] [0mBuilt target actionlib_msgs_generate_messages_cpp[0m
[ 33%] [0mBuilt target actionlib_msgs_generate_messages_lisp[0m
[ 33%] [0mBuilt target actionlib_msgs_generate_messages_py[0m
[ 33%] [0mBuilt target actionlib_msgs_generate_messages_nodejs[0m
[ 33%] [0mBuilt target visualization_msgs_generate_messages_cpp[0m
[ 33%] [0mBuilt target visualization_msgs_generate_messages_eus[0m
[ 33%] [0mBuilt target visualization_msgs_generate_messages_lisp[0m
[ 33%] [0mBuilt target tf_generate_messages_cpp[0m
[ 33%] [0mBuilt target visualization_msgs_generate_messages_py[0m
[ 33%] [0mBuilt target visualization_msgs_generate_messages_nodejs[0m
[ 33%] [0mBuilt target tf_generate_messages_lisp[0m
[ 33%] [0mBuilt target tf_generate_messages_eus[0m
[ 33%] [0mBuilt target tf_generate_messages_nodejs[0m
[ 33%] [0mBuilt target tf_generate_messages_py[0m
[ 33%] [0mBuilt target actionlib_generate_messages_cpp[0m
[ 33%] [0mBuilt target actionlib_generate_messages_eus[0m
[ 33%] [0mBuilt target actionlib_generate_messages_lisp[0m
[ 33%] [0mBuilt target actionlib_generate_messages_py[0m
[ 33%] [0mBuilt target actionlib_generate_messages_nodejs[0m
[ 33%] [0mBuilt target tf2_msgs_generate_messages_eus[0m
[ 33%] [0mBuilt target tf2_msgs_generate_messages_cpp[0m
[ 33%] [0mBuilt target tf2_msgs_generate_messages_lisp[0m
[ 33%] [0mBuilt target tf2_msgs_generate_messages_py[0m
[ 33%] [0mBuilt target tf2_msgs_generate_messages_nodejs[0m
[ 33%] [0mBuilt target dynamic_reconfigure_generate_messages_cpp[0m
[ 33%] [0mBuilt target dynamic_reconfigure_generate_messages_eus[0m
[ 33%] [0mBuilt target dynamic_reconfigure_generate_messages_nodejs[0m
[ 33%] [0mBuilt target dynamic_reconfigure_generate_messages_lisp[0m
[ 33%] [0mBuilt target dynamic_reconfigure_generate_messages_py[0m
[ 33%] [0mBuilt target dynamic_reconfigure_gencfg[0m
[ 66%] [32mBuilding CXX object CMakeFiles/so3_disturbance_generator.dir/src/so3_disturbance_generator.cpp.o[0m
[100%] [1m[32mLinking CXX executable /home/orangepi/catkin_ws/devel/.private/so3_disturbance_generator/lib/so3_disturbance_generator/so3_disturbance_generator[0m
[100%] [0mBuilt target so3_disturbance_generator[0m
