[0mCMake Deprecation Warning at CMakeLists.txt:1 (cmake_minimum_required):
  Compatibility with CMake < 3.10 will be removed from a future version of
  CMake.

  Update the VERSION argument <min> value.  Or, use the <min>...<max> syntax
  to tell CMake that the project requires at least <min> but has been updated
  to work with policies introduced by <max> or earlier.

[0m
[33mCMake Warning (dev) at /opt/ros/noetic/share/catkin/cmake/python.cmake:4 (find_package):
  Policy CMP0148 is not set: The FindPythonInterp and FindPythonLibs modules
  are removed.  Run "cmake --help-policy CMP0148" for policy details.  Use
  the cmake_policy command to set the policy and suppress this warning.

[36mCall Stack (most recent call first):[0m
  /opt/ros/noetic/share/catkin/cmake/all.cmake:164 (include)
  /opt/ros/noetic/share/catkin/cmake/catkinConfig.cmake:20 (include)
  CMakeLists.txt:19 (find_package)
This warning is for project developers.  Use -Wno-dev to suppress it.
[0m
[0mCMake Deprecation Warning at /usr/src/googletest/CMakeLists.txt:4 (cmake_minimum_required):
  Compatibility with CMake < 3.10 will be removed from a future version of
  CMake.

  Update the VERSION argument <min> value.  Or, use the <min>...<max> syntax
  to tell CMake that the project requires at least <min> but has been updated
  to work with policies introduced by <max> or earlier.

[0m
[0mCMake Deprecation Warning at /usr/src/googletest/googlemock/CMakeLists.txt:45 (cmake_minimum_required):
  Compatibility with CMake < 3.10 will be removed from a future version of
  CMake.

  Update the VERSION argument <min> value.  Or, use the <min>...<max> syntax
  to tell CMake that the project requires at least <min> but has been updated
  to work with policies introduced by <max> or earlier.

[0m
[0mCMake Deprecation Warning at /usr/src/googletest/googletest/CMakeLists.txt:56 (cmake_minimum_required):
  Compatibility with CMake < 3.10 will be removed from a future version of
  CMake.

  Update the VERSION argument <min> value.  Or, use the <min>...<max> syntax
  to tell CMake that the project requires at least <min> but has been updated
  to work with policies introduced by <max> or earlier.

[0m
[33mCMake Warning (dev) at /usr/src/googletest/googletest/cmake/internal_utils.cmake:249 (find_package):
  Policy CMP0148 is not set: The FindPythonInterp and FindPythonLibs modules
  are removed.  Run "cmake --help-policy CMP0148" for policy details.  Use
  the cmake_policy command to set the policy and suppress this warning.

[36mCall Stack (most recent call first):[0m
  /usr/src/googletest/googletest/CMakeLists.txt:91 (include)
This warning is for project developers.  Use -Wno-dev to suppress it.
[0m
[33mCMake Warning (dev) at /opt/ros/noetic/share/dynamic_reconfigure/cmake/dynamic_reconfigure-macros.cmake:128 (find_package):
  Policy CMP0148 is not set: The FindPythonInterp and FindPythonLibs modules
  are removed.  Run "cmake --help-policy CMP0148" for policy details.  Use
  the cmake_policy command to set the policy and suppress this warning.

[36mCall Stack (most recent call first):[0m
  /opt/ros/noetic/share/dynamic_reconfigure/cmake/dynamic_reconfigure-macros.cmake:89 (dynreconf_called)
  CMakeLists.txt:30 (generate_dynamic_reconfigure_options)
This warning is for project developers.  Use -Wno-dev to suppress it.
[0m
[33mCMake Warning at CMakeLists.txt:44 (add_library):
  Cannot generate a safe runtime search path for target octomap_server
  because there is a cycle in the constraint graph:

    dir 0 is [/home/orangepi/catkin_ws/devel/lib]
      dir 1 must precede it due to runtime library [liboctomap.so.1.9]
    dir 1 is [/opt/ros/noetic/lib]
      dir 0 must precede it due to runtime library [liboctomap.so.1.9]

  Some of these libraries may not be found correctly.

[0m
[33mCMake Warning at CMakeLists.txt:48 (add_library):
  Cannot generate a safe runtime search path for target octomap_server_color
  because there is a cycle in the constraint graph:

    dir 0 is [/home/orangepi/catkin_ws/devel/lib]
      dir 1 must precede it due to runtime library [liboctomap.so.1.9]
    dir 1 is [/opt/ros/noetic/lib]
      dir 0 must precede it due to runtime library [liboctomap.so.1.9]

  Some of these libraries may not be found correctly.

[0m
[33mCMake Warning at CMakeLists.txt:53 (add_executable):
  Cannot generate a safe runtime search path for target octomap_server_node
  because there is a cycle in the constraint graph:

    dir 0 is [/home/orangepi/catkin_ws/devel/.private/octomap_server/lib]
    dir 1 is [/home/orangepi/catkin_ws/devel/lib]
      dir 2 must precede it due to runtime library [liboctomap.so.1.9]
    dir 2 is [/opt/ros/noetic/lib]
      dir 0 must precede it due to runtime library [liboctomap_server.so]
      dir 1 must precede it due to runtime library [liboctomap.so.1.9]

  Some of these libraries may not be found correctly.

[0m
[33mCMake Warning at CMakeLists.txt:56 (add_executable):
  Cannot generate a safe runtime search path for target
  octomap_color_server_node because there is a cycle in the constraint graph:

    dir 0 is [/home/orangepi/catkin_ws/devel/.private/octomap_server/lib]
    dir 1 is [/home/orangepi/catkin_ws/devel/lib]
      dir 2 must precede it due to runtime library [liboctomap.so.1.9]
    dir 2 is [/opt/ros/noetic/lib]
      dir 0 must precede it due to runtime library [liboctomap_server_color.so]
      dir 1 must precede it due to runtime library [liboctomap.so.1.9]

  Some of these libraries may not be found correctly.

[0m
[33mCMake Warning at CMakeLists.txt:59 (add_executable):
  Cannot generate a safe runtime search path for target octomap_server_static
  because there is a cycle in the constraint graph:

    dir 0 is [/home/orangepi/catkin_ws/devel/.private/octomap_server/lib]
    dir 1 is [/home/orangepi/catkin_ws/devel/lib]
      dir 2 must precede it due to runtime library [liboctomap.so.1.9]
    dir 2 is [/opt/ros/noetic/lib]
      dir 0 must precede it due to runtime library [liboctomap_server.so]
      dir 1 must precede it due to runtime library [liboctomap.so.1.9]

  Some of these libraries may not be found correctly.

[0m
[33mCMake Warning at CMakeLists.txt:62 (add_executable):
  Cannot generate a safe runtime search path for target
  octomap_server_multilayer because there is a cycle in the constraint graph:

    dir 0 is [/home/orangepi/catkin_ws/devel/.private/octomap_server/lib]
    dir 1 is [/home/orangepi/catkin_ws/devel/lib]
      dir 2 must precede it due to runtime library [liboctomap.so.1.9]
    dir 2 is [/opt/ros/noetic/lib]
      dir 0 must precede it due to runtime library [liboctomap_server.so]
      dir 1 must precede it due to runtime library [liboctomap.so.1.9]

  Some of these libraries may not be found correctly.

[0m
[33mCMake Warning at CMakeLists.txt:65 (add_executable):
  Cannot generate a safe runtime search path for target octomap_saver because
  there is a cycle in the constraint graph:

    dir 0 is [/home/orangepi/catkin_ws/devel/.private/octomap_server/lib]
    dir 1 is [/home/orangepi/catkin_ws/devel/lib]
      dir 2 must precede it due to runtime library [liboctomap.so.1.9]
    dir 2 is [/opt/ros/noetic/lib]
      dir 0 must precede it due to runtime library [liboctomap_server.so]
      dir 1 must precede it due to runtime library [liboctomap.so.1.9]

  Some of these libraries may not be found correctly.

[0m
[33mCMake Warning at CMakeLists.txt:68 (add_executable):
  Cannot generate a safe runtime search path for target
  octomap_tracking_server_node because there is a cycle in the constraint
  graph:

    dir 0 is [/home/orangepi/catkin_ws/devel/.private/octomap_server/lib]
    dir 1 is [/home/orangepi/catkin_ws/devel/lib]
      dir 2 must precede it due to runtime library [liboctomap.so.1.9]
    dir 2 is [/opt/ros/noetic/lib]
      dir 0 must precede it due to runtime library [liboctomap_server.so]
      dir 1 must precede it due to runtime library [liboctomap.so.1.9]

  Some of these libraries may not be found correctly.

[0m
[33mCMake Warning at CMakeLists.txt:72 (add_library):
  Cannot generate a safe runtime search path for target
  octomap_server_nodelet because there is a cycle in the constraint graph:

    dir 0 is [/home/orangepi/catkin_ws/devel/.private/octomap_server/lib]
    dir 1 is [/home/orangepi/catkin_ws/devel/lib]
      dir 2 must precede it due to runtime library [liboctomap.so.1.9]
    dir 2 is [/opt/ros/noetic/lib]
      dir 0 must precede it due to runtime library [liboctomap_server.so]
      dir 1 must precede it due to runtime library [liboctomap.so.1.9]

  Some of these libraries may not be found correctly.

[0m
[33mCMake Warning at CMakeLists.txt:75 (add_library):
  Cannot generate a safe runtime search path for target
  octomap_color_server_nodelet because there is a cycle in the constraint
  graph:

    dir 0 is [/home/orangepi/catkin_ws/devel/.private/octomap_server/lib]
    dir 1 is [/home/orangepi/catkin_ws/devel/lib]
      dir 2 must precede it due to runtime library [liboctomap.so.1.9]
    dir 2 is [/opt/ros/noetic/lib]
      dir 0 must precede it due to runtime library [liboctomap_server_color.so]
      dir 1 must precede it due to runtime library [liboctomap.so.1.9]

  Some of these libraries may not be found correctly.

[0m
