[  0%] [0mBuilt target std_srvs_generate_messages_py[0m
[  0%] [0mBuilt target control_msgs_generate_messages_eus[0m
[  0%] [0mBuilt target control_msgs_generate_messages_lisp[0m
[  0%] [0mBuilt target control_msgs_generate_messages_cpp[0m
[  0%] [0mBuilt target control_msgs_generate_messages_py[0m
[  0%] [0mBuilt target control_msgs_generate_messages_nodejs[0m
[  0%] [0mBuilt target actionlib_msgs_generate_messages_cpp[0m
[  0%] [0mBuilt target actionlib_msgs_generate_messages_lisp[0m
[  0%] [0mBuilt target actionlib_msgs_generate_messages_eus[0m
[  0%] [0mBuilt target actionlib_msgs_generate_messages_nodejs[0m
[  0%] [0mBuilt target actionlib_msgs_generate_messages_py[0m
[  0%] [0mBuilt target std_msgs_generate_messages_cpp[0m
[  0%] [0mBuilt target std_msgs_generate_messages_eus[0m
[  0%] [0mBuilt target std_msgs_generate_messages_lisp[0m
[  0%] [0mBuilt target std_msgs_generate_messages_py[0m
[  0%] [0mBuilt target std_msgs_generate_messages_nodejs[0m
[  0%] [0mBuilt target _catkin_empty_exported_target[0m
[  0%] [0mBuilt target geometry_msgs_generate_messages_cpp[0m
[  0%] [0mBuilt target geometry_msgs_generate_messages_lisp[0m
[  0%] [0mBuilt target geometry_msgs_generate_messages_eus[0m
[  0%] [0mBuilt target geometry_msgs_generate_messages_nodejs[0m
[  0%] [0mBuilt target geometry_msgs_generate_messages_py[0m
[  0%] [0mBuilt target trajectory_msgs_generate_messages_eus[0m
[  0%] [0mBuilt target trajectory_msgs_generate_messages_cpp[0m
[  0%] [0mBuilt target trajectory_msgs_generate_messages_lisp[0m
[  0%] [0mBuilt target trajectory_msgs_generate_messages_nodejs[0m
[  0%] [0mBuilt target trajectory_msgs_generate_messages_py[0m
[  0%] [0mBuilt target control_toolbox_gencfg[0m
[  0%] [0mBuilt target control_toolbox_generate_messages_eus[0m
[  0%] [0mBuilt target control_toolbox_generate_messages_cpp[0m
[  0%] [0mBuilt target control_toolbox_generate_messages_lisp[0m
[  0%] [0mBuilt target control_toolbox_generate_messages_py[0m
[  0%] [0mBuilt target dynamic_reconfigure_generate_messages_cpp[0m
[  0%] [0mBuilt target control_toolbox_generate_messages_nodejs[0m
[  0%] [0mBuilt target dynamic_reconfigure_generate_messages_eus[0m
[  0%] [0mBuilt target dynamic_reconfigure_generate_messages_lisp[0m
[  0%] [0mBuilt target dynamic_reconfigure_generate_messages_nodejs[0m
[  0%] [0mBuilt target dynamic_reconfigure_generate_messages_py[0m
[  0%] [0mBuilt target dynamic_reconfigure_gencfg[0m
[  0%] [0mBuilt target roscpp_generate_messages_cpp[0m
[  0%] [0mBuilt target roscpp_generate_messages_eus[0m
[  0%] [0mBuilt target roscpp_generate_messages_nodejs[0m
[  0%] [0mBuilt target roscpp_generate_messages_lisp[0m
[  0%] [0mBuilt target roscpp_generate_messages_py[0m
[  0%] [0mBuilt target rosgraph_msgs_generate_messages_cpp[0m
[  0%] [0mBuilt target rosgraph_msgs_generate_messages_eus[0m
[  0%] [0mBuilt target rosgraph_msgs_generate_messages_lisp[0m
[  0%] [0mBuilt target rosgraph_msgs_generate_messages_nodejs[0m
[  0%] [0mBuilt target moveit_msgs_generate_messages_cpp[0m
[  0%] [0mBuilt target rosgraph_msgs_generate_messages_py[0m
[  0%] [0mBuilt target moveit_msgs_generate_messages_eus[0m
[  0%] [0mBuilt target moveit_msgs_generate_messages_nodejs[0m
[  0%] [0mBuilt target moveit_msgs_generate_messages_lisp[0m
[  0%] [0mBuilt target moveit_msgs_generate_messages_py[0m
[  0%] [0mBuilt target sensor_msgs_generate_messages_eus[0m
[  0%] [0mBuilt target sensor_msgs_generate_messages_cpp[0m
[  0%] [0mBuilt target sensor_msgs_generate_messages_lisp[0m
[  0%] [0mBuilt target sensor_msgs_generate_messages_py[0m
[  0%] [0mBuilt target sensor_msgs_generate_messages_nodejs[0m
[  0%] [0mBuilt target shape_msgs_generate_messages_cpp[0m
[  0%] [0mBuilt target shape_msgs_generate_messages_eus[0m
[  0%] [0mBuilt target shape_msgs_generate_messages_nodejs[0m
[  0%] [0mBuilt target shape_msgs_generate_messages_lisp[0m
[  0%] [0mBuilt target shape_msgs_generate_messages_py[0m
[  0%] [0mBuilt target object_recognition_msgs_generate_messages_cpp[0m
[  0%] [0mBuilt target object_recognition_msgs_generate_messages_lisp[0m
[  0%] [0mBuilt target object_recognition_msgs_generate_messages_eus[0m
[  0%] [0mBuilt target object_recognition_msgs_generate_messages_nodejs[0m
[  0%] [0mBuilt target object_recognition_msgs_generate_messages_py[0m
[  0%] [0mBuilt target octomap_msgs_generate_messages_eus[0m
[  0%] [0mBuilt target octomap_msgs_generate_messages_cpp[0m
[  0%] [0mBuilt target octomap_msgs_generate_messages_py[0m
[  0%] [0mBuilt target octomap_msgs_generate_messages_nodejs[0m
[  0%] [0mBuilt target octomap_msgs_generate_messages_lisp[0m
[  0%] [0mBuilt target actionlib_generate_messages_cpp[0m
[  0%] [0mBuilt target actionlib_generate_messages_eus[0m
[  0%] [0mBuilt target actionlib_generate_messages_lisp[0m
[  0%] [0mBuilt target actionlib_generate_messages_nodejs[0m
[  0%] [0mBuilt target actionlib_generate_messages_py[0m
[  0%] [0mBuilt target moveit_ros_planning_gencfg[0m
[  0%] [0mBuilt target visualization_msgs_generate_messages_cpp[0m
[  0%] [0mBuilt target visualization_msgs_generate_messages_eus[0m
[  0%] [0mBuilt target visualization_msgs_generate_messages_lisp[0m
[  0%] [0mBuilt target visualization_msgs_generate_messages_py[0m
[  0%] [0mBuilt target tf2_msgs_generate_messages_cpp[0m
[  0%] [0mBuilt target visualization_msgs_generate_messages_nodejs[0m
[  0%] [0mBuilt target tf2_msgs_generate_messages_lisp[0m
[  0%] [0mBuilt target tf2_msgs_generate_messages_eus[0m
[  0%] [0mBuilt target tf2_msgs_generate_messages_py[0m
[  0%] [0mBuilt target tf2_msgs_generate_messages_nodejs[0m
[  0%] [0mBuilt target tf_generate_messages_cpp[0m
[  0%] [0mBuilt target tf_generate_messages_eus[0m
[  0%] [0mBuilt target tf_generate_messages_py[0m
[  0%] [0mBuilt target tf_generate_messages_nodejs[0m
[  0%] [0mBuilt target tf_generate_messages_lisp[0m
[  0%] [0mBuilt target std_srvs_generate_messages_cpp[0m
[  0%] [0mBuilt target moveit_ros_manipulation_gencfg[0m
[  0%] [0mBuilt target std_srvs_generate_messages_lisp[0m
[  0%] [0mBuilt target std_srvs_generate_messages_eus[0m
[  0%] [0mBuilt target std_srvs_generate_messages_nodejs[0m
[ 13%] [0mBuilt target spacenav_to_twist[0m
[ 46%] [0mBuilt target moveit_servo_cpp_api[0m
[ 60%] [0mBuilt target servo_server[0m
[ 73%] [0mBuilt target cpp_interface_example[0m
[ 86%] [0mBuilt target pose_tracking[0m
[100%] [0mBuilt target pose_tracking_example[0m
