[0mCMake Deprecation Warning at CMakeLists.txt:1 (cmake_minimum_required):
  Compatibility with CMake < 3.10 will be removed from a future version of
  CMake.

  Update the VERSION argument <min> value.  Or, use the <min>...<max> syntax
  to tell CMake that the project requires at least <min> but has been updated
  to work with policies introduced by <max> or earlier.

[0m
[33mCMake Warning (dev) at /opt/ros/noetic/share/catkin/cmake/python.cmake:4 (find_package):
  Policy CMP0148 is not set: The FindPythonInterp and FindPythonLibs modules
  are removed.  Run "cmake --help-policy CMP0148" for policy details.  Use
  the cmake_policy command to set the policy and suppress this warning.

[36mCall Stack (most recent call first):[0m
  /opt/ros/noetic/share/catkin/cmake/all.cmake:164 (include)
  /opt/ros/noetic/share/catkin/cmake/catkinConfig.cmake:20 (include)
  CMakeLists.txt:9 (find_package)
This warning is for project developers.  Use -Wno-dev to suppress it.
[0m
[0mCMake Deprecation Warning at /usr/src/googletest/CMakeLists.txt:4 (cmake_minimum_required):
  Compatibility with CMake < 3.10 will be removed from a future version of
  CMake.

  Update the VERSION argument <min> value.  Or, use the <min>...<max> syntax
  to tell CMake that the project requires at least <min> but has been updated
  to work with policies introduced by <max> or earlier.

[0m
[0mCMake Deprecation Warning at /usr/src/googletest/googlemock/CMakeLists.txt:45 (cmake_minimum_required):
  Compatibility with CMake < 3.10 will be removed from a future version of
  CMake.

  Update the VERSION argument <min> value.  Or, use the <min>...<max> syntax
  to tell CMake that the project requires at least <min> but has been updated
  to work with policies introduced by <max> or earlier.

[0m
[0mCMake Deprecation Warning at /usr/src/googletest/googletest/CMakeLists.txt:56 (cmake_minimum_required):
  Compatibility with CMake < 3.10 will be removed from a future version of
  CMake.

  Update the VERSION argument <min> value.  Or, use the <min>...<max> syntax
  to tell CMake that the project requires at least <min> but has been updated
  to work with policies introduced by <max> or earlier.

[0m
[33mCMake Warning (dev) at /usr/src/googletest/googletest/cmake/internal_utils.cmake:249 (find_package):
  Policy CMP0148 is not set: The FindPythonInterp and FindPythonLibs modules
  are removed.  Run "cmake --help-policy CMP0148" for policy details.  Use
  the cmake_policy command to set the policy and suppress this warning.

[36mCall Stack (most recent call first):[0m
  /usr/src/googletest/googletest/CMakeLists.txt:91 (include)
This warning is for project developers.  Use -Wno-dev to suppress it.
[0m
[33mCMake Warning at CMakeLists.txt:46 (add_library):
  Cannot generate a safe runtime search path for target bspline_opt because
  files in some directories may conflict with libraries in implicit
  directories:

    runtime library [libpcl_kdtree.so.1.10] in /usr/lib/aarch64-linux-gnu may be hidden by files in:
      /usr/local/lib
    runtime library [libpcl_search.so.1.10] in /usr/lib/aarch64-linux-gnu may be hidden by files in:
      /usr/local/lib
    runtime library [libpcl_features.so.1.10] in /usr/lib/aarch64-linux-gnu may be hidden by files in:
      /usr/local/lib
    runtime library [libpcl_sample_consensus.so.1.10] in /usr/lib/aarch64-linux-gnu may be hidden by files in:
      /usr/local/lib
    runtime library [libpcl_filters.so.1.10] in /usr/lib/aarch64-linux-gnu may be hidden by files in:
      /usr/local/lib
    runtime library [libpcl_ml.so.1.10] in /usr/lib/aarch64-linux-gnu may be hidden by files in:
      /usr/local/lib
    runtime library [libpcl_segmentation.so.1.10] in /usr/lib/aarch64-linux-gnu may be hidden by files in:
      /usr/local/lib
    runtime library [libpcl_surface.so.1.10] in /usr/lib/aarch64-linux-gnu may be hidden by files in:
      /usr/local/lib
    runtime library [libpcl_common.so.1.10] in /usr/lib/aarch64-linux-gnu may be hidden by files in:
      /usr/local/lib
    runtime library [libpcl_octree.so.1.10] in /usr/lib/aarch64-linux-gnu may be hidden by files in:
      /usr/local/lib
    runtime library [libpcl_io.so.1.10] in /usr/lib/aarch64-linux-gnu may be hidden by files in:
      /usr/local/lib

  Some of these libraries may not be found correctly.

[0m
