[  0%] [0mBuilt target std_msgs_generate_messages_py[0m
[  0%] [0mBuilt target sensor_msgs_generate_messages_cpp[0m
[  0%] [0mBuilt target sensor_msgs_generate_messages_eus[0m
[  0%] [0mBuilt target sensor_msgs_generate_messages_nodejs[0m
[  0%] [0mBuilt target sensor_msgs_generate_messages_lisp[0m
[  0%] [0mBuilt target sensor_msgs_generate_messages_py[0m
[  0%] [0mBuilt target geometry_msgs_generate_messages_cpp[0m
[  0%] [0mBuilt target geometry_msgs_generate_messages_lisp[0m
[  0%] [0mBuilt target geometry_msgs_generate_messages_eus[0m
[  0%] [0mBuilt target geometry_msgs_generate_messages_nodejs[0m
[  0%] [0mBuilt target geometry_msgs_generate_messages_py[0m
[  0%] [0mBuilt target std_msgs_generate_messages_cpp[0m
[  0%] [0mBuilt target std_msgs_generate_messages_lisp[0m
[  0%] [0mBuilt target std_msgs_generate_messages_eus[0m
[  0%] [0mBuilt target std_msgs_generate_messages_nodejs[0m
[  0%] [0mBuilt target bond_generate_messages_py[0m
[ 26%] [0mBuilt target moveit_mesh_filter[0m
[ 26%] [0mBuilt target shape_msgs_generate_messages_cpp[0m
[ 26%] [0mBuilt target shape_msgs_generate_messages_lisp[0m
[ 26%] [0mBuilt target shape_msgs_generate_messages_eus[0m
[ 34%] [0mBuilt target moveit_point_containment_filter[0m
[ 34%] [0mBuilt target visualization_msgs_generate_messages_lisp[0m
[ 34%] [0mBuilt target shape_msgs_generate_messages_nodejs[0m
[ 34%] [0mBuilt target shape_msgs_generate_messages_py[0m
[ 34%] [0mBuilt target visualization_msgs_generate_messages_cpp[0m
[ 34%] [0mBuilt target visualization_msgs_generate_messages_eus[0m
[ 34%] [0mBuilt target roscpp_generate_messages_cpp[0m
[ 34%] [0mBuilt target visualization_msgs_generate_messages_py[0m
[ 34%] [0mBuilt target visualization_msgs_generate_messages_nodejs[0m
[ 34%] [0mBuilt target roscpp_generate_messages_eus[0m
[ 34%] [0mBuilt target roscpp_generate_messages_lisp[0m
[ 34%] [0mBuilt target roscpp_generate_messages_py[0m
[ 34%] [0mBuilt target roscpp_generate_messages_nodejs[0m
[ 34%] [0mBuilt target rosgraph_msgs_generate_messages_eus[0m
[ 34%] [0mBuilt target rosgraph_msgs_generate_messages_lisp[0m
[ 34%] [0mBuilt target rosgraph_msgs_generate_messages_cpp[0m
[ 34%] [0mBuilt target rosgraph_msgs_generate_messages_nodejs[0m
[ 34%] [0mBuilt target rosgraph_msgs_generate_messages_py[0m
[ 34%] [0mBuilt target moveit_msgs_generate_messages_eus[0m
[ 34%] [0mBuilt target moveit_msgs_generate_messages_cpp[0m
[ 34%] [0mBuilt target moveit_msgs_generate_messages_lisp[0m
[ 34%] [0mBuilt target moveit_msgs_generate_messages_nodejs[0m
[ 34%] [0mBuilt target moveit_msgs_generate_messages_py[0m
[ 34%] [0mBuilt target actionlib_msgs_generate_messages_cpp[0m
[ 34%] [0mBuilt target actionlib_msgs_generate_messages_eus[0m
[ 34%] [0mBuilt target actionlib_msgs_generate_messages_py[0m
[ 34%] [0mBuilt target actionlib_msgs_generate_messages_lisp[0m
[ 34%] [0mBuilt target trajectory_msgs_generate_messages_cpp[0m
[ 34%] [0mBuilt target actionlib_msgs_generate_messages_nodejs[0m
[ 34%] [0mBuilt target trajectory_msgs_generate_messages_eus[0m
[ 34%] [0mBuilt target trajectory_msgs_generate_messages_lisp[0m
[ 34%] [0mBuilt target trajectory_msgs_generate_messages_nodejs[0m
[ 34%] [0mBuilt target trajectory_msgs_generate_messages_py[0m
[ 34%] [0mBuilt target object_recognition_msgs_generate_messages_cpp[0m
[ 34%] [0mBuilt target object_recognition_msgs_generate_messages_eus[0m
[ 34%] [0mBuilt target object_recognition_msgs_generate_messages_lisp[0m
[ 34%] [0mBuilt target object_recognition_msgs_generate_messages_py[0m
[ 34%] [0mBuilt target object_recognition_msgs_generate_messages_nodejs[0m
[ 34%] [0mBuilt target octomap_msgs_generate_messages_eus[0m
[ 34%] [0mBuilt target octomap_msgs_generate_messages_cpp[0m
[ 34%] [0mBuilt target octomap_msgs_generate_messages_nodejs[0m
[ 34%] [0mBuilt target octomap_msgs_generate_messages_lisp[0m
[ 34%] [0mBuilt target octomap_msgs_generate_messages_py[0m
[ 34%] [0mBuilt target tf2_msgs_generate_messages_cpp[0m
[ 34%] [0mBuilt target tf2_msgs_generate_messages_eus[0m
[ 34%] [0mBuilt target tf2_msgs_generate_messages_nodejs[0m
[ 34%] [0mBuilt target tf2_msgs_generate_messages_py[0m
[ 34%] [0mBuilt target tf2_msgs_generate_messages_lisp[0m
[ 34%] [0mBuilt target actionlib_generate_messages_cpp[0m
[ 34%] [0mBuilt target actionlib_generate_messages_eus[0m
[ 34%] [0mBuilt target actionlib_generate_messages_nodejs[0m
[ 34%] [0mBuilt target actionlib_generate_messages_py[0m
[ 34%] [0mBuilt target actionlib_generate_messages_lisp[0m
[ 34%] [0mBuilt target dynamic_reconfigure_generate_messages_cpp[0m
[ 34%] [0mBuilt target moveit_ros_planning_gencfg[0m
[ 34%] [0mBuilt target dynamic_reconfigure_generate_messages_eus[0m
[ 34%] [0mBuilt target dynamic_reconfigure_generate_messages_lisp[0m
[ 34%] [0mBuilt target dynamic_reconfigure_generate_messages_nodejs[0m
[ 34%] [0mBuilt target dynamic_reconfigure_gencfg[0m
[ 34%] [0mBuilt target dynamic_reconfigure_generate_messages_py[0m
[ 34%] [0mBuilt target nodelet_generate_messages_cpp[0m
[ 34%] [0mBuilt target nodelet_generate_messages_eus[0m
[ 34%] [0mBuilt target nodelet_generate_messages_lisp[0m
[ 34%] [0mBuilt target nodelet_generate_messages_nodejs[0m
[ 34%] [0mBuilt target nodelet_generate_messages_py[0m
[ 34%] [0mBuilt target bond_generate_messages_cpp[0m
[ 34%] [0mBuilt target bond_generate_messages_eus[0m
[ 34%] [0mBuilt target bond_generate_messages_nodejs[0m
[ 34%] [0mBuilt target bond_generate_messages_lisp[0m
[ 43%] [0mBuilt target moveit_lazy_free_space_updater[0m
[ 52%] [0mBuilt target moveit_semantic_world[0m
[ 60%] [0mBuilt target moveit_pointcloud_octomap_updater_core[0m
[ 73%] [0mBuilt target moveit_depth_self_filter[0m
[ 82%] [0mBuilt target moveit_depth_image_octomap_updater_core[0m
[ 91%] [0mBuilt target moveit_pointcloud_octomap_updater[0m
[100%] [0mBuilt target moveit_depth_image_octomap_updater[0m
