[  0%] [0mBuilt target moveit_msgs_generate_messages_lisp[0m
[  9%] [0mBuilt target moveit_py_bindings_tools[0m
[  9%] [0mBuilt target moveit_msgs_generate_messages_cpp[0m
[  9%] [0mBuilt target moveit_msgs_generate_messages_eus[0m
[ 18%] [0mBuilt target moveit_common_planning_interface_objects[0m
[ 18%] [0mBuilt target moveit_msgs_generate_messages_nodejs[0m
[ 18%] [0mBuilt target std_msgs_generate_messages_cpp[0m
[ 18%] [0mBuilt target moveit_msgs_generate_messages_py[0m
[ 18%] [0mBuilt target std_msgs_generate_messages_lisp[0m
[ 18%] [0mBuilt target std_msgs_generate_messages_eus[0m
[ 18%] [0mBuilt target std_msgs_generate_messages_nodejs[0m
[ 18%] [0mBuilt target std_msgs_generate_messages_py[0m
[ 18%] [0mBuilt target actionlib_msgs_generate_messages_cpp[0m
[ 18%] [0mBuilt target actionlib_msgs_generate_messages_eus[0m
[ 18%] [0mBuilt target actionlib_msgs_generate_messages_nodejs[0m
[ 18%] [0mBuilt target actionlib_msgs_generate_messages_lisp[0m
[ 18%] [0mBuilt target sensor_msgs_generate_messages_cpp[0m
[ 18%] [0mBuilt target sensor_msgs_generate_messages_eus[0m
[ 18%] [0mBuilt target _catkin_empty_exported_target[0m
[ 18%] [0mBuilt target actionlib_msgs_generate_messages_py[0m
[ 18%] [0mBuilt target geometry_msgs_generate_messages_cpp[0m
[ 18%] [0mBuilt target sensor_msgs_generate_messages_nodejs[0m
[ 18%] [0mBuilt target sensor_msgs_generate_messages_py[0m
[ 18%] [0mBuilt target sensor_msgs_generate_messages_lisp[0m
[ 18%] [0mBuilt target geometry_msgs_generate_messages_eus[0m
[ 18%] [0mBuilt target geometry_msgs_generate_messages_py[0m
[ 18%] [0mBuilt target geometry_msgs_generate_messages_lisp[0m
[ 18%] [0mBuilt target geometry_msgs_generate_messages_nodejs[0m
[ 18%] [0mBuilt target trajectory_msgs_generate_messages_cpp[0m
[ 18%] [0mBuilt target trajectory_msgs_generate_messages_eus[0m
[ 18%] [0mBuilt target trajectory_msgs_generate_messages_lisp[0m
[ 18%] [0mBuilt target trajectory_msgs_generate_messages_nodejs[0m
[ 18%] [0mBuilt target trajectory_msgs_generate_messages_py[0m
[ 18%] [0mBuilt target shape_msgs_generate_messages_cpp[0m
[ 18%] [0mBuilt target shape_msgs_generate_messages_eus[0m
[ 18%] [0mBuilt target shape_msgs_generate_messages_lisp[0m
[ 18%] [0mBuilt target shape_msgs_generate_messages_nodejs[0m
[ 18%] [0mBuilt target shape_msgs_generate_messages_py[0m
[ 18%] [0mBuilt target object_recognition_msgs_generate_messages_cpp[0m
[ 18%] [0mBuilt target object_recognition_msgs_generate_messages_lisp[0m
[ 18%] [0mBuilt target object_recognition_msgs_generate_messages_nodejs[0m
[ 18%] [0mBuilt target object_recognition_msgs_generate_messages_eus[0m
[ 18%] [0mBuilt target object_recognition_msgs_generate_messages_py[0m
[ 18%] [0mBuilt target octomap_msgs_generate_messages_cpp[0m
[ 18%] [0mBuilt target octomap_msgs_generate_messages_eus[0m
[ 18%] [0mBuilt target octomap_msgs_generate_messages_lisp[0m
[ 18%] [0mBuilt target octomap_msgs_generate_messages_py[0m
[ 18%] [0mBuilt target moveit_ros_planning_gencfg[0m
[ 18%] [0mBuilt target actionlib_generate_messages_cpp[0m
[ 18%] [0mBuilt target octomap_msgs_generate_messages_nodejs[0m
[ 18%] [0mBuilt target actionlib_generate_messages_eus[0m
[ 18%] [0mBuilt target roscpp_generate_messages_cpp[0m
[ 18%] [0mBuilt target actionlib_generate_messages_lisp[0m
[ 18%] [0mBuilt target actionlib_generate_messages_py[0m
[ 18%] [0mBuilt target actionlib_generate_messages_nodejs[0m
[ 18%] [0mBuilt target roscpp_generate_messages_eus[0m
[ 18%] [0mBuilt target rosgraph_msgs_generate_messages_cpp[0m
[ 18%] [0mBuilt target rosgraph_msgs_generate_messages_lisp[0m
[ 18%] [0mBuilt target roscpp_generate_messages_lisp[0m
[ 18%] [0mBuilt target roscpp_generate_messages_nodejs[0m
[ 18%] [0mBuilt target roscpp_generate_messages_py[0m
[ 18%] [0mBuilt target rosgraph_msgs_generate_messages_eus[0m
[ 18%] [0mBuilt target dynamic_reconfigure_generate_messages_cpp[0m
[ 18%] [0mBuilt target rosgraph_msgs_generate_messages_nodejs[0m
[ 18%] [0mBuilt target dynamic_reconfigure_generate_messages_eus[0m
[ 18%] [0mBuilt target rosgraph_msgs_generate_messages_py[0m
[ 18%] [0mBuilt target dynamic_reconfigure_generate_messages_lisp[0m
[ 18%] [0mBuilt target dynamic_reconfigure_generate_messages_nodejs[0m
[ 18%] [0mBuilt target dynamic_reconfigure_gencfg[0m
[ 18%] [0mBuilt target dynamic_reconfigure_generate_messages_py[0m
[ 18%] [0mBuilt target visualization_msgs_generate_messages_lisp[0m
[ 18%] [0mBuilt target visualization_msgs_generate_messages_cpp[0m
[ 18%] [0mBuilt target visualization_msgs_generate_messages_eus[0m
[ 18%] [0mBuilt target visualization_msgs_generate_messages_py[0m
[ 18%] [0mBuilt target tf2_msgs_generate_messages_cpp[0m
[ 18%] [0mBuilt target visualization_msgs_generate_messages_nodejs[0m
[ 18%] [0mBuilt target tf2_msgs_generate_messages_eus[0m
[ 18%] [0mBuilt target tf_generate_messages_cpp[0m
[ 18%] [0mBuilt target tf2_msgs_generate_messages_nodejs[0m
[ 18%] [0mBuilt target tf2_msgs_generate_messages_lisp[0m
[ 18%] [0mBuilt target tf_generate_messages_lisp[0m
[ 18%] [0mBuilt target tf_generate_messages_eus[0m
[ 18%] [0mBuilt target tf2_msgs_generate_messages_py[0m
[ 18%] [0mBuilt target tf_generate_messages_py[0m
[ 18%] [0mBuilt target tf_generate_messages_nodejs[0m
[ 18%] [0mBuilt target moveit_ros_manipulation_gencfg[0m
[ 18%] [0mBuilt target std_srvs_generate_messages_cpp[0m
[ 18%] [0mBuilt target std_srvs_generate_messages_eus[0m
[ 18%] [0mBuilt target std_srvs_generate_messages_lisp[0m
[ 18%] [0mBuilt target std_srvs_generate_messages_py[0m
[ 18%] [0mBuilt target std_srvs_generate_messages_nodejs[0m
[ 27%] [0mBuilt target moveit_planning_interface_test_serialize_msg_cpp_helper[0m
[ 36%] [0mBuilt target moveit_py_bindings_tools_python[0m
[ 45%] [0mBuilt target moveit_planning_scene_interface[0m
[ 54%] [0mBuilt target moveit_robot_interface_python[0m
[ 63%] [0mBuilt target moveit_planning_scene_interface_python[0m
[ 72%] [0mBuilt target moveit_move_group_interface[0m
[ 81%] [0mBuilt target test_cleanup[0m
[ 90%] [0mBuilt target demo[0m
[100%] [0mBuilt target moveit_move_group_interface_python[0m
