[  0%] [0mBuilt target octomap_msgs_generate_messages_py[0m
[  0%] [0mBuilt target geometry_msgs_generate_messages_cpp[0m
[  0%] [0mBuilt target geometry_msgs_generate_messages_eus[0m
[  0%] [0mBuilt target geometry_msgs_generate_messages_lisp[0m
[  0%] [0mBuilt target geometry_msgs_generate_messages_nodejs[0m
[  0%] [0mBuilt target geometry_msgs_generate_messages_py[0m
[  0%] [0mBuilt target std_msgs_generate_messages_cpp[0m
[  0%] [0mBuilt target std_msgs_generate_messages_eus[0m
[  0%] [0mBuilt target std_msgs_generate_messages_lisp[0m
[  0%] [0mBuilt target std_msgs_generate_messages_nodejs[0m
[  0%] [0mBuilt target tf2_msgs_generate_messages_cpp[0m
[  0%] [0mBuilt target std_msgs_generate_messages_py[0m
[  0%] [0mBuilt target tf2_msgs_generate_messages_eus[0m
[  0%] [0mBuilt target tf2_msgs_generate_messages_lisp[0m
[  0%] [0mBuilt target tf2_msgs_generate_messages_nodejs[0m
[  0%] [0mBuilt target tf2_msgs_generate_messages_py[0m
[  0%] [0mBuilt target _catkin_empty_exported_target[0m
[  0%] [0mBuilt target actionlib_msgs_generate_messages_cpp[0m
[  0%] [0mBuilt target actionlib_msgs_generate_messages_eus[0m
[  0%] [0mBuilt target actionlib_msgs_generate_messages_lisp[0m
[  0%] [0mBuilt target actionlib_msgs_generate_messages_nodejs[0m
[  0%] [0mBuilt target actionlib_msgs_generate_messages_py[0m
[  0%] [0mBuilt target actionlib_generate_messages_cpp[0m
[  0%] [0mBuilt target actionlib_generate_messages_lisp[0m
[  0%] [0mBuilt target actionlib_generate_messages_eus[0m
[  0%] [0mBuilt target actionlib_generate_messages_py[0m
[  0%] [0mBuilt target actionlib_generate_messages_nodejs[0m
[  0%] [0mBuilt target roscpp_generate_messages_cpp[0m
[  0%] [0mBuilt target roscpp_generate_messages_eus[0m
[  0%] [0mBuilt target roscpp_generate_messages_nodejs[0m
[  0%] [0mBuilt target roscpp_generate_messages_lisp[0m
[  0%] [0mBuilt target rosgraph_msgs_generate_messages_cpp[0m
[  0%] [0mBuilt target roscpp_generate_messages_py[0m
[  0%] [0mBuilt target rosgraph_msgs_generate_messages_eus[0m
[  0%] [0mBuilt target rosgraph_msgs_generate_messages_lisp[0m
[  0%] [0mBuilt target shape_msgs_generate_messages_cpp[0m
[  0%] [0mBuilt target rosgraph_msgs_generate_messages_nodejs[0m
[  0%] [0mBuilt target rosgraph_msgs_generate_messages_py[0m
[  0%] [0mBuilt target shape_msgs_generate_messages_lisp[0m
[  0%] [0mBuilt target shape_msgs_generate_messages_eus[0m
[  0%] [0mBuilt target shape_msgs_generate_messages_nodejs[0m
[  0%] [0mBuilt target shape_msgs_generate_messages_py[0m
[  0%] [0mBuilt target visualization_msgs_generate_messages_lisp[0m
[  0%] [0mBuilt target visualization_msgs_generate_messages_nodejs[0m
[  0%] [0mBuilt target visualization_msgs_generate_messages_eus[0m
[  0%] [0mBuilt target visualization_msgs_generate_messages_cpp[0m
[  0%] [0mBuilt target visualization_msgs_generate_messages_py[0m
[  0%] [0mBuilt target moveit_msgs_generate_messages_cpp[0m
[  0%] [0mBuilt target moveit_msgs_generate_messages_eus[0m
[  0%] [0mBuilt target moveit_msgs_generate_messages_lisp[0m
[  0%] [0mBuilt target moveit_msgs_generate_messages_nodejs[0m
[  0%] [0mBuilt target moveit_msgs_generate_messages_py[0m
[  0%] [0mBuilt target sensor_msgs_generate_messages_cpp[0m
[  0%] [0mBuilt target sensor_msgs_generate_messages_eus[0m
[  0%] [0mBuilt target sensor_msgs_generate_messages_lisp[0m
[  0%] [0mBuilt target sensor_msgs_generate_messages_nodejs[0m
[  0%] [0mBuilt target sensor_msgs_generate_messages_py[0m
[  0%] [0mBuilt target trajectory_msgs_generate_messages_eus[0m
[  0%] [0mBuilt target trajectory_msgs_generate_messages_lisp[0m
[  0%] [0mBuilt target trajectory_msgs_generate_messages_cpp[0m
[  0%] [0mBuilt target trajectory_msgs_generate_messages_nodejs[0m
[  0%] [0mBuilt target trajectory_msgs_generate_messages_py[0m
[  0%] [0mBuilt target object_recognition_msgs_generate_messages_cpp[0m
[  0%] [0mBuilt target object_recognition_msgs_generate_messages_lisp[0m
[  0%] [0mBuilt target object_recognition_msgs_generate_messages_eus[0m
[  0%] [0mBuilt target object_recognition_msgs_generate_messages_nodejs[0m
[  0%] [0mBuilt target object_recognition_msgs_generate_messages_py[0m
[  0%] [0mBuilt target octomap_msgs_generate_messages_cpp[0m
[  0%] [0mBuilt target octomap_msgs_generate_messages_eus[0m
[  0%] [0mBuilt target octomap_msgs_generate_messages_lisp[0m
[  1%] [0mBuilt target moveit_exceptions[0m
[  1%] [0mBuilt target octomap_msgs_generate_messages_nodejs[0m
[  3%] [0mBuilt target moveit_profiler[0m
[  5%] [1m[34mGenerating /home/orangepi/catkin_ws/devel/.private/moveit_core/include/moveit/version.h, always_rebuild[0m
--  *** Building MoveIt 1.1.17-devel ***
[  6%] [0mBuilt target moveit_background_processing[0m
[ 10%] [0mBuilt target moveit_distance_field[0m
[ 11%] [1m[34mGenerating version.h[0m
[ 11%] [0mBuilt target version_h[0m
[ 13%] [0mBuilt target moveit_python_tools[0m
[ 18%] [0mBuilt target moveit_utils[0m
[ 20%] [0mBuilt target moveit_transforms[0m
[ 21%] [0mBuilt target moveit_kinematics_base[0m
[ 21%] [32mBuilding CXX object version/CMakeFiles/moveit_version.dir/version.cpp.o[0m
[ 31%] [0mBuilt target moveit_robot_model[0m
[ 33%] [0mBuilt target moveit_test_utils[0m
[ 36%] [0mBuilt target moveit_robot_state[0m
[ 40%] [0mBuilt target moveit_robot_trajectory[0m
[ 41%] [0mBuilt target moveit_dynamics_solver[0m
[ 45%] [0mBuilt target moveit_planning_interface[0m
[ 45%] [0mBuilt target moveit_kinematics_metrics[0m
[ 55%] [0mBuilt target moveit_collision_detection[0m
[ 56%] [1m[32mLinking CXX executable /home/orangepi/catkin_ws/devel/.private/moveit_core/lib/moveit_core/moveit_version[0m
[ 60%] [0mBuilt target moveit_collision_detection_fcl[0m
[ 66%] [0mBuilt target moveit_trajectory_processing[0m
[ 71%] [0mBuilt target moveit_collision_detection_bullet[0m
[ 75%] [0mBuilt target moveit_kinematic_constraints[0m
[ 78%] [0mBuilt target moveit_planning_scene[0m
[ 85%] [0mBuilt target pymoveit_core[0m
[ 86%] [0mBuilt target collision_detector_fcl_plugin[0m
[ 95%] [0mBuilt target moveit_constraint_samplers[0m
[ 90%] [0mBuilt target moveit_planning_request_adapter[0m
[ 95%] [0mBuilt target moveit_version[0m
[ 96%] [0mBuilt target collision_detector_bullet_plugin[0m
[100%] [0mBuilt target moveit_collision_distance_field[0m
