[0mCMake Deprecation Warning at CMakeLists.txt:1 (cmake_minimum_required):
  Compatibility with CMake < 3.10 will be removed from a future version of
  CMake.

  Update the VERSION argument <min> value.  Or, use the <min>...<max> syntax
  to tell CMake that the project requires at least <min> but has been updated
  to work with policies introduced by <max> or earlier.

[0m
[0mTODO: Analyse and fix gcc's maybe-uninitialized warnings[0m
[0mmoveit_core: You did not request a specific build type: Choosing 'Release' for maximum performance[0m
[33mCMake Warning (dev) at CMakeLists.txt:12 (find_package):
  Policy CMP0167 is not set: The FindBoost module is removed.  Run "cmake
  --help-policy CMP0167" for policy details.  Use the cmake_policy command to
  set the policy and suppress this warning.

This warning is for project developers.  Use -Wno-dev to suppress it.
[0m
[33mCMake Warning (dev) at /opt/ros/noetic/share/catkin/cmake/python.cmake:4 (find_package):
  Policy CMP0148 is not set: The FindPythonInterp and FindPythonLibs modules
  are removed.  Run "cmake --help-policy CMP0148" for policy details.  Use
  the cmake_policy command to set the policy and suppress this warning.

[36mCall Stack (most recent call first):[0m
  /opt/ros/noetic/share/catkin/cmake/all.cmake:164 (include)
  /opt/ros/noetic/share/catkin/cmake/catkinConfig.cmake:20 (include)
  CMakeLists.txt:64 (find_package)
This warning is for project developers.  Use -Wno-dev to suppress it.
[0m
[0mCMake Deprecation Warning at /usr/src/googletest/CMakeLists.txt:4 (cmake_minimum_required):
  Compatibility with CMake < 3.10 will be removed from a future version of
  CMake.

  Update the VERSION argument <min> value.  Or, use the <min>...<max> syntax
  to tell CMake that the project requires at least <min> but has been updated
  to work with policies introduced by <max> or earlier.

[0m
[0mCMake Deprecation Warning at /usr/src/googletest/googlemock/CMakeLists.txt:45 (cmake_minimum_required):
  Compatibility with CMake < 3.10 will be removed from a future version of
  CMake.

  Update the VERSION argument <min> value.  Or, use the <min>...<max> syntax
  to tell CMake that the project requires at least <min> but has been updated
  to work with policies introduced by <max> or earlier.

[0m
[0mCMake Deprecation Warning at /usr/src/googletest/googletest/CMakeLists.txt:56 (cmake_minimum_required):
  Compatibility with CMake < 3.10 will be removed from a future version of
  CMake.

  Update the VERSION argument <min> value.  Or, use the <min>...<max> syntax
  to tell CMake that the project requires at least <min> but has been updated
  to work with policies introduced by <max> or earlier.

[0m
[33mCMake Warning (dev) at /usr/src/googletest/googletest/cmake/internal_utils.cmake:249 (find_package):
  Policy CMP0148 is not set: The FindPythonInterp and FindPythonLibs modules
  are removed.  Run "cmake --help-policy CMP0148" for policy details.  Use
  the cmake_policy command to set the policy and suppress this warning.

[36mCall Stack (most recent call first):[0m
  /usr/src/googletest/googletest/CMakeLists.txt:91 (include)
This warning is for project developers.  Use -Wno-dev to suppress it.
[0m
[0mCMake Deprecation Warning at /home/orangepi/catkin_ws/devel/share/pybind11_catkin/cmake/pybind11_catkin.cmake:1 (cmake_minimum_required):
  Compatibility with CMake < 3.10 will be removed from a future version of
  CMake.

  Update the VERSION argument <min> value.  Or, use the <min>...<max> syntax
  to tell CMake that the project requires at least <min> but has been updated
  to work with policies introduced by <max> or earlier.
[36mCall Stack (most recent call first):[0m
  /home/orangepi/catkin_ws/devel/share/pybind11_catkin/cmake/pybind11_catkinConfig.cmake:224 (include)
  /opt/ros/noetic/share/catkin/cmake/catkinConfig.cmake:76 (find_package)
  CMakeLists.txt:64 (find_package)

[0m
[33mCMake Warning at /opt/ros/noetic/share/pybind11_catkin/cmake/pybind11Tools.cmake:24 (message):
  Set PYBIND11_PYTHON_VERSION to search for a specific version, not
  PYTHON_VERSION (which is an output).  Assuming that is what you meant to do
  and continuing anyway.
[36mCall Stack (most recent call first):[0m
  /opt/ros/noetic/share/pybind11_catkin/cmake/pybind11Common.cmake:180 (include)
  /opt/ros/noetic/share/pybind11_catkin/cmake/pybind11Config.cmake:248 (include)
  /home/orangepi/catkin_ws/devel/share/pybind11_catkin/cmake/pybind11_catkin.cmake:7 (find_package)
  /home/orangepi/catkin_ws/devel/share/pybind11_catkin/cmake/pybind11_catkinConfig.cmake:224 (include)
  /opt/ros/noetic/share/catkin/cmake/catkinConfig.cmake:76 (find_package)
  CMakeLists.txt:64 (find_package)

[0m
[33mCMake Warning (dev) at /opt/ros/noetic/share/pybind11_catkin/cmake/FindPythonLibsNew.cmake:98 (find_package):
  Policy CMP0148 is not set: The FindPythonInterp and FindPythonLibs modules
  are removed.  Run "cmake --help-policy CMP0148" for policy details.  Use
  the cmake_policy command to set the policy and suppress this warning.

[36mCall Stack (most recent call first):[0m
  /opt/ros/noetic/share/pybind11_catkin/cmake/pybind11Tools.cmake:50 (find_package)
  /opt/ros/noetic/share/pybind11_catkin/cmake/pybind11Common.cmake:180 (include)
  /opt/ros/noetic/share/pybind11_catkin/cmake/pybind11Config.cmake:248 (include)
  /home/orangepi/catkin_ws/devel/share/pybind11_catkin/cmake/pybind11_catkin.cmake:7 (find_package)
  /home/orangepi/catkin_ws/devel/share/pybind11_catkin/cmake/pybind11_catkinConfig.cmake:224 (include)
  /opt/ros/noetic/share/catkin/cmake/catkinConfig.cmake:76 (find_package)
  CMakeLists.txt:64 (find_package)
This warning is for project developers.  Use -Wno-dev to suppress it.
[0m
[33mCMake Warning at robot_state/CMakeLists.txt:24 (find_package):
  By not providing "Findbenchmark.cmake" in CMAKE_MODULE_PATH this project
  has asked CMake to find a package configuration file provided by
  "benchmark", but CMake did not find one.

  Could not find a package configuration file provided by "benchmark" with
  any of the following names:

    benchmarkConfig.cmake
    benchmark-config.cmake

  Add the installation prefix of "benchmark" to CMAKE_PREFIX_PATH or set
  "benchmark_DIR" to a directory containing one of the above files.  If
  "benchmark" provides a separate development package or SDK, be sure it has
  been installed.

[0m
