Linked: (/home/orangepi/catkin_ws/devel/.private/moveit_core/include/moveit/moveit_planning_scene_export.h, /home/orangepi/catkin_ws/devel/include/moveit/moveit_planning_scene_export.h)
Linked: (/home/orangepi/catkin_ws/devel/.private/moveit_core/include/moveit/moveit_kinematics_base_export.h, /home/orangepi/catkin_ws/devel/include/moveit/moveit_kinematics_base_export.h)
Linked: (/home/orangepi/catkin_ws/devel/.private/moveit_core/include/moveit/version.h, /home/orangepi/catkin_ws/devel/include/moveit/version.h)
Linked: (/home/orangepi/catkin_ws/devel/.private/moveit_core/lib/libmoveit_planning_request_adapter.so, /home/orangepi/catkin_ws/devel/lib/libmoveit_planning_request_adapter.so)
Linked: (/home/orangepi/catkin_ws/devel/.private/moveit_core/lib/libmoveit_profiler.so.1.1.16, /home/orangepi/catkin_ws/devel/lib/libmoveit_profiler.so.1.1.16)
Linked: (/home/orangepi/catkin_ws/devel/.private/moveit_core/lib/libmoveit_robot_model.so.1.1.16, /home/orangepi/catkin_ws/devel/lib/libmoveit_robot_model.so.1.1.16)
Linked: (/home/orangepi/catkin_ws/devel/.private/moveit_core/lib/libmoveit_robot_trajectory.so.1.1.16, /home/orangepi/catkin_ws/devel/lib/libmoveit_robot_trajectory.so.1.1.16)
Linked: (/home/orangepi/catkin_ws/devel/.private/moveit_core/lib/libmoveit_trajectory_processing.so, /home/orangepi/catkin_ws/devel/lib/libmoveit_trajectory_processing.so)
Linked: (/home/orangepi/catkin_ws/devel/.private/moveit_core/lib/libmoveit_planning_scene.so, /home/orangepi/catkin_ws/devel/lib/libmoveit_planning_scene.so)
Linked: (/home/orangepi/catkin_ws/devel/.private/moveit_core/lib/libmoveit_distance_field.so.1.1.16, /home/orangepi/catkin_ws/devel/lib/libmoveit_distance_field.so.1.1.16)
Linked: (/home/orangepi/catkin_ws/devel/.private/moveit_core/lib/libmoveit_transforms.so.1.1.16, /home/orangepi/catkin_ws/devel/lib/libmoveit_transforms.so.1.1.16)
Linked: (/home/orangepi/catkin_ws/devel/.private/moveit_core/lib/libmoveit_exceptions.so.1.1.16, /home/orangepi/catkin_ws/devel/lib/libmoveit_exceptions.so.1.1.16)
Linked: (/home/orangepi/catkin_ws/devel/.private/moveit_core/lib/libmoveit_collision_detection_bullet.so, /home/orangepi/catkin_ws/devel/lib/libmoveit_collision_detection_bullet.so)
Linked: (/home/orangepi/catkin_ws/devel/.private/moveit_core/lib/libmoveit_background_processing.so.1.1.16, /home/orangepi/catkin_ws/devel/lib/libmoveit_background_processing.so.1.1.16)
Linked: (/home/orangepi/catkin_ws/devel/.private/moveit_core/lib/libmoveit_constraint_samplers.so, /home/orangepi/catkin_ws/devel/lib/libmoveit_constraint_samplers.so)
Linked: (/home/orangepi/catkin_ws/devel/.private/moveit_core/lib/libmoveit_kinematics_base.so, /home/orangepi/catkin_ws/devel/lib/libmoveit_kinematics_base.so)
Linked: (/home/orangepi/catkin_ws/devel/.private/moveit_core/lib/libmoveit_transforms.so, /home/orangepi/catkin_ws/devel/lib/libmoveit_transforms.so)
Linked: (/home/orangepi/catkin_ws/devel/.private/moveit_core/lib/libmoveit_collision_distance_field.so, /home/orangepi/catkin_ws/devel/lib/libmoveit_collision_distance_field.so)
Linked: (/home/orangepi/catkin_ws/devel/.private/moveit_core/lib/libmoveit_test_utils.so, /home/orangepi/catkin_ws/devel/lib/libmoveit_test_utils.so)
Linked: (/home/orangepi/catkin_ws/devel/.private/moveit_core/lib/libcollision_detector_bullet_plugin.so, /home/orangepi/catkin_ws/devel/lib/libcollision_detector_bullet_plugin.so)
Linked: (/home/orangepi/catkin_ws/devel/.private/moveit_core/lib/libmoveit_trajectory_processing.so.1.1.16, /home/orangepi/catkin_ws/devel/lib/libmoveit_trajectory_processing.so.1.1.16)
Linked: (/home/orangepi/catkin_ws/devel/.private/moveit_core/lib/libmoveit_collision_detection_bullet.so.1.1.16, /home/orangepi/catkin_ws/devel/lib/libmoveit_collision_detection_bullet.so.1.1.16)
Linked: (/home/orangepi/catkin_ws/devel/.private/moveit_core/lib/libmoveit_dynamics_solver.so, /home/orangepi/catkin_ws/devel/lib/libmoveit_dynamics_solver.so)
Linked: (/home/orangepi/catkin_ws/devel/.private/moveit_core/lib/libmoveit_robot_state.so.1.1.16, /home/orangepi/catkin_ws/devel/lib/libmoveit_robot_state.so.1.1.16)
Linked: (/home/orangepi/catkin_ws/devel/.private/moveit_core/lib/libmoveit_kinematic_constraints.so, /home/orangepi/catkin_ws/devel/lib/libmoveit_kinematic_constraints.so)
Linked: (/home/orangepi/catkin_ws/devel/.private/moveit_core/lib/libmoveit_python_tools.so.1.1.16, /home/orangepi/catkin_ws/devel/lib/libmoveit_python_tools.so.1.1.16)
Linked: (/home/orangepi/catkin_ws/devel/.private/moveit_core/lib/libmoveit_exceptions.so, /home/orangepi/catkin_ws/devel/lib/libmoveit_exceptions.so)
Linked: (/home/orangepi/catkin_ws/devel/.private/moveit_core/lib/libmoveit_collision_detection.so, /home/orangepi/catkin_ws/devel/lib/libmoveit_collision_detection.so)
Linked: (/home/orangepi/catkin_ws/devel/.private/moveit_core/lib/libmoveit_robot_state.so, /home/orangepi/catkin_ws/devel/lib/libmoveit_robot_state.so)
Linked: (/home/orangepi/catkin_ws/devel/.private/moveit_core/lib/libmoveit_planning_request_adapter.so.1.1.16, /home/orangepi/catkin_ws/devel/lib/libmoveit_planning_request_adapter.so.1.1.16)
Linked: (/home/orangepi/catkin_ws/devel/.private/moveit_core/lib/libmoveit_collision_detection_fcl.so.1.1.16, /home/orangepi/catkin_ws/devel/lib/libmoveit_collision_detection_fcl.so.1.1.16)
Linked: (/home/orangepi/catkin_ws/devel/.private/moveit_core/lib/libmoveit_collision_detection_fcl.so, /home/orangepi/catkin_ws/devel/lib/libmoveit_collision_detection_fcl.so)
Linked: (/home/orangepi/catkin_ws/devel/.private/moveit_core/lib/libmoveit_planning_interface.so, /home/orangepi/catkin_ws/devel/lib/libmoveit_planning_interface.so)
Linked: (/home/orangepi/catkin_ws/devel/.private/moveit_core/lib/libmoveit_constraint_samplers.so.1.1.16, /home/orangepi/catkin_ws/devel/lib/libmoveit_constraint_samplers.so.1.1.16)
Linked: (/home/orangepi/catkin_ws/devel/.private/moveit_core/lib/libcollision_detector_fcl_plugin.so.1.1.16, /home/orangepi/catkin_ws/devel/lib/libcollision_detector_fcl_plugin.so.1.1.16)
Linked: (/home/orangepi/catkin_ws/devel/.private/moveit_core/lib/libmoveit_test_utils.so.1.1.16, /home/orangepi/catkin_ws/devel/lib/libmoveit_test_utils.so.1.1.16)
Linked: (/home/orangepi/catkin_ws/devel/.private/moveit_core/lib/libmoveit_distance_field.so, /home/orangepi/catkin_ws/devel/lib/libmoveit_distance_field.so)
Linked: (/home/orangepi/catkin_ws/devel/.private/moveit_core/lib/libcollision_detector_bullet_plugin.so.1.1.16, /home/orangepi/catkin_ws/devel/lib/libcollision_detector_bullet_plugin.so.1.1.16)
Linked: (/home/orangepi/catkin_ws/devel/.private/moveit_core/lib/libmoveit_background_processing.so, /home/orangepi/catkin_ws/devel/lib/libmoveit_background_processing.so)
Linked: (/home/orangepi/catkin_ws/devel/.private/moveit_core/lib/libmoveit_robot_model.so, /home/orangepi/catkin_ws/devel/lib/libmoveit_robot_model.so)
Linked: (/home/orangepi/catkin_ws/devel/.private/moveit_core/lib/libmoveit_kinematics_base.so.1.1.16, /home/orangepi/catkin_ws/devel/lib/libmoveit_kinematics_base.so.1.1.16)
Linked: (/home/orangepi/catkin_ws/devel/.private/moveit_core/lib/libcollision_detector_fcl_plugin.so, /home/orangepi/catkin_ws/devel/lib/libcollision_detector_fcl_plugin.so)
Linked: (/home/orangepi/catkin_ws/devel/.private/moveit_core/lib/libmoveit_collision_detection.so.1.1.16, /home/orangepi/catkin_ws/devel/lib/libmoveit_collision_detection.so.1.1.16)
Linked: (/home/orangepi/catkin_ws/devel/.private/moveit_core/lib/libmoveit_utils.so.1.1.16, /home/orangepi/catkin_ws/devel/lib/libmoveit_utils.so.1.1.16)
Linked: (/home/orangepi/catkin_ws/devel/.private/moveit_core/lib/libmoveit_dynamics_solver.so.1.1.16, /home/orangepi/catkin_ws/devel/lib/libmoveit_dynamics_solver.so.1.1.16)
Linked: (/home/orangepi/catkin_ws/devel/.private/moveit_core/lib/libmoveit_planning_interface.so.1.1.16, /home/orangepi/catkin_ws/devel/lib/libmoveit_planning_interface.so.1.1.16)
Linked: (/home/orangepi/catkin_ws/devel/.private/moveit_core/lib/libmoveit_planning_scene.so.1.1.16, /home/orangepi/catkin_ws/devel/lib/libmoveit_planning_scene.so.1.1.16)
Linked: (/home/orangepi/catkin_ws/devel/.private/moveit_core/lib/libmoveit_kinematics_metrics.so.1.1.16, /home/orangepi/catkin_ws/devel/lib/libmoveit_kinematics_metrics.so.1.1.16)
Linked: (/home/orangepi/catkin_ws/devel/.private/moveit_core/lib/libmoveit_kinematics_metrics.so, /home/orangepi/catkin_ws/devel/lib/libmoveit_kinematics_metrics.so)
Linked: (/home/orangepi/catkin_ws/devel/.private/moveit_core/lib/libmoveit_robot_trajectory.so, /home/orangepi/catkin_ws/devel/lib/libmoveit_robot_trajectory.so)
Linked: (/home/orangepi/catkin_ws/devel/.private/moveit_core/lib/libmoveit_collision_distance_field.so.1.1.16, /home/orangepi/catkin_ws/devel/lib/libmoveit_collision_distance_field.so.1.1.16)
Linked: (/home/orangepi/catkin_ws/devel/.private/moveit_core/lib/libmoveit_kinematic_constraints.so.1.1.16, /home/orangepi/catkin_ws/devel/lib/libmoveit_kinematic_constraints.so.1.1.16)
Linked: (/home/orangepi/catkin_ws/devel/.private/moveit_core/lib/libmoveit_profiler.so, /home/orangepi/catkin_ws/devel/lib/libmoveit_profiler.so)
Linked: (/home/orangepi/catkin_ws/devel/.private/moveit_core/lib/libmoveit_python_tools.so, /home/orangepi/catkin_ws/devel/lib/libmoveit_python_tools.so)
Linked: (/home/orangepi/catkin_ws/devel/.private/moveit_core/lib/libmoveit_utils.so, /home/orangepi/catkin_ws/devel/lib/libmoveit_utils.so)
Linked: (/home/orangepi/catkin_ws/devel/.private/moveit_core/lib/python3/dist-packages/pymoveit_core.cpython-38-aarch64-linux-gnu.so, /home/orangepi/catkin_ws/devel/lib/python3/dist-packages/pymoveit_core.cpython-38-aarch64-linux-gnu.so)
Linked: (/home/orangepi/catkin_ws/devel/.private/moveit_core/lib/python3/dist-packages/moveit/__init__.py, /home/orangepi/catkin_ws/devel/lib/python3/dist-packages/moveit/__init__.py)
Linked: (/home/orangepi/catkin_ws/devel/.private/moveit_core/lib/pkgconfig/moveit_core.pc, /home/orangepi/catkin_ws/devel/lib/pkgconfig/moveit_core.pc)
Linked: (/home/orangepi/catkin_ws/devel/.private/moveit_core/lib/moveit_core/moveit_version, /home/orangepi/catkin_ws/devel/lib/moveit_core/moveit_version)
Linked: (/home/orangepi/catkin_ws/devel/.private/moveit_core/share/moveit_core/cmake/moveit_coreConfig-version.cmake, /home/orangepi/catkin_ws/devel/share/moveit_core/cmake/moveit_coreConfig-version.cmake)
Linked: (/home/orangepi/catkin_ws/devel/.private/moveit_core/share/moveit_core/cmake/moveit_coreConfig.cmake, /home/orangepi/catkin_ws/devel/share/moveit_core/cmake/moveit_coreConfig.cmake)
