Not searching for unused variables given on the command line.
[0mCMake Deprecation Warning at CMakeLists.txt:1 (CMAKE_MINIMUM_REQUIRED):
  Compatibility with CMake < 3.10 will be removed from a future version of
  CMake.

  Update the VERSION argument <min> value.  Or, use the <min>...<max> syntax
  to tell CMake that the project requires at least <min> but has been updated
  to work with policies introduced by <max> or earlier.

[0m
[0m
[0m
[36m--[0m octovis building as Release
[36m--[0m Found octomap version: 1.9.8
[33mCMake Warning (dev) at /usr/local/share/cmake-4.1/Modules/FindOpenGL.cmake:415 (message):
  Policy CMP0072 is not set: FindOpenGL prefers GLVND by default when
  available.  Run "cmake --help-policy CMP0072" for policy details.  Use the
  cmake_policy command to set the policy and suppress this warning.

  FindOpenGL found both a legacy GL library:

    OPENGL_gl_LIBRARY: /usr/lib/aarch64-linux-gnu/libGL.so

  and GLVND libraries for OpenGL and GLX:

    OPENGL_opengl_LIBRARY: /usr/lib/aarch64-linux-gnu/libOpenGL.so
    OPENGL_glx_LIBRARY: /usr/lib/aarch64-linux-gnu/libGLX.so

  OpenGL_GL_PREFERENCE has not been set to "GLVND" or "LEGACY", so for
  compatibility with CMake 3.10 and below the legacy GL library will be used.
[36mCall Stack (most recent call first):[0m
  CMakeLists.txt:71 (FIND_PACKAGE)
This warning is for project developers.  Use -Wno-dev to suppress it.
[0m
[36m--[0m QGLViewer includes found in /home/orangepi/catkin_ws/src/octomap/octovis/src/extern/QGLViewer
[36m--[0m QGLViewer found in /home/orangepi/catkin_ws/src/octomap/octovis/src/extern/QGLViewer/libQGLViewer.so
--

[36m--[0m viewer octovis will be built
[36m--[0m Configuring done (0.1s)
[36m--[0m Generating done (0.0s)
[36m--[0m Build files have been written to: /home/orangepi/catkin_ws/build/octovis
